Component: Arm Compiler for Embedded 6.24 Tool: armlink [5f371500]

==============================================================================

Section Cross References

    startup_stm32g474xx.o(STACK) refers (Special) to heapauxi.o(.text) for __use_two_region_memory
    startup_stm32g474xx.o(HEAP) refers (Special) to heapauxi.o(.text) for __use_two_region_memory
    startup_stm32g474xx.o(RESET) refers (Special) to heapauxi.o(.text) for __use_two_region_memory
    startup_stm32g474xx.o(RESET) refers to startup_stm32g474xx.o(STACK) for __initial_sp
    startup_stm32g474xx.o(RESET) refers to startup_stm32g474xx.o(.text) for Reset_Handler
    startup_stm32g474xx.o(RESET) refers to stm32g4xx_it.o(.text.NMI_Handler) for NMI_Handler
    startup_stm32g474xx.o(RESET) refers to stm32g4xx_it.o(.text.HardFault_Handler) for HardFault_Handler
    startup_stm32g474xx.o(RESET) refers to stm32g4xx_it.o(.text.MemManage_Handler) for MemManage_Handler
    startup_stm32g474xx.o(RESET) refers to stm32g4xx_it.o(.text.BusFault_Handler) for BusFault_Handler
    startup_stm32g474xx.o(RESET) refers to stm32g4xx_it.o(.text.UsageFault_Handler) for UsageFault_Handler
    startup_stm32g474xx.o(RESET) refers to stm32g4xx_it.o(.text.SVC_Handler) for SVC_Handler
    startup_stm32g474xx.o(RESET) refers to stm32g4xx_it.o(.text.DebugMon_Handler) for DebugMon_Handler
    startup_stm32g474xx.o(RESET) refers to stm32g4xx_it.o(.text.PendSV_Handler) for PendSV_Handler
    startup_stm32g474xx.o(RESET) refers to stm32g4xx_it.o(.text.SysTick_Handler) for SysTick_Handler
    startup_stm32g474xx.o(RESET) refers to stm32g4xx_it.o(.text.DMA1_Channel1_IRQHandler) for DMA1_Channel1_IRQHandler
    startup_stm32g474xx.o(RESET) refers to stm32g4xx_it.o(.text.DMA1_Channel2_IRQHandler) for DMA1_Channel2_IRQHandler
    startup_stm32g474xx.o(RESET) refers to stm32g4xx_it.o(.text.FDCAN1_IT0_IRQHandler) for FDCAN1_IT0_IRQHandler
    startup_stm32g474xx.o(RESET) refers to stm32g4xx_it.o(.text.FDCAN1_IT1_IRQHandler) for FDCAN1_IT1_IRQHandler
    startup_stm32g474xx.o(RESET) refers to stm32g4xx_it.o(.text.TIM6_DAC_IRQHandler) for TIM6_DAC_IRQHandler
    startup_stm32g474xx.o(RESET) refers to stm32g4xx_it.o(.text.TIM7_DAC_IRQHandler) for TIM7_DAC_IRQHandler
    startup_stm32g474xx.o(RESET) refers to stm32g4xx_it.o(.text.FDCAN2_IT0_IRQHandler) for FDCAN2_IT0_IRQHandler
    startup_stm32g474xx.o(RESET) refers to stm32g4xx_it.o(.text.FDCAN2_IT1_IRQHandler) for FDCAN2_IT1_IRQHandler
    startup_stm32g474xx.o(RESET) refers to stm32g4xx_it.o(.text.FDCAN3_IT0_IRQHandler) for FDCAN3_IT0_IRQHandler
    startup_stm32g474xx.o(RESET) refers to stm32g4xx_it.o(.text.FDCAN3_IT1_IRQHandler) for FDCAN3_IT1_IRQHandler
    startup_stm32g474xx.o(.text) refers (Special) to heapauxi.o(.text) for __use_two_region_memory
    startup_stm32g474xx.o(.text) refers to system_stm32g4xx.o(.text.SystemInit) for SystemInit
    startup_stm32g474xx.o(.text) refers to __main.o(!!!main) for __main
    startup_stm32g474xx.o(.text) refers to startup_stm32g474xx.o(HEAP) for Heap_Mem
    startup_stm32g474xx.o(.text) refers to startup_stm32g474xx.o(STACK) for Stack_Mem
    main.o(.text.main) refers to stm32g4xx_hal.o(.text.HAL_Init) for HAL_Init
    main.o(.text.main) refers to stm32g4xx_hal_pwr_ex.o(.text.HAL_PWREx_ControlVoltageScaling) for HAL_PWREx_ControlVoltageScaling
    main.o(.text.main) refers to stm32g4xx_hal_rcc.o(.text.HAL_RCC_OscConfig) for HAL_RCC_OscConfig
    main.o(.text.main) refers to stm32g4xx_hal_rcc.o(.text.HAL_RCC_ClockConfig) for HAL_RCC_ClockConfig
    main.o(.text.main) refers to gpio.o(.text.MX_GPIO_Init) for MX_GPIO_Init
    main.o(.text.main) refers to dma.o(.text.MX_DMA_Init) for MX_DMA_Init
    main.o(.text.main) refers to fdcan.o(.text.MX_FDCAN1_Init) for MX_FDCAN1_Init
    main.o(.text.main) refers to fdcan.o(.text.MX_FDCAN2_Init) for MX_FDCAN2_Init
    main.o(.text.main) refers to fdcan.o(.text.MX_FDCAN3_Init) for MX_FDCAN3_Init
    main.o(.text.main) refers to tim.o(.text.MX_TIM2_Init) for MX_TIM2_Init
    main.o(.text.main) refers to tim.o(.text.MX_TIM5_Init) for MX_TIM5_Init
    main.o(.text.main) refers to usart.o(.text.MX_USART2_UART_Init) for MX_USART2_UART_Init
    main.o(.text.main) refers to tim.o(.text.MX_TIM6_Init) for MX_TIM6_Init
    main.o(.text.main) refers to tim.o(.text.MX_TIM7_Init) for MX_TIM7_Init
    main.o(.text.main) refers to key_bsp.o(.text.Button_Init) for Button_Init
    main.o(.text.main) refers to tim.o(.bss.htim2) for htim2
    main.o(.text.main) refers to tim.o(.bss.htim5) for htim5
    main.o(.text.main) refers to tim.o(.bss.htim6) for htim6
    main.o(.text.main) refers to stm32g4xx_hal_tim.o(.text.HAL_TIM_Base_Start_IT) for HAL_TIM_Base_Start_IT
    main.o(.text.main) refers to tim.o(.bss.htim7) for htim7
    main.o(.text.main) refers to key_bsp.o(.text.Button_Function_Execute) for Button_Function_Execute
    main.o(.text.main) refers to stm32g4xx_hal.o(.text.HAL_Delay) for HAL_Delay
[...]
    [Anonymous Symbol]                       0x08000884   Section        0  main.o(.text.Error_Handler)
    [Anonymous Symbol]                       0x08000890   Section        0  stm32g4xx_it.o(.text.FDCAN1_IT0_IRQHandler)
    [Anonymous Symbol]                       0x0800089c   Section        0  stm32g4xx_it.o(.text.FDCAN1_IT1_IRQHandler)
    [Anonymous Symbol]                       0x080008a8   Section        0  stm32g4xx_it.o(.text.FDCAN2_IT0_IRQHandler)
    [Anonymous Symbol]                       0x080008b4   Section        0  stm32g4xx_it.o(.text.FDCAN2_IT1_IRQHandler)
    [Anonymous Symbol]                       0x080008c0   Section        0  stm32g4xx_it.o(.text.FDCAN3_IT0_IRQHandler)
    [Anonymous Symbol]                       0x080008cc   Section        0  stm32g4xx_it.o(.text.FDCAN3_IT1_IRQHandler)
    [Anonymous Symbol]                       0x080008d8   Section        0  fdcan_bsp.o(.text.FDCAN_SendData)
    [Anonymous Symbol]                       0x0800099c   Section        0  stm32g4xx_hal_dma.o(.text.HAL_DMA_Abort_IT)
    [Anonymous Symbol]                       0x08000a1c   Section        0  stm32g4xx_hal_dma.o(.text.HAL_DMA_IRQHandler)
    [Anonymous Symbol]                       0x08000ac8   Section        0  stm32g4xx_hal_dma.o(.text.HAL_DMA_Init)
    [Anonymous Symbol]                       0x08000be0   Section        0  stm32g4xx_hal_dma.o(.text.HAL_DMA_Start_IT)
    [Anonymous Symbol]                       0x08000cc8   Section        0  stm32g4xx_hal.o(.text.HAL_Delay)
    [Anonymous Symbol]                       0x08000cf0   Section        0  stm32g4xx_hal_fdcan.o(.text.HAL_FDCAN_AddMessageToTxFifoQ)
    [Anonymous Symbol]                       0x08000da8   Section        0  stm32g4xx_hal_fdcan.o(.text.HAL_FDCAN_ErrorCallback)
    [Anonymous Symbol]                       0x08000dac   Section        0  stm32g4xx_hal_fdcan.o(.text.HAL_FDCAN_ErrorStatusCallback)
    [Anonymous Symbol]                       0x08000db0   Section        0  stm32g4xx_hal_fdcan.o(.text.HAL_FDCAN_GetRxMessage)
    [Anonymous Symbol]                       0x08000f08   Section        0  stm32g4xx_hal_fdcan.o(.text.HAL_FDCAN_HighPriorityMessageCallback)
    [Anonymous Symbol]                       0x08000f0c   Section        0  stm32g4xx_hal_fdcan.o(.text.HAL_FDCAN_IRQHandler)
    [Anonymous Symbol]                       0x08001088   Section        0  stm32g4xx_hal_fdcan.o(.text.HAL_FDCAN_Init)
    [Anonymous Symbol]                       0x080012f0   Section        0  fdcan.o(.text.HAL_FDCAN_MspInit)
    [Anonymous Symbol]                       0x08001494   Section        0  main.o(.text.HAL_FDCAN_RxFifo0Callback)
    [Anonymous Symbol]                       0x080014f8   Section        0  main.o(.text.HAL_FDCAN_RxFifo1Callback)
    [Anonymous Symbol]                       0x08001534   Section        0  stm32g4xx_hal_fdcan.o(.text.HAL_FDCAN_TimeoutOccurredCallback)
    [Anonymous Symbol]                       0x08001538   Section        0  stm32g4xx_hal_fdcan.o(.text.HAL_FDCAN_TimestampWraparoundCallback)
    [Anonymous Symbol]                       0x0800153c   Section        0  stm32g4xx_hal_fdcan.o(.text.HAL_FDCAN_TxBufferAbortCallback)
    [Anonymous Symbol]                       0x08001540   Section        0  stm32g4xx_hal_fdcan.o(.text.HAL_FDCAN_TxBufferCompleteCallback)
    [Anonymous Symbol]                       0x08001544   Section        0  stm32g4xx_hal_fdcan.o(.text.HAL_FDCAN_TxEventFifoCallback)
    [Anonymous Symbol]                       0x08001548   Section        0  stm32g4xx_hal_fdcan.o(.text.HAL_FDCAN_TxFifoEmptyCallback)
    [Anonymous Symbol]                       0x0800154c   Section        0  stm32g4xx_hal_gpio.o(.text.HAL_GPIO_Init)
    [Anonymous Symbol]                       0x08001700   Section        0  stm32g4xx_hal_gpio.o(.text.HAL_GPIO_ReadPin)
    [Anonymous Symbol]                       0x0800170c   Section        0  stm32g4xx_hal.o(.text.HAL_GetTick)
    [Anonymous Symbol]                       0x08001718   Section        0  stm32g4xx_hal.o(.text.HAL_IncTick)
    [Anonymous Symbol]                       0x08001734   Section        0  stm32g4xx_hal.o(.text.HAL_Init)
    [Anonymous Symbol]                       0x08001754   Section        0  stm32g4xx_hal.o(.text.HAL_InitTick)
    [Anonymous Symbol]                       0x080017a4   Section        0  stm32g4xx_hal_msp.o(.text.HAL_MspInit)
    [Anonymous Symbol]                       0x080017d8   Section        0  stm32g4xx_hal_cortex.o(.text.HAL_NVIC_EnableIRQ)
    [Anonymous Symbol]                       0x080017fc   Section        0  stm32g4xx_hal_cortex.o(.text.HAL_NVIC_SetPriority)
    [Anonymous Symbol]                       0x08001854   Section        0  stm32g4xx_hal_cortex.o(.text.HAL_NVIC_SetPriorityGrouping)
    [Anonymous Symbol]                       0x08001874   Section        0  stm32g4xx_hal_pwr_ex.o(.text.HAL_PWREx_ControlVoltageScaling)
    [Anonymous Symbol]                       0x08001984   Section        0  stm32g4xx_hal_pwr_ex.o(.text.HAL_PWREx_DisableUCPDDeadBattery)
    [Anonymous Symbol]                       0x08001998   Section        0  stm32g4xx_hal_rcc_ex.o(.text.HAL_RCCEx_PeriphCLKConfig)
    [Anonymous Symbol]                       0x08001c70   Section        0  stm32g4xx_hal_rcc.o(.text.HAL_RCC_ClockConfig)
    [Anonymous Symbol]                       0x08001f74   Section        0  stm32g4xx_hal_rcc.o(.text.HAL_RCC_GetPCLK1Freq)
    [Anonymous Symbol]                       0x08001fa0   Section        0  stm32g4xx_hal_rcc.o(.text.HAL_RCC_GetPCLK2Freq)
    [Anonymous Symbol]                       0x08001fcc   Section        0  stm32g4xx_hal_rcc.o(.text.HAL_RCC_GetSysClockFreq)
    [Anonymous Symbol]                       0x08002050   Section        0  stm32g4xx_hal_rcc.o(.text.HAL_RCC_OscConfig)
    [Anonymous Symbol]                       0x08002520   Section        0  stm32g4xx_hal_cortex.o(.text.HAL_SYSTICK_Config)
    [Anonymous Symbol]                       0x0800254c   Section        0  stm32g4xx_hal_tim_ex.o(.text.HAL_TIMEx_Break2Callback)
    [Anonymous Symbol]                       0x08002550   Section        0  stm32g4xx_hal_tim_ex.o(.text.HAL_TIMEx_BreakCallback)
    [Anonymous Symbol]                       0x08002554   Section        0  stm32g4xx_hal_tim_ex.o(.text.HAL_TIMEx_CommutCallback)
    [Anonymous Symbol]                       0x08002558   Section        0  stm32g4xx_hal_tim_ex.o(.text.HAL_TIMEx_DirectionChangeCallback)
    [Anonymous Symbol]                       0x0800255c   Section        0  stm32g4xx_hal_tim_ex.o(.text.HAL_TIMEx_EncoderIndexCallback)
    [Anonymous Symbol]                       0x08002560   Section        0  stm32g4xx_hal_tim_ex.o(.text.HAL_TIMEx_IndexErrorCallback)
    [Anonymous Symbol]                       0x08002564   Section        0  stm32g4xx_hal_tim_ex.o(.text.HAL_TIMEx_MasterConfigSynchronization)
    [Anonymous Symbol]                       0x08002644   Section        0  stm32g4xx_hal_tim_ex.o(.text.HAL_TIMEx_TransitionErrorCallback)
    [Anonymous Symbol]                       0x08002648   Section        0  stm32g4xx_hal_tim.o(.text.HAL_TIM_Base_Init)
    [Anonymous Symbol]                       0x080026ac   Section        0  tim.o(.text.HAL_TIM_Base_MspInit)
    [Anonymous Symbol]                       0x080027e4   Section        0  stm32g4xx_hal_tim.o(.text.HAL_TIM_Base_Start_IT)
    [Anonymous Symbol]                       0x080028a0   Section        0  stm32g4xx_hal_tim.o(.text.HAL_TIM_ConfigClockSource)
    [Anonymous Symbol]                       0x08002ac0   Section        0  stm32g4xx_hal_tim.o(.text.HAL_TIM_ErrorCallback)
    [Anonymous Symbol]                       0x08002ac4   Section        0  stm32g4xx_hal_tim.o(.text.HAL_TIM_IC_CaptureCallback)
    [Anonymous Symbol]                       0x08002ac8   Section        0  stm32g4xx_hal_tim.o(.text.HAL_TIM_IRQHandler)
    [Anonymous Symbol]                       0x08002c94   Section        0  stm32g4xx_hal_tim.o(.text.HAL_TIM_OC_DelayElapsedCallback)
    [Anonymous Symbol]                       0x08002c98   Section        0  stm32g4xx_hal_tim.o(.text.HAL_TIM_PWM_ConfigChannel)
    [Anonymous Symbol]                       0x08003094   Section        0  stm32g4xx_hal_tim.o(.text.HAL_TIM_PWM_Init)
    [Anonymous Symbol]                       0x080030f8   Section        0  stm32g4xx_hal_tim.o(.text.HAL_TIM_PWM_MspInit)
    [Anonymous Symbol]                       0x080030fc   Section        0  stm32g4xx_hal_tim.o(.text.HAL_TIM_PWM_PulseFinishedCallback)
    [Anonymous Symbol]                       0x08003100   Section        0  stm32g4xx_hal_tim.o(.text.HAL_TIM_PWM_PulseFinishedHalfCpltCallback)
    [Anonymous Symbol]                       0x08003104   Section        0  stm32g4xx_hal_tim.o(.text.HAL_TIM_PWM_Start_DMA)
    [Anonymous Symbol]                       0x08003408   Section        0  stm32g4xx_hal_tim.o(.text.HAL_TIM_PWM_Stop_DMA)
    [Anonymous Symbol]                       0x080034e4   Section        0  main.o(.text.HAL_TIM_PeriodElapsedCallback)
    [Anonymous Symbol]                       0x08003520   Section        0  stm32g4xx_hal_tim.o(.text.HAL_TIM_TriggerCallback)
    [Anonymous Symbol]                       0x08003524   Section        0  stm32g4xx_hal_uart_ex.o(.text.HAL_UARTEx_DisableFifoMode)
    [Anonymous Symbol]                       0x0800355c   Section        0  stm32g4xx_hal_uart_ex.o(.text.HAL_UARTEx_SetRxFifoThreshold)
    [Anonymous Symbol]                       0x080035e8   Section        0  stm32g4xx_hal_uart_ex.o(.text.HAL_UARTEx_SetTxFifoThreshold)
    [Anonymous Symbol]                       0x08003674   Section        0  stm32g4xx_hal_uart.o(.text.HAL_UART_Init)
    [Anonymous Symbol]                       0x080036d8   Section        0  usart.o(.text.HAL_UART_MspInit)
    [Anonymous Symbol]                       0x08003768   Section        0  stm32g4xx_it.o(.text.HardFault_Handler)
    [Anonymous Symbol]                       0x0800376c   Section        0  dma.o(.text.MX_DMA_Init)
    [Anonymous Symbol]                       0x080037c4   Section        0  fdcan.o(.text.MX_FDCAN1_Init)
    [Anonymous Symbol]                       0x08003820   Section        0  fdcan.o(.text.MX_FDCAN2_Init)
    [Anonymous Symbol]                       0x0800387c   Section        0  fdcan.o(.text.MX_FDCAN3_Init)
    [Anonymous Symbol]                       0x080038d8   Section        0  gpio.o(.text.MX_GPIO_Init)
    [Anonymous Symbol]                       0x08003994   Section        0  tim.o(.text.MX_TIM2_Init)
    [Anonymous Symbol]                       0x08003adc   Section        0  tim.o(.text.MX_TIM5_Init)
    [Anonymous Symbol]                       0x08003c20   Section        0  tim.o(.text.MX_TIM6_Init)
    [Anonymous Symbol]                       0x08003c70   Section        0  tim.o(.text.MX_TIM7_Init)
    [Anonymous Symbol]                       0x08003cc0   Section        0  usart.o(.text.MX_USART2_UART_Init)
    [Anonymous Symbol]                       0x08003d44   Section        0  stm32g4xx_it.o(.text.MemManage_Handler)
    [Anonymous Symbol]                       0x08003d48   Section        0  stm32g4xx_it.o(.text.NMI_Handler)
    [Anonymous Symbol]                       0x08003d4c   Section        0  key_bsp.o(.text.OFFENSIVE_RESET)
    [Anonymous Symbol]                       0x08003d64   Section        0  stm32g4xx_it.o(.text.PendSV_Handler)
    [Anonymous Symbol]                       0x08003d68   Section        0  key_bsp.o(.text.RESERVED1_BEGIN)
    [Anonymous Symbol]                       0x08003d80   Section        0  key_bsp.o(.text.RESERVED2_BEGIN)
    [Anonymous Symbol]                       0x08003d98   Section        0  key_bsp.o(.text.Refresh_Button_State)
    [Anonymous Symbol]                       0x080040b8   Section        0  heartbeat.o(.text.Refresh_HeartBeat_Time)
    [Anonymous Symbol]                       0x08004214   Section        0  key_bsp.o(.text.SELF_TEST_BEGIN)
    [Anonymous Symbol]                       0x0800422c   Section        0  stm32g4xx_it.o(.text.SVC_Handler)
    [Anonymous Symbol]                       0x08004230   Section        0  stm32g4xx_it.o(.text.SysTick_Handler)
    [Anonymous Symbol]                       0x08004234   Section        0  system_stm32g4xx.o(.text.SystemInit)
    [Anonymous Symbol]                       0x08004248   Section        0  stm32g4xx_it.o(.text.TIM6_DAC_IRQHandler)
    [Anonymous Symbol]                       0x08004254   Section        0  stm32g4xx_it.o(.text.TIM7_DAC_IRQHandler)
    [Anonymous Symbol]                       0x08004260   Section        0  stm32g4xx_hal_tim.o(.text.TIM_Base_SetConfig)
    TIM_DMADelayPulseCplt                    0x080043b5   Thumb Code   106  stm32g4xx_hal_tim.o(.text.TIM_DMADelayPulseCplt)
    [Anonymous Symbol]                       0x080043b4   Section        0  stm32g4xx_hal_tim.o(.text.TIM_DMADelayPulseCplt)
    [Anonymous Symbol]                       0x08004420   Section        0  stm32g4xx_hal_tim.o(.text.TIM_DMADelayPulseHalfCplt)
    [Anonymous Symbol]                       0x08004458   Section        0  stm32g4xx_hal_tim.o(.text.TIM_DMAError)
    [Anonymous Symbol]                       0x080044b8   Section        0  stm32g4xx_hal_uart.o(.text.UART_AdvFeatureConfig)
    [Anonymous Symbol]                       0x080045a0   Section        0  stm32g4xx_hal_uart.o(.text.UART_CheckIdleState)
    [Anonymous Symbol]                       0x0800470c   Section        0  stm32g4xx_hal_uart.o(.text.UART_SetConfig)
    [Anonymous Symbol]                       0x080049c0   Section        0  stm32g4xx_hal_uart.o(.text.UART_WaitOnFlagUntilTimeout)
    [Anonymous Symbol]                       0x08004cf8   Section        0  stm32g4xx_it.o(.text.UsageFault_Handler)
    [Anonymous Symbol]                       0x08004cfc   Section        0  ws2812.o(.text.WS2812_DisPlay_HeartBeat_Error)
    [Anonymous Symbol]                       0x0800521c   Section        0  ws2812.o(.text.WS2812_NewRound_Send)
    [Anonymous Symbol]                       0x0800524c   Section        0  ws2812.o(.text.WS2812_Set_Single_Color)
    [Anonymous Symbol]                       0x0800542c   Section        0  main.o(.text.main)
    $v0                                      0x0800551c   Number         0  fpinit.o(x$fpl$fpinit)
    x$fpl$fpinit                             0x0800551c   Section       26  fpinit.o(x$fpl$fpinit)
    buttonActions                            0x080055a4   Data          96  key_bsp.o(.rodata.buttonActions)
    [Anonymous Symbol]                       0x080055a4   Section        0  key_bsp.o(.rodata.buttonActions)
    DLCtoBytes                               0x08005604   Data          16  stm32g4xx_hal_fdcan.o(.rodata.cst16)
    [Anonymous Symbol]                       0x08005604   Section        0  stm32g4xx_hal_fdcan.o(.rodata.cst16)
    .Lswitch.table.HAL_TIM_IC_Start_IT       0x08005614   Data          16  stm32g4xx_hal_tim.o(.rodata.cst16)
    .Lswitch.table.HAL_TIM_IC_Stop_IT        0x08005624   Data          16  stm32g4xx_hal_tim.o(.rodata.cst16)
    .Lswitch.table.HAL_TIM_IC_Stop_DMA       0x08005634   Data          16  stm32g4xx_hal_tim.o(.rodata.cst16)
    .Lswitch.table.UART_SetConfig.5          0x08005644   Data          16  stm32g4xx_hal_uart.o(.rodata.cst16)
    UARTEx_SetNbDataToProcess.numerator      0x08005654   Data           8  stm32g4xx_hal_uart_ex.o(.rodata.cst8)
    [Anonymous Symbol]                       0x08005654   Section        0  stm32g4xx_hal_uart_ex.o(.rodata.cst8)
    UARTEx_SetNbDataToProcess.denominator    0x0800565c   Data           8  stm32g4xx_hal_uart_ex.o(.rodata.cst8)
    .L_MergedGlobals                         0x20000000   Data           8  stm32g4xx_hal.o(.data..L_MergedGlobals)
    [Anonymous Symbol]                       0x20000000   Section        0  stm32g4xx_hal.o(.data..L_MergedGlobals)
    .L_MergedGlobals                         0x20000008   Data          10  ws2812.o(.data..L_MergedGlobals)
    [Anonymous Symbol]                       0x20000008   Section        0  ws2812.o(.data..L_MergedGlobals)
    .compoundliteral                         0x20000012   Data           6  key_bsp.o(.data..compoundliteral)
    [Anonymous Symbol]                       0x20000012   Section        0  key_bsp.o(.data..compoundliteral)
    .compoundliteral.1                       0x20000018   Data           6  key_bsp.o(.data..compoundliteral.1)
    [Anonymous Symbol]                       0x20000018   Section        0  key_bsp.o(.data..compoundliteral.1)
    .compoundliteral.2                       0x2000001e   Data           6  key_bsp.o(.data..compoundliteral.2)
    [Anonymous Symbol]                       0x2000001e   Section        0  key_bsp.o(.data..compoundliteral.2)
    .compoundliteral.3                       0x20000024   Data           6  key_bsp.o(.data..compoundliteral.3)
    [Anonymous Symbol]                       0x20000024   Section        0  key_bsp.o(.data..compoundliteral.3)
    .bss                                     0x20000038   Section       96  libspace.o(.bss)
    .L_MergedGlobals                         0x20000098   Data          48  heartbeat.o(.bss..L_MergedGlobals)
    [Anonymous Symbol]                       0x20000098   Section        0  heartbeat.o(.bss..L_MergedGlobals)
    HAL_RCC_FDCAN_CLK_ENABLED                0x20000200   Data           4  fdcan.o(.bss.HAL_RCC_FDCAN_CLK_ENABLED)
    [Anonymous Symbol]                       0x20000200   Section        0  fdcan.o(.bss.HAL_RCC_FDCAN_CLK_ENABLED)
    Heap_Mem                                 0x20001050   Data         512  startup_stm32g474xx.o(HEAP)
    HEAP                                     0x20001050   Section      512  startup_stm32g474xx.o(HEAP)
    Stack_Mem                                0x20001250   Data        1024  startup_stm32g474xx.o(STACK)
    STACK                                    0x20001250   Section     1024  startup_stm32g474xx.o(STACK)
    __initial_sp                             0x20001650   Data           0  startup_stm32g474xx.o(STACK)

    Global Symbols

    Symbol Name                              Value     Ov Type        Size  Object(Section)

    BuildAttributes$$THM_ISAv4$E$P$D$K$B$S$7EM$VFPi3$EXTD16$VFPS$VFMA$PE$A:L22UL41UL21$X:L11$S22US41US21$IEEE1$IW$~IW$USESV6$~STKCKD$USESV7$~SHL$OTIME$ROPI$EBA8$UX$STANDARDLIB$REQ8$PRES8$EABIv2 0x00000000   Number         0  anon$$obj.o ABSOLUTE
    __ARM_exceptions_init                     - Undefined Weak Reference
    __alloca_initialize                       - Undefined Weak Reference
    __arm_preinit_                            - Undefined Weak Reference
    __arm_relocate_pie_                       - Undefined Weak Reference
    __cpp_initialize__aeabi_                  - Undefined Weak Reference
    __cxa_finalize                            - Undefined Weak Reference
    __rt_locale                               - Undefined Weak Reference
    __sigvec_lookup                           - Undefined Weak Reference
    _atexit_init                              - Undefined Weak Reference
    _call_atexit_fns                          - Undefined Weak Reference
    _clock_init                               - Undefined Weak Reference
    _fp_trap_init                             - Undefined Weak Reference
    _fp_trap_shutdown                         - Undefined Weak Reference
    _get_lc_collate                           - Undefined Weak Reference
    _get_lc_ctype                             - Undefined Weak Reference
    _get_lc_monetary                          - Undefined Weak Reference
    _get_lc_numeric                           - Undefined Weak Reference
    _get_lc_time                              - Undefined Weak Reference
    _getenv_init                              - Undefined Weak Reference
    _handle_redirection                       - Undefined Weak Reference
    _init_alloc                               - Undefined Weak Reference
    _init_user_alloc                          - Undefined Weak Reference
    _initio                                   - Undefined Weak Reference
    _rand_init                                - Undefined Weak Reference
    _signal_finish                            - Undefined Weak Reference
    _signal_init                              - Undefined Weak Reference
    _terminate_alloc                          - Undefined Weak Reference
    _terminate_user_alloc                     - Undefined Weak Reference
    _terminateio                              - Undefined Weak Reference
    __Vectors_Size                           0x000001d8   Number         0  startup_stm32g474xx.o ABSOLUTE
    __Vectors                                0x08000000   Data           4  startup_stm32g474xx.o(RESET)
    __Vectors_End                            0x080001d8   Data           0  startup_stm32g474xx.o(RESET)
    __main                                   0x080001d9   Thumb Code     8  __main.o(!!!main)
    __scatterload                            0x080001e1   Thumb Code     0  __scatter.o(!!!scatter)
    __scatterload_rt2                        0x080001e1   Thumb Code    84  __scatter.o(!!!scatter)
    __scatterload_rt2_thumb_only             0x080001e1   Thumb Code     0  __scatter.o(!!!scatter)
    __scatterload_loop                       0x080001eb   Thumb Code     0  __scatter.o(!!!scatter)
    __scatterload_copy                       0x0800023d   Thumb Code    26  __scatter_copy.o(!!handler_copy)
    __scatterload_null                       0x08000259   Thumb Code     2  __scatter.o(!!handler_null)
    __scatterload_zeroinit                   0x0800025d   Thumb Code    28  __scatter_zi.o(!!handler_zi)
    __rt_lib_init                            0x08000279   Thumb Code     0  libinit.o(.ARM.Collect$$libinit$$00000000)
    __rt_lib_init_fp_1                       0x0800027b   Thumb Code     0  libinit2.o(.ARM.Collect$$libinit$$00000001)
    __rt_lib_init_alloca_1                   0x0800027f   Thumb Code     0  libinit2.o(.ARM.Collect$$libinit$$00000030)
    __rt_lib_init_argv_1                     0x0800027f   Thumb Code     0  libinit2.o(.ARM.Collect$$libinit$$0000002E)
    __rt_lib_init_atexit_1                   0x0800027f   Thumb Code     0  libinit2.o(.ARM.Collect$$libinit$$0000001D)
    __rt_lib_init_clock_1                    0x0800027f   Thumb Code     0  libinit2.o(.ARM.Collect$$libinit$$00000023)
    __rt_lib_init_cpp_1                      0x0800027f   Thumb Code     0  libinit2.o(.ARM.Collect$$libinit$$00000034)
    __rt_lib_init_exceptions_1               0x0800027f   Thumb Code     0  libinit2.o(.ARM.Collect$$libinit$$00000032)
    __rt_lib_init_fp_trap_1                  0x0800027f   Thumb Code     0  libinit2.o(.ARM.Collect$$libinit$$00000021)
    __rt_lib_init_getenv_1                   0x0800027f   Thumb Code     0  libinit2.o(.ARM.Collect$$libinit$$00000025)
    __rt_lib_init_heap_1                     0x0800027f   Thumb Code     0  libinit2.o(.ARM.Collect$$libinit$$0000000C)
    __rt_lib_init_lc_collate_1               0x0800027f   Thumb Code     0  libinit2.o(.ARM.Collect$$libinit$$00000013)
    __rt_lib_init_lc_ctype_1                 0x0800027f   Thumb Code     0  libinit2.o(.ARM.Collect$$libinit$$00000015)
    __rt_lib_init_lc_monetary_1              0x0800027f   Thumb Code     0  libinit2.o(.ARM.Collect$$libinit$$00000017)
    __rt_lib_init_lc_numeric_1               0x0800027f   Thumb Code     0  libinit2.o(.ARM.Collect$$libinit$$00000019)
    __rt_lib_init_lc_time_1                  0x0800027f   Thumb Code     0  libinit2.o(.ARM.Collect$$libinit$$0000001B)
    __rt_lib_init_preinit_1                  0x0800027f   Thumb Code     0  libinit2.o(.ARM.Collect$$libinit$$00000006)
    __rt_lib_init_rand_1                     0x0800027f   Thumb Code     0  libinit2.o(.ARM.Collect$$libinit$$00000010)
    __rt_lib_init_relocate_pie_1             0x0800027f   Thumb Code     0  libinit2.o(.ARM.Collect$$libinit$$00000004)
    __rt_lib_init_return                     0x0800027f   Thumb Code     0  libinit2.o(.ARM.Collect$$libinit$$00000035)
    __rt_lib_init_signal_1                   0x0800027f   Thumb Code     0  libinit2.o(.ARM.Collect$$libinit$$0000001F)
    __rt_lib_init_stdio_1                    0x0800027f   Thumb Code     0  libinit2.o(.ARM.Collect$$libinit$$00000027)
    __rt_lib_init_user_alloc_1               0x0800027f   Thumb Code     0  libinit2.o(.ARM.Collect$$libinit$$0000000E)
    __rt_lib_shutdown                        0x08000281   Thumb Code     0  libshutdown.o(.ARM.Collect$$libshutdown$$00000000)
    __rt_lib_shutdown_cpp_1                  0x08000283   Thumb Code     0  libshutdown2.o(.ARM.Collect$$libshutdown$$00000002)
    __rt_lib_shutdown_fp_trap_1              0x08000283   Thumb Code     0  libshutdown2.o(.ARM.Collect$$libshutdown$$00000007)
    __rt_lib_shutdown_heap_1                 0x08000283   Thumb Code     0  libshutdown2.o(.ARM.Collect$$libshutdown$$0000000F)
    __rt_lib_shutdown_return                 0x08000283   Thumb Code     0  libshutdown2.o(.ARM.Collect$$libshutdown$$00000010)
    __rt_lib_shutdown_signal_1               0x08000283   Thumb Code     0  libshutdown2.o(.ARM.Collect$$libshutdown$$0000000A)
    __rt_lib_shutdown_stdio_1                0x08000283   Thumb Code     0  libshutdown2.o(.ARM.Collect$$libshutdown$$00000004)
    __rt_lib_shutdown_user_alloc_1           0x08000283   Thumb Code     0  libshutdown2.o(.ARM.Collect$$libshutdown$$0000000C)
    __rt_entry                               0x08000285   Thumb Code     0  __rtentry.o(.ARM.Collect$$rtentry$$00000000)
    __rt_entry_presh_1                       0x08000285   Thumb Code     0  __rtentry2.o(.ARM.Collect$$rtentry$$00000002)
    __rt_entry_sh                            0x08000285   Thumb Code     0  __rtentry4.o(.ARM.Collect$$rtentry$$00000004)
    __rt_entry_li                            0x0800028b   Thumb Code     0  __rtentry2.o(.ARM.Collect$$rtentry$$0000000A)
    __rt_entry_postsh_1                      0x0800028b   Thumb Code     0  __rtentry2.o(.ARM.Collect$$rtentry$$00000009)
    __rt_entry_main                          0x0800028f   Thumb Code     0  __rtentry2.o(.ARM.Collect$$rtentry$$0000000D)
    __rt_entry_postli_1                      0x0800028f   Thumb Code     0  __rtentry2.o(.ARM.Collect$$rtentry$$0000000C)
    __rt_exit                                0x08000297   Thumb Code     0  rtexit.o(.ARM.Collect$$rtexit$$00000000)
    __rt_exit_ls                             0x08000299   Thumb Code     0  rtexit2.o(.ARM.Collect$$rtexit$$00000003)
    __rt_exit_prels_1                        0x08000299   Thumb Code     0  rtexit2.o(.ARM.Collect$$rtexit$$00000002)
    __rt_exit_exit                           0x0800029d   Thumb Code     0  rtexit2.o(.ARM.Collect$$rtexit$$00000004)
    Reset_Handler                            0x080002a5   Thumb Code     8  startup_stm32g474xx.o(.text)
    ADC1_2_IRQHandler                        0x080002bf   Thumb Code     0  startup_stm32g474xx.o(.text)
    ADC3_IRQHandler                          0x080002bf   Thumb Code     0  startup_stm32g474xx.o(.text)
    ADC4_IRQHandler                          0x080002bf   Thumb Code     0  startup_stm32g474xx.o(.text)
    ADC5_IRQHandler                          0x080002bf   Thumb Code     0  startup_stm32g474xx.o(.text)
    COMP1_2_3_IRQHandler                     0x080002bf   Thumb Code     0  startup_stm32g474xx.o(.text)
    COMP4_5_6_IRQHandler                     0x080002bf   Thumb Code     0  startup_stm32g474xx.o(.text)
    COMP7_IRQHandler                         0x080002bf   Thumb Code     0  startup_stm32g474xx.o(.text)
    CORDIC_IRQHandler                        0x080002bf   Thumb Code     0  startup_stm32g474xx.o(.text)
    CRS_IRQHandler                           0x080002bf   Thumb Code     0  startup_stm32g474xx.o(.text)
    DMA1_Channel3_IRQHandler                 0x080002bf   Thumb Code     0  startup_stm32g474xx.o(.text)
    DMA1_Channel4_IRQHandler                 0x080002bf   Thumb Code     0  startup_stm32g474xx.o(.text)
    DMA1_Channel5_IRQHandler                 0x080002bf   Thumb Code     0  startup_stm32g474xx.o(.text)
    DMA1_Channel6_IRQHandler                 0x080002bf   Thumb Code     0  startup_stm32g474xx.o(.text)
    DMA1_Channel7_IRQHandler                 0x080002bf   Thumb Code     0  startup_stm32g474xx.o(.text)
    DMA1_Channel8_IRQHandler                 0x080002bf   Thumb Code     0  startup_stm32g474xx.o(.text)
    DMA2_Channel1_IRQHandler                 0x080002bf   Thumb Code     0  startup_stm32g474xx.o(.text)
    DMA2_Channel2_IRQHandler                 0x080002bf   Thumb Code     0  startup_stm32g474xx.o(.text)
    DMA2_Channel3_IRQHandler                 0x080002bf   Thumb Code     0  startup_stm32g474xx.o(.text)
    DMA2_Channel4_IRQHandler                 0x080002bf   Thumb Code     0  startup_stm32g474xx.o(.text)
    DMA2_Channel5_IRQHandler                 0x080002bf   Thumb Code     0  startup_stm32g474xx.o(.text)
    DMA2_Channel6_IRQHandler                 0x080002bf   Thumb Code     0  startup_stm32g474xx.o(.text)
    DMA2_Channel7_IRQHandler                 0x080002bf   Thumb Code     0  startup_stm32g474xx.o(.text)
    DMA2_Channel8_IRQHandler                 0x080002bf   Thumb Code     0  startup_stm32g474xx.o(.text)
    DMAMUX_OVR_IRQHandler                    0x080002bf   Thumb Code     0  startup_stm32g474xx.o(.text)
    EXTI0_IRQHandler                         0x080002bf   Thumb Code     0  startup_stm32g474xx.o(.text)
    EXTI15_10_IRQHandler                     0x080002bf   Thumb Code     0  startup_stm32g474xx.o(.text)
    EXTI1_IRQHandler                         0x080002bf   Thumb Code     0  startup_stm32g474xx.o(.text)
    EXTI2_IRQHandler                         0x080002bf   Thumb Code     0  startup_stm32g474xx.o(.text)
    EXTI3_IRQHandler                         0x080002bf   Thumb Code     0  startup_stm32g474xx.o(.text)
    EXTI4_IRQHandler                         0x080002bf   Thumb Code     0  startup_stm32g474xx.o(.text)
    EXTI9_5_IRQHandler                       0x080002bf   Thumb Code     0  startup_stm32g474xx.o(.text)
    FLASH_IRQHandler                         0x080002bf   Thumb Code     0  startup_stm32g474xx.o(.text)
    FMAC_IRQHandler                          0x080002bf   Thumb Code     0  startup_stm32g474xx.o(.text)
    FMC_IRQHandler                           0x080002bf   Thumb Code     0  startup_stm32g474xx.o(.text)
    FPU_IRQHandler                           0x080002bf   Thumb Code     0  startup_stm32g474xx.o(.text)
    HRTIM1_FLT_IRQHandler                    0x080002bf   Thumb Code     0  startup_stm32g474xx.o(.text)
    HRTIM1_Master_IRQHandler                 0x080002bf   Thumb Code     0  startup_stm32g474xx.o(.text)
    HRTIM1_TIMA_IRQHandler                   0x080002bf   Thumb Code     0  startup_stm32g474xx.o(.text)
    HRTIM1_TIMB_IRQHandler                   0x080002bf   Thumb Code     0  startup_stm32g474xx.o(.text)
    HRTIM1_TIMC_IRQHandler                   0x080002bf   Thumb Code     0  startup_stm32g474xx.o(.text)
    HRTIM1_TIMD_IRQHandler                   0x080002bf   Thumb Code     0  startup_stm32g474xx.o(.text)
    HRTIM1_TIME_IRQHandler                   0x080002bf   Thumb Code     0  startup_stm32g474xx.o(.text)
    HRTIM1_TIMF_IRQHandler                   0x080002bf   Thumb Code     0  startup_stm32g474xx.o(.text)
    I2C1_ER_IRQHandler                       0x080002bf   Thumb Code     0  startup_stm32g474xx.o(.text)
    I2C1_EV_IRQHandler                       0x080002bf   Thumb Code     0  startup_stm32g474xx.o(.text)
    I2C2_ER_IRQHandler                       0x080002bf   Thumb Code     0  startup_stm32g474xx.o(.text)
    I2C2_EV_IRQHandler                       0x080002bf   Thumb Code     0  startup_stm32g474xx.o(.text)
    I2C3_ER_IRQHandler                       0x080002bf   Thumb Code     0  startup_stm32g474xx.o(.text)
    I2C3_EV_IRQHandler                       0x080002bf   Thumb Code     0  startup_stm32g474xx.o(.text)
    I2C4_ER_IRQHandler                       0x080002bf   Thumb Code     0  startup_stm32g474xx.o(.text)
    I2C4_EV_IRQHandler                       0x080002bf   Thumb Code     0  startup_stm32g474xx.o(.text)
    LPTIM1_IRQHandler                        0x080002bf   Thumb Code     0  startup_stm32g474xx.o(.text)
    LPUART1_IRQHandler                       0x080002bf   Thumb Code     0  startup_stm32g474xx.o(.text)
    PVD_PVM_IRQHandler                       0x080002bf   Thumb Code     0  startup_stm32g474xx.o(.text)
    QUADSPI_IRQHandler                       0x080002bf   Thumb Code     0  startup_stm32g474xx.o(.text)
    RCC_IRQHandler                           0x080002bf   Thumb Code     0  startup_stm32g474xx.o(.text)
    RNG_IRQHandler                           0x080002bf   Thumb Code     0  startup_stm32g474xx.o(.text)
    RTC_Alarm_IRQHandler                     0x080002bf   Thumb Code     0  startup_stm32g474xx.o(.text)
    RTC_TAMP_LSECSS_IRQHandler               0x080002bf   Thumb Code     0  startup_stm32g474xx.o(.text)
    RTC_WKUP_IRQHandler                      0x080002bf   Thumb Code     0  startup_stm32g474xx.o(.text)
    SAI1_IRQHandler                          0x080002bf   Thumb Code     0  startup_stm32g474xx.o(.text)
    SPI1_IRQHandler                          0x080002bf   Thumb Code     0  startup_stm32g474xx.o(.text)
    SPI2_IRQHandler                          0x080002bf   Thumb Code     0  startup_stm32g474xx.o(.text)
    SPI3_IRQHandler                          0x080002bf   Thumb Code     0  startup_stm32g474xx.o(.text)
    SPI4_IRQHandler                          0x080002bf   Thumb Code     0  startup_stm32g474xx.o(.text)
    TIM1_BRK_TIM15_IRQHandler                0x080002bf   Thumb Code     0  startup_stm32g474xx.o(.text)
    TIM1_CC_IRQHandler                       0x080002bf   Thumb Code     0  startup_stm32g474xx.o(.text)
    TIM1_TRG_COM_TIM17_IRQHandler            0x080002bf   Thumb Code     0  startup_stm32g474xx.o(.text)
    TIM1_UP_TIM16_IRQHandler                 0x080002bf   Thumb Code     0  startup_stm32g474xx.o(.text)
    TIM20_BRK_IRQHandler                     0x080002bf   Thumb Code     0  startup_stm32g474xx.o(.text)
    TIM20_CC_IRQHandler                      0x080002bf   Thumb Code     0  startup_stm32g474xx.o(.text)
    TIM20_TRG_COM_IRQHandler                 0x080002bf   Thumb Code     0  startup_stm32g474xx.o(.text)
    TIM20_UP_IRQHandler                      0x080002bf   Thumb Code     0  startup_stm32g474xx.o(.text)
    TIM2_IRQHandler                          0x080002bf   Thumb Code     0  startup_stm32g474xx.o(.text)
    TIM3_IRQHandler                          0x080002bf   Thumb Code     0  startup_stm32g474xx.o(.text)
    TIM4_IRQHandler                          0x080002bf   Thumb Code     0  startup_stm32g474xx.o(.text)
    TIM5_IRQHandler                          0x080002bf   Thumb Code     0  startup_stm32g474xx.o(.text)
    TIM8_BRK_IRQHandler                      0x080002bf   Thumb Code     0  startup_stm32g474xx.o(.text)
    TIM8_CC_IRQHandler                       0x080002bf   Thumb Code     0  startup_stm32g474xx.o(.text)
    TIM8_TRG_COM_IRQHandler                  0x080002bf   Thumb Code     0  startup_stm32g474xx.o(.text)
    TIM8_UP_IRQHandler                       0x080002bf   Thumb Code     0  startup_stm32g474xx.o(.text)
    UART4_IRQHandler                         0x080002bf   Thumb Code     0  startup_stm32g474xx.o(.text)
    UART5_IRQHandler                         0x080002bf   Thumb Code     0  startup_stm32g474xx.o(.text)
    UCPD1_IRQHandler                         0x080002bf   Thumb Code     0  startup_stm32g474xx.o(.text)
    USART1_IRQHandler                        0x080002bf   Thumb Code     0  startup_stm32g474xx.o(.text)
    USART2_IRQHandler                        0x080002bf   Thumb Code     0  startup_stm32g474xx.o(.text)
    USART3_IRQHandler                        0x080002bf   Thumb Code     0  startup_stm32g474xx.o(.text)
    USBWakeUp_IRQHandler                     0x080002bf   Thumb Code     0  startup_stm32g474xx.o(.text)
    USB_HP_IRQHandler                        0x080002bf   Thumb Code     0  startup_stm32g474xx.o(.text)
    USB_LP_IRQHandler                        0x080002bf   Thumb Code     0  startup_stm32g474xx.o(.text)
    WWDG_IRQHandler                          0x080002bf   Thumb Code     0  startup_stm32g474xx.o(.text)
    __user_initial_stackheap                 0x080002c1   Thumb Code     0  startup_stm32g474xx.o(.text)
    __aeabi_uldivmod                         0x080002e5   Thumb Code     0  lludivv7m.o(.text)
    _ll_udiv                                 0x080002e5   Thumb Code   240  lludivv7m.o(.text)
    __aeabi_memclr4                          0x080003d5   Thumb Code     0  rt_memclr_w.o(.text)
    __aeabi_memclr8                          0x080003d5   Thumb Code     0  rt_memclr_w.o(.text)
    __rt_memclr_w                            0x080003d5   Thumb Code     0  rt_memclr_w.o(.text)
    _memset_w                                0x080003d9   Thumb Code    74  rt_memclr_w.o(.text)
    __use_two_region_memory                  0x08000423   Thumb Code     2  heapauxi.o(.text)
    __rt_heap_escrow$2region                 0x08000425   Thumb Code     2  heapauxi.o(.text)
    __rt_heap_expand$2region                 0x08000427   Thumb Code     2  heapauxi.o(.text)
    __user_setup_stackheap                   0x08000429   Thumb Code    74  sys_stackheap_outer.o(.text)
    exit                                     0x08000473   Thumb Code    18  exit.o(.text)
    __user_libspace                          0x08000485   Thumb Code     8  libspace.o(.text)
    __user_perproc_libspace                  0x08000485   Thumb Code     0  libspace.o(.text)
    __user_perthread_libspace                0x08000485   Thumb Code     0  libspace.o(.text)
    _sys_exit                                0x0800048d   Thumb Code     8  sys_exit.o(.text)
    __I$use$semihosting                      0x08000499   Thumb Code     0  use_no_semi.o(.text)
    __use_no_semihosting_swi                 0x08000499   Thumb Code     2  use_no_semi.o(.text)
    __semihosting_library_function           0x0800049b   Thumb Code     0  indicate_semi.o(.text)
    BusFault_Handler                         0x0800049d   Thumb Code     2  stm32g4xx_it.o(.text.BusFault_Handler)
    Button_Function_Execute                  0x080004a1   Thumb Code   612  key_bsp.o(.text.Button_Function_Execute)
    Button_Init                              0x08000709   Thumb Code   120  key_bsp.o(.text.Button_Init)
    CHALLENGE_BEGIN                          0x08000781   Thumb Code    24  key_bsp.o(.text.CHALLENGE_BEGIN)
    Check_HeartBeat_Timeout                  0x08000799   Thumb Code   182  heartbeat.o(.text.Check_HeartBeat_Timeout)
    DEFENSIVE_RESET                          0x08000851   Thumb Code    24  key_bsp.o(.text.DEFENSIVE_RESET)
    DMA1_Channel1_IRQHandler                 0x08000869   Thumb Code    12  stm32g4xx_it.o(.text.DMA1_Channel1_IRQHandler)
    DMA1_Channel2_IRQHandler                 0x08000875   Thumb Code    12  stm32g4xx_it.o(.text.DMA1_Channel2_IRQHandler)
    DebugMon_Handler                         0x08000881   Thumb Code     2  stm32g4xx_it.o(.text.DebugMon_Handler)
    Error_Handler                            0x08000885   Thumb Code    10  main.o(.text.Error_Handler)
    FDCAN1_IT0_IRQHandler                    0x08000891   Thumb Code    12  stm32g4xx_it.o(.text.FDCAN1_IT0_IRQHandler)
    FDCAN1_IT1_IRQHandler                    0x0800089d   Thumb Code    12  stm32g4xx_it.o(.text.FDCAN1_IT1_IRQHandler)
    FDCAN2_IT0_IRQHandler                    0x080008a9   Thumb Code    12  stm32g4xx_it.o(.text.FDCAN2_IT0_IRQHandler)
    FDCAN2_IT1_IRQHandler                    0x080008b5   Thumb Code    12  stm32g4xx_it.o(.text.FDCAN2_IT1_IRQHandler)
    FDCAN3_IT0_IRQHandler                    0x080008c1   Thumb Code    12  stm32g4xx_it.o(.text.FDCAN3_IT0_IRQHandler)
    FDCAN3_IT1_IRQHandler                    0x080008cd   Thumb Code    12  stm32g4xx_it.o(.text.FDCAN3_IT1_IRQHandler)
    FDCAN_SendData                           0x080008d9   Thumb Code   196  fdcan_bsp.o(.text.FDCAN_SendData)
    HAL_DMA_Abort_IT                         0x0800099d   Thumb Code   128  stm32g4xx_hal_dma.o(.text.HAL_DMA_Abort_IT)
    HAL_DMA_IRQHandler                       0x08000a1d   Thumb Code   170  stm32g4xx_hal_dma.o(.text.HAL_DMA_IRQHandler)
    HAL_DMA_Init                             0x08000ac9   Thumb Code   280  stm32g4xx_hal_dma.o(.text.HAL_DMA_Init)
    HAL_DMA_Start_IT                         0x08000be1   Thumb Code   232  stm32g4xx_hal_dma.o(.text.HAL_DMA_Start_IT)
    HAL_Delay                                0x08000cc9   Thumb Code    40  stm32g4xx_hal.o(.text.HAL_Delay)
    HAL_FDCAN_AddMessageToTxFifoQ            0x08000cf1   Thumb Code   184  stm32g4xx_hal_fdcan.o(.text.HAL_FDCAN_AddMessageToTxFifoQ)
    HAL_FDCAN_ErrorCallback                  0x08000da9   Thumb Code     2  stm32g4xx_hal_fdcan.o(.text.HAL_FDCAN_ErrorCallback)
    HAL_FDCAN_ErrorStatusCallback            0x08000dad   Thumb Code     2  stm32g4xx_hal_fdcan.o(.text.HAL_FDCAN_ErrorStatusCallback)
    HAL_FDCAN_GetRxMessage                   0x08000db1   Thumb Code   342  stm32g4xx_hal_fdcan.o(.text.HAL_FDCAN_GetRxMessage)
    HAL_FDCAN_HighPriorityMessageCallback    0x08000f09   Thumb Code     2  stm32g4xx_hal_fdcan.o(.text.HAL_FDCAN_HighPriorityMessageCallback)
    HAL_FDCAN_IRQHandler                     0x08000f0d   Thumb Code   378  stm32g4xx_hal_fdcan.o(.text.HAL_FDCAN_IRQHandler)
    HAL_FDCAN_Init                           0x08001089   Thumb Code   614  stm32g4xx_hal_fdcan.o(.text.HAL_FDCAN_Init)
    HAL_FDCAN_MspInit                        0x080012f1   Thumb Code   418  fdcan.o(.text.HAL_FDCAN_MspInit)
    HAL_FDCAN_RxFifo0Callback                0x08001495   Thumb Code    98  main.o(.text.HAL_FDCAN_RxFifo0Callback)
    HAL_FDCAN_RxFifo1Callback                0x080014f9   Thumb Code    58  main.o(.text.HAL_FDCAN_RxFifo1Callback)
    HAL_FDCAN_TimeoutOccurredCallback        0x08001535   Thumb Code     2  stm32g4xx_hal_fdcan.o(.text.HAL_FDCAN_TimeoutOccurredCallback)
    HAL_FDCAN_TimestampWraparoundCallback    0x08001539   Thumb Code     2  stm32g4xx_hal_fdcan.o(.text.HAL_FDCAN_TimestampWraparoundCallback)
    HAL_FDCAN_TxBufferAbortCallback          0x0800153d   Thumb Code     2  stm32g4xx_hal_fdcan.o(.text.HAL_FDCAN_TxBufferAbortCallback)
    HAL_FDCAN_TxBufferCompleteCallback       0x08001541   Thumb Code     2  stm32g4xx_hal_fdcan.o(.text.HAL_FDCAN_TxBufferCompleteCallback)
    HAL_FDCAN_TxEventFifoCallback            0x08001545   Thumb Code     2  stm32g4xx_hal_fdcan.o(.text.HAL_FDCAN_TxEventFifoCallback)
    HAL_FDCAN_TxFifoEmptyCallback            0x08001549   Thumb Code     2  stm32g4xx_hal_fdcan.o(.text.HAL_FDCAN_TxFifoEmptyCallback)
    HAL_GPIO_Init                            0x0800154d   Thumb Code   434  stm32g4xx_hal_gpio.o(.text.HAL_GPIO_Init)
    HAL_GPIO_ReadPin                         0x08001701   Thumb Code    10  stm32g4xx_hal_gpio.o(.text.HAL_GPIO_ReadPin)
    HAL_GetTick                              0x0800170d   Thumb Code    12  stm32g4xx_hal.o(.text.HAL_GetTick)
    HAL_IncTick                              0x08001719   Thumb Code    26  stm32g4xx_hal.o(.text.HAL_IncTick)
    HAL_Init                                 0x08001735   Thumb Code    30  stm32g4xx_hal.o(.text.HAL_Init)
    HAL_InitTick                             0x08001755   Thumb Code    80  stm32g4xx_hal.o(.text.HAL_InitTick)
    HAL_MspInit                              0x080017a5   Thumb Code    52  stm32g4xx_hal_msp.o(.text.HAL_MspInit)
    HAL_NVIC_EnableIRQ                       0x080017d9   Thumb Code    34  stm32g4xx_hal_cortex.o(.text.HAL_NVIC_EnableIRQ)
    HAL_NVIC_SetPriority                     0x080017fd   Thumb Code    86  stm32g4xx_hal_cortex.o(.text.HAL_NVIC_SetPriority)
    HAL_NVIC_SetPriorityGrouping             0x08001855   Thumb Code    32  stm32g4xx_hal_cortex.o(.text.HAL_NVIC_SetPriorityGrouping)
    HAL_PWREx_ControlVoltageScaling          0x08001875   Thumb Code   270  stm32g4xx_hal_pwr_ex.o(.text.HAL_PWREx_ControlVoltageScaling)
    HAL_PWREx_DisableUCPDDeadBattery         0x08001985   Thumb Code    18  stm32g4xx_hal_pwr_ex.o(.text.HAL_PWREx_DisableUCPDDeadBattery)
    HAL_RCCEx_PeriphCLKConfig                0x08001999   Thumb Code   726  stm32g4xx_hal_rcc_ex.o(.text.HAL_RCCEx_PeriphCLKConfig)
    HAL_RCC_ClockConfig                      0x08001c71   Thumb Code   772  stm32g4xx_hal_rcc.o(.text.HAL_RCC_ClockConfig)
    HAL_RCC_GetPCLK1Freq                     0x08001f75   Thumb Code    42  stm32g4xx_hal_rcc.o(.text.HAL_RCC_GetPCLK1Freq)
    HAL_RCC_GetPCLK2Freq                     0x08001fa1   Thumb Code    42  stm32g4xx_hal_rcc.o(.text.HAL_RCC_GetPCLK2Freq)
    HAL_RCC_GetSysClockFreq                  0x08001fcd   Thumb Code   130  stm32g4xx_hal_rcc.o(.text.HAL_RCC_GetSysClockFreq)
    HAL_RCC_OscConfig                        0x08002051   Thumb Code  1230  stm32g4xx_hal_rcc.o(.text.HAL_RCC_OscConfig)
    HAL_SYSTICK_Config                       0x08002521   Thumb Code    44  stm32g4xx_hal_cortex.o(.text.HAL_SYSTICK_Config)
    HAL_TIMEx_Break2Callback                 0x0800254d   Thumb Code     2  stm32g4xx_hal_tim_ex.o(.text.HAL_TIMEx_Break2Callback)
    HAL_TIMEx_BreakCallback                  0x08002551   Thumb Code     2  stm32g4xx_hal_tim_ex.o(.text.HAL_TIMEx_BreakCallback)
    HAL_TIMEx_CommutCallback                 0x08002555   Thumb Code     2  stm32g4xx_hal_tim_ex.o(.text.HAL_TIMEx_CommutCallback)
    HAL_TIMEx_DirectionChangeCallback        0x08002559   Thumb Code     2  stm32g4xx_hal_tim_ex.o(.text.HAL_TIMEx_DirectionChangeCallback)
    HAL_TIMEx_EncoderIndexCallback           0x0800255d   Thumb Code     2  stm32g4xx_hal_tim_ex.o(.text.HAL_TIMEx_EncoderIndexCallback)
    HAL_TIMEx_IndexErrorCallback             0x08002561   Thumb Code     2  stm32g4xx_hal_tim_ex.o(.text.HAL_TIMEx_IndexErrorCallback)
    HAL_TIMEx_MasterConfigSynchronization    0x08002565   Thumb Code   222  stm32g4xx_hal_tim_ex.o(.text.HAL_TIMEx_MasterConfigSynchronization)
    HAL_TIMEx_TransitionErrorCallback        0x08002645   Thumb Code     2  stm32g4xx_hal_tim_ex.o(.text.HAL_TIMEx_TransitionErrorCallback)
    HAL_TIM_Base_Init                        0x08002649   Thumb Code    98  stm32g4xx_hal_tim.o(.text.HAL_TIM_Base_Init)
    HAL_TIM_Base_MspInit                     0x080026ad   Thumb Code   312  tim.o(.text.HAL_TIM_Base_MspInit)
    HAL_TIM_Base_Start_IT                    0x080027e5   Thumb Code   186  stm32g4xx_hal_tim.o(.text.HAL_TIM_Base_Start_IT)
    HAL_TIM_ConfigClockSource                0x080028a1   Thumb Code   544  stm32g4xx_hal_tim.o(.text.HAL_TIM_ConfigClockSource)
    HAL_TIM_ErrorCallback                    0x08002ac1   Thumb Code     2  stm32g4xx_hal_tim.o(.text.HAL_TIM_ErrorCallback)
    HAL_TIM_IC_CaptureCallback               0x08002ac5   Thumb Code     2  stm32g4xx_hal_tim.o(.text.HAL_TIM_IC_CaptureCallback)
    HAL_TIM_IRQHandler                       0x08002ac9   Thumb Code   460  stm32g4xx_hal_tim.o(.text.HAL_TIM_IRQHandler)
    HAL_TIM_OC_DelayElapsedCallback          0x08002c95   Thumb Code     2  stm32g4xx_hal_tim.o(.text.HAL_TIM_OC_DelayElapsedCallback)
    HAL_TIM_PWM_ConfigChannel                0x08002c99   Thumb Code  1020  stm32g4xx_hal_tim.o(.text.HAL_TIM_PWM_ConfigChannel)
    HAL_TIM_PWM_Init                         0x08003095   Thumb Code    98  stm32g4xx_hal_tim.o(.text.HAL_TIM_PWM_Init)
    HAL_TIM_PWM_MspInit                      0x080030f9   Thumb Code     2  stm32g4xx_hal_tim.o(.text.HAL_TIM_PWM_MspInit)
    HAL_TIM_PWM_PulseFinishedCallback        0x080030fd   Thumb Code     2  stm32g4xx_hal_tim.o(.text.HAL_TIM_PWM_PulseFinishedCallback)
    HAL_TIM_PWM_PulseFinishedHalfCpltCallback 0x08003101   Thumb Code     2  stm32g4xx_hal_tim.o(.text.HAL_TIM_PWM_PulseFinishedHalfCpltCallback)
    HAL_TIM_PWM_Start_DMA                    0x08003105   Thumb Code   770  stm32g4xx_hal_tim.o(.text.HAL_TIM_PWM_Start_DMA)
    HAL_TIM_PWM_Stop_DMA                     0x08003409   Thumb Code   218  stm32g4xx_hal_tim.o(.text.HAL_TIM_PWM_Stop_DMA)
    HAL_TIM_PeriodElapsedCallback            0x080034e5   Thumb Code    60  main.o(.text.HAL_TIM_PeriodElapsedCallback)
    HAL_TIM_TriggerCallback                  0x08003521   Thumb Code     2  stm32g4xx_hal_tim.o(.text.HAL_TIM_TriggerCallback)
    HAL_UARTEx_DisableFifoMode               0x08003525   Thumb Code    54  stm32g4xx_hal_uart_ex.o(.text.HAL_UARTEx_DisableFifoMode)
    HAL_UARTEx_SetRxFifoThreshold            0x0800355d   Thumb Code   140  stm32g4xx_hal_uart_ex.o(.text.HAL_UARTEx_SetRxFifoThreshold)
    HAL_UARTEx_SetTxFifoThreshold            0x080035e9   Thumb Code   140  stm32g4xx_hal_uart_ex.o(.text.HAL_UARTEx_SetTxFifoThreshold)
    HAL_UART_Init                            0x08003675   Thumb Code   100  stm32g4xx_hal_uart.o(.text.HAL_UART_Init)
    HAL_UART_MspInit                         0x080036d9   Thumb Code   144  usart.o(.text.HAL_UART_MspInit)
    HardFault_Handler                        0x08003769   Thumb Code     2  stm32g4xx_it.o(.text.HardFault_Handler)
    MX_DMA_Init                              0x0800376d   Thumb Code    86  dma.o(.text.MX_DMA_Init)
    MX_FDCAN1_Init                           0x080037c5   Thumb Code    90  fdcan.o(.text.MX_FDCAN1_Init)
    MX_FDCAN2_Init                           0x08003821   Thumb Code    90  fdcan.o(.text.MX_FDCAN2_Init)
    MX_FDCAN3_Init                           0x0800387d   Thumb Code    90  fdcan.o(.text.MX_FDCAN3_Init)
    MX_GPIO_Init                             0x080038d9   Thumb Code   186  gpio.o(.text.MX_GPIO_Init)
    MX_TIM2_Init                             0x08003995   Thumb Code   326  tim.o(.text.MX_TIM2_Init)
    MX_TIM5_Init                             0x08003add   Thumb Code   322  tim.o(.text.MX_TIM5_Init)
    MX_TIM6_Init                             0x08003c21   Thumb Code    80  tim.o(.text.MX_TIM6_Init)
    MX_TIM7_Init                             0x08003c71   Thumb Code    80  tim.o(.text.MX_TIM7_Init)
    MX_USART2_UART_Init                      0x08003cc1   Thumb Code   130  usart.o(.text.MX_USART2_UART_Init)
    MemManage_Handler                        0x08003d45   Thumb Code     2  stm32g4xx_it.o(.text.MemManage_Handler)
    NMI_Handler                              0x08003d49   Thumb Code     2  stm32g4xx_it.o(.text.NMI_Handler)
    OFFENSIVE_RESET                          0x08003d4d   Thumb Code    24  key_bsp.o(.text.OFFENSIVE_RESET)
    PendSV_Handler                           0x08003d65   Thumb Code     2  stm32g4xx_it.o(.text.PendSV_Handler)
    RESERVED1_BEGIN                          0x08003d69   Thumb Code    24  key_bsp.o(.text.RESERVED1_BEGIN)
    RESERVED2_BEGIN                          0x08003d81   Thumb Code    24  key_bsp.o(.text.RESERVED2_BEGIN)
    Refresh_Button_State                     0x08003d99   Thumb Code   798  key_bsp.o(.text.Refresh_Button_State)
    Refresh_HeartBeat_Time                   0x080040b9   Thumb Code   346  heartbeat.o(.text.Refresh_HeartBeat_Time)
    SELF_TEST_BEGIN                          0x08004215   Thumb Code    24  key_bsp.o(.text.SELF_TEST_BEGIN)
    SVC_Handler                              0x0800422d   Thumb Code     2  stm32g4xx_it.o(.text.SVC_Handler)
    SysTick_Handler                          0x08004231   Thumb Code     4  stm32g4xx_it.o(.text.SysTick_Handler)
    SystemInit                               0x08004235   Thumb Code    18  system_stm32g4xx.o(.text.SystemInit)
    TIM6_DAC_IRQHandler                      0x08004249   Thumb Code    12  stm32g4xx_it.o(.text.TIM6_DAC_IRQHandler)
    TIM7_DAC_IRQHandler                      0x08004255   Thumb Code    12  stm32g4xx_it.o(.text.TIM7_DAC_IRQHandler)
    TIM_Base_SetConfig                       0x08004261   Thumb Code   338  stm32g4xx_hal_tim.o(.text.TIM_Base_SetConfig)
    TIM_DMADelayPulseHalfCplt                0x08004421   Thumb Code    56  stm32g4xx_hal_tim.o(.text.TIM_DMADelayPulseHalfCplt)
    TIM_DMAError                             0x08004459   Thumb Code    94  stm32g4xx_hal_tim.o(.text.TIM_DMAError)
    UART_AdvFeatureConfig                    0x080044b9   Thumb Code   230  stm32g4xx_hal_uart.o(.text.UART_AdvFeatureConfig)
    UART_CheckIdleState                      0x080045a1   Thumb Code   362  stm32g4xx_hal_uart.o(.text.UART_CheckIdleState)
    UART_SetConfig                           0x0800470d   Thumb Code   676  stm32g4xx_hal_uart.o(.text.UART_SetConfig)
    UART_WaitOnFlagUntilTimeout              0x080049c1   Thumb Code   822  stm32g4xx_hal_uart.o(.text.UART_WaitOnFlagUntilTimeout)
    UsageFault_Handler                       0x08004cf9   Thumb Code     2  stm32g4xx_it.o(.text.UsageFault_Handler)
    WS2812_DisPlay_HeartBeat_Error           0x08004cfd   Thumb Code  1308  ws2812.o(.text.WS2812_DisPlay_HeartBeat_Error)
    WS2812_NewRound_Send                     0x0800521d   Thumb Code    46  ws2812.o(.text.WS2812_NewRound_Send)
    WS2812_Set_Single_Color                  0x0800524d   Thumb Code   476  ws2812.o(.text.WS2812_Set_Single_Color)
    main                                     0x0800542d   Thumb Code   240  main.o(.text.main)
    _fp_init                                 0x0800551d   Thumb Code    26  fpinit.o(x$fpl$fpinit)
    __fplib_config_fpu_vfp                   0x08005535   Thumb Code     0  fpinit.o(x$fpl$fpinit)
    __fplib_config_pureend_doubles           0x08005535   Thumb Code     0  fpinit.o(x$fpl$fpinit)
    AHBPrescTable                            0x08005536   Data          16  system_stm32g4xx.o(.rodata.AHBPrescTable)
    APBPrescTable                            0x08005546   Data           8  system_stm32g4xx.o(.rodata.APBPrescTable)
    Color_Table                              0x0800554e   Data          60  color.o(.rodata.Color_Table)
    UARTPrescTable                           0x0800558a   Data          24  stm32g4xx_hal_uart.o(.rodata.UARTPrescTable)
    Region$$Table$$Base                      0x08005664   Number         0  anon$$obj.o(Region$$Table)
    Region$$Table$$Limit                     0x08005684   Number         0  anon$$obj.o(Region$$Table)
    uwTickPrio                               0x20000000   Data           4  stm32g4xx_hal.o(.data..L_MergedGlobals)
    uwTickFreq                               0x20000004   Data           4  stm32g4xx_hal.o(.data..L_MergedGlobals)
    High_CRR                                 0x20000008   Data           1  ws2812.o(.data..L_MergedGlobals)
    Low_CRR                                  0x20000009   Data           1  ws2812.o(.data..L_MergedGlobals)
    flowing_direction                        0x2000000a   Data           1  ws2812.o(.data..L_MergedGlobals)
    flowing_col_direction                    0x2000000b   Data           1  ws2812.o(.data..L_MergedGlobals)
    Button_IDLE                              0x2000000c   Data           6  ws2812.o(.data..L_MergedGlobals)
    SystemCoreClock                          0x2000002c   Data           4  system_stm32g4xx.o(.data.SystemCoreClock)
    TxMessage                                0x20000030   Data           1  key_bsp.o(.data.TxMessage)
    __libspace_start                         0x20000038   Data          96  libspace.o(.bss)
    HeartBeat_Error_Flags                    0x20000098   Data           1  heartbeat.o(.bss..L_MergedGlobals)
    __temporary_stack_top$libspace           0x20000098   Data           0  libspace.o(.bss)
    Event_Flag                               0x20000099   Data           4  heartbeat.o(.bss..L_MergedGlobals)
    Last_Status_Switch_Time                  0x200000a0   Data           8  heartbeat.o(.bss..L_MergedGlobals)
    Last_HeartBeat_Time                      0x200000a8   Data          32  heartbeat.o(.bss..L_MergedGlobals)
    CAN1_RxData                              0x200000c8   Data          64  fdcan_bsp.o(.bss.CAN1_RxData)
    CAN1_RxMessage                           0x20000108   Data          40  fdcan_bsp.o(.bss.CAN1_RxMessage)
    CAN2_RxData                              0x20000130   Data          64  fdcan_bsp.o(.bss.CAN2_RxData)
    CAN2_RxMessage                           0x20000170   Data          40  fdcan_bsp.o(.bss.CAN2_RxMessage)
    CAN3_RxData                              0x20000198   Data          64  fdcan_bsp.o(.bss.CAN3_RxData)
    CAN3_RxMessage                           0x200001d8   Data          40  fdcan_bsp.o(.bss.CAN3_RxMessage)
    HeartBeat_Display                        0x20000204   Data           1  heartbeat.o(.bss.HeartBeat_Display)
    Send_Buffer                              0x20000208   Data        2600  ws2812.o(.bss.Send_Buffer)
    USER_sysTick                             0x20000c30   Data           8  main.o(.bss.USER_sysTick)
    buttons                                  0x20000c38   Data          96  key_bsp.o(.bss.buttons)
    hdma_tim2_ch1                            0x20000c98   Data          96  tim.o(.bss.hdma_tim2_ch1)
    hdma_tim5_ch2                            0x20000cf8   Data          96  tim.o(.bss.hdma_tim5_ch2)
    hfdcan1                                  0x20000d58   Data         100  fdcan.o(.bss.hfdcan1)
    hfdcan2                                  0x20000dbc   Data         100  fdcan.o(.bss.hfdcan2)
    hfdcan3                                  0x20000e20   Data         100  fdcan.o(.bss.hfdcan3)
    htim2                                    0x20000e84   Data          76  tim.o(.bss.htim2)
    htim5                                    0x20000ed0   Data          76  tim.o(.bss.htim5)
    htim6                                    0x20000f1c   Data          76  tim.o(.bss.htim6)
    htim7                                    0x20000f68   Data          76  tim.o(.bss.htim7)
    huart2                                   0x20000fb4   Data         148  usart.o(.bss.huart2)
    uwTick                                   0x20001048   Data           4  stm32g4xx_hal.o(.bss.uwTick)



==============================================================================

Memory Map of the image

  Image Entry point : 0x080001d9

  Load Region LR_IROM1 (Base: 0x08000000, Size: 0x000056c0, Max: 0x00080000, ABSOLUTE)

    Execution Region ER_IROM1 (Exec base: 0x08000000, Load base: 0x08000000, Size: 0x00005684, Max: 0x00080000, ABSOLUTE)

    Exec Addr    Load Addr    Size         Type   Attr      Idx    E Section Name        Object

    0x08000000   0x08000000   0x000001d8   Data   RO            3    RESET               startup_stm32g474xx.o
    0x080001d8   0x080001d8   0x00000008   Code   RO         1492  * !!!main             c_w.l(__main.o)
    0x080001e0   0x080001e0   0x0000005c   Code   RO         1667    !!!scatter          c_w.l(__scatter.o)
    0x0800023c   0x0800023c   0x0000001a   Code   RO         1671    !!handler_copy      c_w.l(__scatter_copy.o)
    0x08000256   0x08000256   0x00000002   PAD
    0x08000258   0x08000258   0x00000002   Code   RO         1668    !!handler_null      c_w.l(__scatter.o)
    0x0800025a   0x0800025a   0x00000002   PAD
    0x0800025c   0x0800025c   0x0000001c   Code   RO         1673    !!handler_zi        c_w.l(__scatter_zi.o)
    0x08000278   0x08000278   0x00000002   Code   RO         1529    .ARM.Collect$$libinit$$00000000  c_w.l(libinit.o)
    0x0800027a   0x0800027a   0x00000004   Code   RO         1541    .ARM.Collect$$libinit$$00000001  c_w.l(libinit2.o)
    0x0800027e   0x0800027e   0x00000000   Code   RO         1544    .ARM.Collect$$libinit$$00000004  c_w.l(libinit2.o)
    0x0800027e   0x0800027e   0x00000000   Code   RO         1546    .ARM.Collect$$libinit$$00000006  c_w.l(libinit2.o)
    0x0800027e   0x0800027e   0x00000000   Code   RO         1549    .ARM.Collect$$libinit$$0000000C  c_w.l(libinit2.o)
    0x0800027e   0x0800027e   0x00000000   Code   RO         1551    .ARM.Collect$$libinit$$0000000E  c_w.l(libinit2.o)
    0x0800027e   0x0800027e   0x00000000   Code   RO         1553    .ARM.Collect$$libinit$$00000010  c_w.l(libinit2.o)
    0x0800027e   0x0800027e   0x00000000   Code   RO         1556    .ARM.Collect$$libinit$$00000013  c_w.l(libinit2.o)
    0x0800027e   0x0800027e   0x00000000   Code   RO         1558    .ARM.Collect$$libinit$$00000015  c_w.l(libinit2.o)
    0x0800027e   0x0800027e   0x00000000   Code   RO         1560    .ARM.Collect$$libinit$$00000017  c_w.l(libinit2.o)
    0x0800027e   0x0800027e   0x00000000   Code   RO         1562    .ARM.Collect$$libinit$$00000019  c_w.l(libinit2.o)
    0x0800027e   0x0800027e   0x00000000   Code   RO         1564    .ARM.Collect$$libinit$$0000001B  c_w.l(libinit2.o)
    0x0800027e   0x0800027e   0x00000000   Code   RO         1566    .ARM.Collect$$libinit$$0000001D  c_w.l(libinit2.o)
    0x0800027e   0x0800027e   0x00000000   Code   RO         1568    .ARM.Collect$$libinit$$0000001F  c_w.l(libinit2.o)
    0x0800027e   0x0800027e   0x00000000   Code   RO         1570    .ARM.Collect$$libinit$$00000021  c_w.l(libinit2.o)
    0x0800027e   0x0800027e   0x00000000   Code   RO         1572    .ARM.Collect$$libinit$$00000023  c_w.l(libinit2.o)
    0x0800027e   0x0800027e   0x00000000   Code   RO         1574    .ARM.Collect$$libinit$$00000025  c_w.l(libinit2.o)
    0x0800027e   0x0800027e   0x00000000   Code   RO         1576    .ARM.Collect$$libinit$$00000027  c_w.l(libinit2.o)
    0x0800027e   0x0800027e   0x00000000   Code   RO         1580    .ARM.Collect$$libinit$$0000002E  c_w.l(libinit2.o)
    0x0800027e   0x0800027e   0x00000000   Code   RO         1582    .ARM.Collect$$libinit$$00000030  c_w.l(libinit2.o)
    0x0800027e   0x0800027e   0x00000000   Code   RO         1584    .ARM.Collect$$libinit$$00000032  c_w.l(libinit2.o)
    0x0800027e   0x0800027e   0x00000000   Code   RO         1586    .ARM.Collect$$libinit$$00000034  c_w.l(libinit2.o)
    0x0800027e   0x0800027e   0x00000002   Code   RO         1587    .ARM.Collect$$libinit$$00000035  c_w.l(libinit2.o)
    0x08000280   0x08000280   0x00000002   Code   RO         1622    .ARM.Collect$$libshutdown$$00000000  c_w.l(libshutdown.o)
    0x08000282   0x08000282   0x00000000   Code   RO         1650    .ARM.Collect$$libshutdown$$00000002  c_w.l(libshutdown2.o)
    0x08000282   0x08000282   0x00000000   Code   RO         1652    .ARM.Collect$$libshutdown$$00000004  c_w.l(libshutdown2.o)
    0x08000282   0x08000282   0x00000000   Code   RO         1655    .ARM.Collect$$libshutdown$$00000007  c_w.l(libshutdown2.o)
    0x08000282   0x08000282   0x00000000   Code   RO         1658    .ARM.Collect$$libshutdown$$0000000A  c_w.l(libshutdown2.o)
    0x08000282   0x08000282   0x00000000   Code   RO         1660    .ARM.Collect$$libshutdown$$0000000C  c_w.l(libshutdown2.o)
    0x08000282   0x08000282   0x00000000   Code   RO         1663    .ARM.Collect$$libshutdown$$0000000F  c_w.l(libshutdown2.o)
    0x08000282   0x08000282   0x00000002   Code   RO         1664    .ARM.Collect$$libshutdown$$00000010  c_w.l(libshutdown2.o)
    0x08000284   0x08000284   0x00000000   Code   RO         1494    .ARM.Collect$$rtentry$$00000000  c_w.l(__rtentry.o)
    0x08000284   0x08000284   0x00000000   Code   RO         1500    .ARM.Collect$$rtentry$$00000002  c_w.l(__rtentry2.o)
    0x08000284   0x08000284   0x00000006   Code   RO         1512    .ARM.Collect$$rtentry$$00000004  c_w.l(__rtentry4.o)
    0x0800028a   0x0800028a   0x00000000   Code   RO         1502    .ARM.Collect$$rtentry$$00000009  c_w.l(__rtentry2.o)
    0x0800028a   0x0800028a   0x00000004   Code   RO         1503    .ARM.Collect$$rtentry$$0000000A  c_w.l(__rtentry2.o)
    0x0800028e   0x0800028e   0x00000000   Code   RO         1505    .ARM.Collect$$rtentry$$0000000C  c_w.l(__rtentry2.o)
    0x0800028e   0x0800028e   0x00000008   Code   RO         1506    .ARM.Collect$$rtentry$$0000000D  c_w.l(__rtentry2.o)
    0x08000296   0x08000296   0x00000002   Code   RO         1533    .ARM.Collect$$rtexit$$00000000  c_w.l(rtexit.o)
    0x08000298   0x08000298   0x00000000   Code   RO         1593    .ARM.Collect$$rtexit$$00000002  c_w.l(rtexit2.o)
    0x08000298   0x08000298   0x00000004   Code   RO         1594    .ARM.Collect$$rtexit$$00000003  c_w.l(rtexit2.o)
    0x0800029c   0x0800029c   0x00000006   Code   RO         1595    .ARM.Collect$$rtexit$$00000004  c_w.l(rtexit2.o)
    0x080002a2   0x080002a2   0x00000002   PAD
    0x080002a4   0x080002a4   0x00000040   Code   RO            4    .text               startup_stm32g474xx.o
    0x080002e4   0x080002e4   0x000000f0   Code   RO         1486    .text               c_w.l(lludivv7m.o)
    0x080003d4   0x080003d4   0x0000004e   Code   RO         1488    .text               c_w.l(rt_memclr_w.o)
    0x08000422   0x08000422   0x00000006   Code   RO         1490    .text               c_w.l(heapauxi.o)
    0x08000428   0x08000428   0x0000004a   Code   RO         1516    .text               c_w.l(sys_stackheap_outer.o)
    0x08000472   0x08000472   0x00000012   Code   RO         1518    .text               c_w.l(exit.o)
    0x08000484   0x08000484   0x00000008   Code   RO         1530    .text               c_w.l(libspace.o)
    0x0800048c   0x0800048c   0x0000000c   Code   RO         1588    .text               c_w.l(sys_exit.o)
    0x08000498   0x08000498   0x00000002   Code   RO         1611    .text               c_w.l(use_no_semi.o)
    0x0800049a   0x0800049a   0x00000000   Code   RO         1613    .text               c_w.l(indicate_semi.o)
    0x0800049a   0x0800049a   0x00000002   PAD
    0x0800049c   0x0800049c   0x00000002   Code   RO          122    .text.BusFault_Handler  stm32g4xx_it.o
    0x0800049e   0x0800049e   0x00000002   PAD
    0x080004a0   0x080004a0   0x00000268   Code   RO         1393    .text.Button_Function_Execute  key_bsp.o
    0x08000708   0x08000708   0x00000078   Code   RO         1389    .text.Button_Init   key_bsp.o
    0x08000780   0x08000780   0x00000018   Code   RO         1401    .text.CHALLENGE_BEGIN  key_bsp.o
    0x08000798   0x08000798   0x000000b6   Code   RO         1443    .text.Check_HeartBeat_Timeout  heartbeat.o
    0x0800084e   0x0800084e   0x00000002   PAD
    0x08000850   0x08000850   0x00000018   Code   RO         1397    .text.DEFENSIVE_RESET  key_bsp.o
    0x08000868   0x08000868   0x0000000c   Code   RO          134    .text.DMA1_Channel1_IRQHandler  stm32g4xx_it.o
    0x08000874   0x08000874   0x0000000c   Code   RO          136    .text.DMA1_Channel2_IRQHandler  stm32g4xx_it.o
    0x08000880   0x08000880   0x00000002   Code   RO          128    .text.DebugMon_Handler  stm32g4xx_it.o
    0x08000882   0x08000882   0x00000002   PAD
    0x08000884   0x08000884   0x0000000a   Code   RO           15    .text.Error_Handler  main.o
    0x0800088e   0x0800088e   0x00000002   PAD
    0x08000890   0x08000890   0x0000000c   Code   RO          138    .text.FDCAN1_IT0_IRQHandler  stm32g4xx_it.o
    0x0800089c   0x0800089c   0x0000000c   Code   RO          140    .text.FDCAN1_IT1_IRQHandler  stm32g4xx_it.o
    0x080008a8   0x080008a8   0x0000000c   Code   RO          146    .text.FDCAN2_IT0_IRQHandler  stm32g4xx_it.o
    0x080008b4   0x080008b4   0x0000000c   Code   RO          148    .text.FDCAN2_IT1_IRQHandler  stm32g4xx_it.o
    0x080008c0   0x080008c0   0x0000000c   Code   RO          150    .text.FDCAN3_IT0_IRQHandler  stm32g4xx_it.o
    0x080008cc   0x080008cc   0x0000000c   Code   RO          152    .text.FDCAN3_IT1_IRQHandler  stm32g4xx_it.o
    0x080008d8   0x080008d8   0x000000c4   Code   RO         1467    .text.FDCAN_SendData  fdcan_bsp.o
    0x0800099c   0x0800099c   0x00000080   Code   RO          601    .text.HAL_DMA_Abort_IT  stm32g4xx_hal_dma.o
    0x08000a1c   0x08000a1c   0x000000aa   Code   RO          605    .text.HAL_DMA_IRQHandler  stm32g4xx_hal_dma.o
    0x08000ac6   0x08000ac6   0x00000002   PAD
    0x08000ac8   0x08000ac8   0x00000118   Code   RO          591    .text.HAL_DMA_Init  stm32g4xx_hal_dma.o
    0x08000be0   0x08000be0   0x000000e8   Code   RO          597    .text.HAL_DMA_Start_IT  stm32g4xx_hal_dma.o
    0x08000cc8   0x08000cc8   0x00000028   Code   RO          318    .text.HAL_Delay     stm32g4xx_hal.o
    0x08000cf0   0x08000cf0   0x000000b8   Code   RO          229    .text.HAL_FDCAN_AddMessageToTxFifoQ  stm32g4xx_hal_fdcan.o
    0x08000da8   0x08000da8   0x00000002   Code   RO          283    .text.HAL_FDCAN_ErrorCallback  stm32g4xx_hal_fdcan.o
    0x08000daa   0x08000daa   0x00000002   PAD
    0x08000dac   0x08000dac   0x00000002   Code   RO          281    .text.HAL_FDCAN_ErrorStatusCallback  stm32g4xx_hal_fdcan.o
    0x08000dae   0x08000dae   0x00000002   PAD
    0x08000db0   0x08000db0   0x00000156   Code   RO          235    .text.HAL_FDCAN_GetRxMessage  stm32g4xx_hal_fdcan.o
    0x08000f06   0x08000f06   0x00000002   PAD
    0x08000f08   0x08000f08   0x00000002   Code   RO          263    .text.HAL_FDCAN_HighPriorityMessageCallback  stm32g4xx_hal_fdcan.o
    0x08000f0a   0x08000f0a   0x00000002   PAD
    0x08000f0c   0x08000f0c   0x0000017a   Code   RO          261    .text.HAL_FDCAN_IRQHandler  stm32g4xx_hal_fdcan.o
    0x08001086   0x08001086   0x00000002   PAD
    0x08001088   0x08001088   0x00000266   Code   RO          169    .text.HAL_FDCAN_Init  stm32g4xx_hal_fdcan.o
    0x080012ee   0x080012ee   0x00000002   PAD
    0x080012f0   0x080012f0   0x000001a2   Code   RO           57    .text.HAL_FDCAN_MspInit  fdcan.o
    0x08001492   0x08001492   0x00000002   PAD
    0x08001494   0x08001494   0x00000062   Code   RO           19    .text.HAL_FDCAN_RxFifo0Callback  main.o
    0x080014f6   0x080014f6   0x00000002   PAD
    0x080014f8   0x080014f8   0x0000003a   Code   RO           21    .text.HAL_FDCAN_RxFifo1Callback  main.o
    0x08001532   0x08001532   0x00000002   PAD
    0x08001534   0x08001534   0x00000002   Code   RO          279    .text.HAL_FDCAN_TimeoutOccurredCallback  stm32g4xx_hal_fdcan.o
    0x08001536   0x08001536   0x00000002   PAD
    0x08001538   0x08001538   0x00000002   Code   RO          277    .text.HAL_FDCAN_TimestampWraparoundCallback  stm32g4xx_hal_fdcan.o
    0x0800153a   0x0800153a   0x00000002   PAD
    0x0800153c   0x0800153c   0x00000002   Code   RO          265    .text.HAL_FDCAN_TxBufferAbortCallback  stm32g4xx_hal_fdcan.o
    0x0800153e   0x0800153e   0x00000002   PAD
    0x08001540   0x08001540   0x00000002   Code   RO          275    .text.HAL_FDCAN_TxBufferCompleteCallback  stm32g4xx_hal_fdcan.o
    0x08001542   0x08001542   0x00000002   PAD
    0x08001544   0x08001544   0x00000002   Code   RO          267    .text.HAL_FDCAN_TxEventFifoCallback  stm32g4xx_hal_fdcan.o
    0x08001546   0x08001546   0x00000002   PAD
    0x08001548   0x08001548   0x00000002   Code   RO          273    .text.HAL_FDCAN_TxFifoEmptyCallback  stm32g4xx_hal_fdcan.o
    0x0800154a   0x0800154a   0x00000002   PAD
    0x0800154c   0x0800154c   0x000001b2   Code   RO          541    .text.HAL_GPIO_Init  stm32g4xx_hal_gpio.o
    0x080016fe   0x080016fe   0x00000002   PAD
    0x08001700   0x08001700   0x0000000a   Code   RO          545    .text.HAL_GPIO_ReadPin  stm32g4xx_hal_gpio.o
    0x0800170a   0x0800170a   0x00000002   PAD
    0x0800170c   0x0800170c   0x0000000c   Code   RO          310    .text.HAL_GetTick   stm32g4xx_hal.o
    0x08001718   0x08001718   0x0000001a   Code   RO          308    .text.HAL_IncTick   stm32g4xx_hal.o
    0x08001732   0x08001732   0x00000002   PAD
    0x08001734   0x08001734   0x0000001e   Code   RO          298    .text.HAL_Init      stm32g4xx_hal.o
    0x08001752   0x08001752   0x00000002   PAD
    0x08001754   0x08001754   0x00000050   Code   RO          300    .text.HAL_InitTick  stm32g4xx_hal.o
    0x080017a4   0x080017a4   0x00000034   Code   RO          161    .text.HAL_MspInit   stm32g4xx_hal_msp.o
    0x080017d8   0x080017d8   0x00000022   Code   RO          767    .text.HAL_NVIC_EnableIRQ  stm32g4xx_hal_cortex.o
    0x080017fa   0x080017fa   0x00000002   PAD
    0x080017fc   0x080017fc   0x00000056   Code   RO          765    .text.HAL_NVIC_SetPriority  stm32g4xx_hal_cortex.o
    0x08001852   0x08001852   0x00000002   PAD
    0x08001854   0x08001854   0x00000020   Code   RO          763    .text.HAL_NVIC_SetPriorityGrouping  stm32g4xx_hal_cortex.o
    0x08001874   0x08001874   0x0000010e   Code   RO          683    .text.HAL_PWREx_ControlVoltageScaling  stm32g4xx_hal_pwr_ex.o
    0x08001982   0x08001982   0x00000002   PAD
    0x08001984   0x08001984   0x00000012   Code   RO          753    .text.HAL_PWREx_DisableUCPDDeadBattery  stm32g4xx_hal_pwr_ex.o
    0x08001996   0x08001996   0x00000002   PAD
    0x08001998   0x08001998   0x000002d6   Code   RO          422    .text.HAL_RCCEx_PeriphCLKConfig  stm32g4xx_hal_rcc_ex.o
    0x08001c6e   0x08001c6e   0x00000002   PAD
    0x08001c70   0x08001c70   0x00000304   Code   RO          388    .text.HAL_RCC_ClockConfig  stm32g4xx_hal_rcc.o
    0x08001f74   0x08001f74   0x0000002a   Code   RO          396    .text.HAL_RCC_GetPCLK1Freq  stm32g4xx_hal_rcc.o
    0x08001f9e   0x08001f9e   0x00000002   PAD
    0x08001fa0   0x08001fa0   0x0000002a   Code   RO          398    .text.HAL_RCC_GetPCLK2Freq  stm32g4xx_hal_rcc.o
    0x08001fca   0x08001fca   0x00000002   PAD
    0x08001fcc   0x08001fcc   0x00000082   Code   RO          390    .text.HAL_RCC_GetSysClockFreq  stm32g4xx_hal_rcc.o
    0x0800204e   0x0800204e   0x00000002   PAD
    0x08002050   0x08002050   0x000004ce   Code   RO          386    .text.HAL_RCC_OscConfig  stm32g4xx_hal_rcc.o
    0x0800251e   0x0800251e   0x00000002   PAD
    0x08002520   0x08002520   0x0000002c   Code   RO          775    .text.HAL_SYSTICK_Config  stm32g4xx_hal_cortex.o
    0x0800254c   0x0800254c   0x00000002   Code   RO         1164    .text.HAL_TIMEx_Break2Callback  stm32g4xx_hal_tim_ex.o
    0x0800254e   0x0800254e   0x00000002   PAD
    0x08002550   0x08002550   0x00000002   Code   RO         1162    .text.HAL_TIMEx_BreakCallback  stm32g4xx_hal_tim_ex.o
    0x08002552   0x08002552   0x00000002   PAD
    0x08002554   0x08002554   0x00000002   Code   RO         1158    .text.HAL_TIMEx_CommutCallback  stm32g4xx_hal_tim_ex.o
    0x08002556   0x08002556   0x00000002   PAD
    0x08002558   0x08002558   0x00000002   Code   RO         1168    .text.HAL_TIMEx_DirectionChangeCallback  stm32g4xx_hal_tim_ex.o
    0x0800255a   0x0800255a   0x00000002   PAD
    0x0800255c   0x0800255c   0x00000002   Code   RO         1166    .text.HAL_TIMEx_EncoderIndexCallback  stm32g4xx_hal_tim_ex.o
    0x0800255e   0x0800255e   0x00000002   PAD
    0x08002560   0x08002560   0x00000002   Code   RO         1170    .text.HAL_TIMEx_IndexErrorCallback  stm32g4xx_hal_tim_ex.o
    0x08002562   0x08002562   0x00000002   PAD
    0x08002564   0x08002564   0x000000de   Code   RO         1108    .text.HAL_TIMEx_MasterConfigSynchronization  stm32g4xx_hal_tim_ex.o
    0x08002642   0x08002642   0x00000002   PAD
    0x08002644   0x08002644   0x00000002   Code   RO         1172    .text.HAL_TIMEx_TransitionErrorCallback  stm32g4xx_hal_tim_ex.o
    0x08002646   0x08002646   0x00000002   PAD
    0x08002648   0x08002648   0x00000062   Code   RO          813    .text.HAL_TIM_Base_Init  stm32g4xx_hal_tim.o
    0x080026aa   0x080026aa   0x00000002   PAD
    0x080026ac   0x080026ac   0x00000138   Code   RO           83    .text.HAL_TIM_Base_MspInit  tim.o
    0x080027e4   0x080027e4   0x000000ba   Code   RO          827    .text.HAL_TIM_Base_Start_IT  stm32g4xx_hal_tim.o
    0x0800289e   0x0800289e   0x00000002   PAD
    0x080028a0   0x080028a0   0x00000220   Code   RO          993    .text.HAL_TIM_ConfigClockSource  stm32g4xx_hal_tim.o
    0x08002ac0   0x08002ac0   0x00000002   Code   RO         1013    .text.HAL_TIM_ErrorCallback  stm32g4xx_hal_tim.o
    0x08002ac2   0x08002ac2   0x00000002   PAD
    0x08002ac4   0x08002ac4   0x00000002   Code   RO          949    .text.HAL_TIM_IC_CaptureCallback  stm32g4xx_hal_tim.o
    0x08002ac6   0x08002ac6   0x00000002   PAD
    0x08002ac8   0x08002ac8   0x000001cc   Code   RO          947    .text.HAL_TIM_IRQHandler  stm32g4xx_hal_tim.o
    0x08002c94   0x08002c94   0x00000002   Code   RO          951    .text.HAL_TIM_OC_DelayElapsedCallback  stm32g4xx_hal_tim.o
    0x08002c96   0x08002c96   0x00000002   PAD
    0x08002c98   0x08002c98   0x000003fc   Code   RO          967    .text.HAL_TIM_PWM_ConfigChannel  stm32g4xx_hal_tim.o
    0x08003094   0x08003094   0x00000062   Code   RO          867    .text.HAL_TIM_PWM_Init  stm32g4xx_hal_tim.o
    0x080030f6   0x080030f6   0x00000002   PAD
    0x080030f8   0x080030f8   0x00000002   Code   RO          869    .text.HAL_TIM_PWM_MspInit  stm32g4xx_hal_tim.o
    0x080030fa   0x080030fa   0x00000002   PAD
    0x080030fc   0x080030fc   0x00000002   Code   RO          953    .text.HAL_TIM_PWM_PulseFinishedCallback  stm32g4xx_hal_tim.o
    0x080030fe   0x080030fe   0x00000002   PAD
    0x08003100   0x08003100   0x00000002   Code   RO         1009    .text.HAL_TIM_PWM_PulseFinishedHalfCpltCallback  stm32g4xx_hal_tim.o
    0x08003102   0x08003102   0x00000002   PAD
    0x08003104   0x08003104   0x00000302   Code   RO          883    .text.HAL_TIM_PWM_Start_DMA  stm32g4xx_hal_tim.o
    0x08003406   0x08003406   0x00000002   PAD
    0x08003408   0x08003408   0x000000da   Code   RO          885    .text.HAL_TIM_PWM_Stop_DMA  stm32g4xx_hal_tim.o
    0x080034e2   0x080034e2   0x00000002   PAD
    0x080034e4   0x080034e4   0x0000003c   Code   RO           17    .text.HAL_TIM_PeriodElapsedCallback  main.o
    0x08003520   0x08003520   0x00000002   Code   RO          957    .text.HAL_TIM_TriggerCallback  stm32g4xx_hal_tim.o
    0x08003522   0x08003522   0x00000002   PAD
    0x08003524   0x08003524   0x00000036   Code   RO         1349    .text.HAL_UARTEx_DisableFifoMode  stm32g4xx_hal_uart_ex.o
    0x0800355a   0x0800355a   0x00000002   PAD
    0x0800355c   0x0800355c   0x0000008c   Code   RO         1353    .text.HAL_UARTEx_SetRxFifoThreshold  stm32g4xx_hal_uart_ex.o
    0x080035e8   0x080035e8   0x0000008c   Code   RO         1351    .text.HAL_UARTEx_SetTxFifoThreshold  stm32g4xx_hal_uart_ex.o
    0x08003674   0x08003674   0x00000064   Code   RO         1187    .text.HAL_UART_Init  stm32g4xx_hal_uart.o
    0x080036d8   0x080036d8   0x00000090   Code   RO          103    .text.HAL_UART_MspInit  usart.o
    0x08003768   0x08003768   0x00000002   Code   RO          118    .text.HardFault_Handler  stm32g4xx_it.o
    0x0800376a   0x0800376a   0x00000002   PAD
    0x0800376c   0x0800376c   0x00000056   Code   RO           42    .text.MX_DMA_Init   dma.o
    0x080037c2   0x080037c2   0x00000002   PAD
    0x080037c4   0x080037c4   0x0000005a   Code   RO           51    .text.MX_FDCAN1_Init  fdcan.o
    0x0800381e   0x0800381e   0x00000002   PAD
    0x08003820   0x08003820   0x0000005a   Code   RO           53    .text.MX_FDCAN2_Init  fdcan.o
    0x0800387a   0x0800387a   0x00000002   PAD
    0x0800387c   0x0800387c   0x0000005a   Code   RO           55    .text.MX_FDCAN3_Init  fdcan.o
    0x080038d6   0x080038d6   0x00000002   PAD
    0x080038d8   0x080038d8   0x000000ba   Code   RO           33    .text.MX_GPIO_Init  gpio.o
    0x08003992   0x08003992   0x00000002   PAD
    0x08003994   0x08003994   0x00000146   Code   RO           73    .text.MX_TIM2_Init  tim.o
    0x08003ada   0x08003ada   0x00000002   PAD
    0x08003adc   0x08003adc   0x00000142   Code   RO           77    .text.MX_TIM5_Init  tim.o
    0x08003c1e   0x08003c1e   0x00000002   PAD
    0x08003c20   0x08003c20   0x00000050   Code   RO           79    .text.MX_TIM6_Init  tim.o
    0x08003c70   0x08003c70   0x00000050   Code   RO           81    .text.MX_TIM7_Init  tim.o
    0x08003cc0   0x08003cc0   0x00000082   Code   RO          101    .text.MX_USART2_UART_Init  usart.o
    0x08003d42   0x08003d42   0x00000002   PAD
    0x08003d44   0x08003d44   0x00000002   Code   RO          120    .text.MemManage_Handler  stm32g4xx_it.o
    0x08003d46   0x08003d46   0x00000002   PAD
    0x08003d48   0x08003d48   0x00000002   Code   RO          116    .text.NMI_Handler   stm32g4xx_it.o
    0x08003d4a   0x08003d4a   0x00000002   PAD
    0x08003d4c   0x08003d4c   0x00000018   Code   RO         1395    .text.OFFENSIVE_RESET  key_bsp.o
    0x08003d64   0x08003d64   0x00000002   Code   RO          130    .text.PendSV_Handler  stm32g4xx_it.o
    0x08003d66   0x08003d66   0x00000002   PAD
    0x08003d68   0x08003d68   0x00000018   Code   RO         1403    .text.RESERVED1_BEGIN  key_bsp.o
    0x08003d80   0x08003d80   0x00000018   Code   RO         1405    .text.RESERVED2_BEGIN  key_bsp.o
    0x08003d98   0x08003d98   0x0000031e   Code   RO         1391    .text.Refresh_Button_State  key_bsp.o
    0x080040b6   0x080040b6   0x00000002   PAD
    0x080040b8   0x080040b8   0x0000015a   Code   RO         1445    .text.Refresh_HeartBeat_Time  heartbeat.o
    0x08004212   0x08004212   0x00000002   PAD
    0x08004214   0x08004214   0x00000018   Code   RO         1399    .text.SELF_TEST_BEGIN  key_bsp.o
    0x0800422c   0x0800422c   0x00000002   Code   RO          126    .text.SVC_Handler   stm32g4xx_it.o
    0x0800422e   0x0800422e   0x00000002   PAD
    0x08004230   0x08004230   0x00000004   Code   RO          132    .text.SysTick_Handler  stm32g4xx_it.o
    0x08004234   0x08004234   0x00000012   Code   RO         1372    .text.SystemInit    system_stm32g4xx.o
    0x08004246   0x08004246   0x00000002   PAD
    0x08004248   0x08004248   0x0000000c   Code   RO          142    .text.TIM6_DAC_IRQHandler  stm32g4xx_it.o
    0x08004254   0x08004254   0x0000000c   Code   RO          144    .text.TIM7_DAC_IRQHandler  stm32g4xx_it.o
    0x08004260   0x08004260   0x00000152   Code   RO          817    .text.TIM_Base_SetConfig  stm32g4xx_hal_tim.o
    0x080043b2   0x080043b2   0x00000002   PAD
    0x080043b4   0x080043b4   0x0000006a   Code   RO          861    .text.TIM_DMADelayPulseCplt  stm32g4xx_hal_tim.o
    0x0800441e   0x0800441e   0x00000002   PAD
    0x08004420   0x08004420   0x00000038   Code   RO          863    .text.TIM_DMADelayPulseHalfCplt  stm32g4xx_hal_tim.o
    0x08004458   0x08004458   0x0000005e   Code   RO          837    .text.TIM_DMAError  stm32g4xx_hal_tim.o
    0x080044b6   0x080044b6   0x00000002   PAD
    0x080044b8   0x080044b8   0x000000e6   Code   RO         1191    .text.UART_AdvFeatureConfig  stm32g4xx_hal_uart.o
    0x0800459e   0x0800459e   0x00000002   PAD
    0x080045a0   0x080045a0   0x0000016a   Code   RO         1195    .text.UART_CheckIdleState  stm32g4xx_hal_uart.o
    0x0800470a   0x0800470a   0x00000002   PAD
    0x0800470c   0x0800470c   0x000002b4   Code   RO         1193    .text.UART_SetConfig  stm32g4xx_hal_uart.o
    0x080049c0   0x080049c0   0x00000336   Code   RO         1209    .text.UART_WaitOnFlagUntilTimeout  stm32g4xx_hal_uart.o
    0x08004cf6   0x08004cf6   0x00000002   PAD
    0x08004cf8   0x08004cf8   0x00000002   Code   RO          124    .text.UsageFault_Handler  stm32g4xx_it.o
    0x08004cfa   0x08004cfa   0x00000002   PAD
    0x08004cfc   0x08004cfc   0x00000520   Code   RO         1428    .text.WS2812_DisPlay_HeartBeat_Error  ws2812.o
    0x0800521c   0x0800521c   0x0000002e   Code   RO         1426    .text.WS2812_NewRound_Send  ws2812.o
    0x0800524a   0x0800524a   0x00000002   PAD
    0x0800524c   0x0800524c   0x000001e0   Code   RO         1422    .text.WS2812_Set_Single_Color  ws2812.o
    0x0800542c   0x0800542c   0x000000f0   Code   RO           11    .text.main          main.o
    0x0800551c   0x0800551c   0x0000001a   Code   RO         1605    x$fpl$fpinit        fz_wm.l(fpinit.o)
    0x08005536   0x08005536   0x00000010   Data   RO         1377    .rodata.AHBPrescTable  system_stm32g4xx.o
    0x08005546   0x08005546   0x00000008   Data   RO         1378    .rodata.APBPrescTable  system_stm32g4xx.o
    0x0800554e   0x0800554e   0x0000003c   Data   RO         1457    .rodata.Color_Table  color.o
    0x0800558a   0x0800558a   0x00000018   Data   RO         1321    .rodata.UARTPrescTable  stm32g4xx_hal_uart.o
    0x080055a2   0x080055a2   0x00000002   PAD
    0x080055a4   0x080055a4   0x00000060   Data   RO         1409    .rodata.buttonActions  key_bsp.o
    0x08005604   0x08005604   0x00000010   Data   RO          289    .rodata.cst16       stm32g4xx_hal_fdcan.o
    0x08005614   0x08005614   0x00000030   Data   RO         1033    .rodata.cst16       stm32g4xx_hal_tim.o
    0x08005644   0x08005644   0x00000010   Data   RO         1322    .rodata.cst16       stm32g4xx_hal_uart.o
    0x08005654   0x08005654   0x00000010   Data   RO         1363    .rodata.cst8        stm32g4xx_hal_uart_ex.o
    0x08005664   0x08005664   0x00000020   Data   RO         1666    Region$$Table       anon$$obj.o


    Execution Region RW_IRAM1 (Exec base: 0x20000000, Load base: 0x08005688, Size: 0x00001650, Max: 0x00020000, ABSOLUTE)

    Exec Addr    Load Addr    Size         Type   Attr      Idx    E Section Name        Object

    0x20000000   0x08005688   0x00000008   Data   RW          375    .data..L_MergedGlobals  stm32g4xx_hal.o
    0x20000008   0x08005690   0x0000000a   Data   RW         1433    .data..L_MergedGlobals  ws2812.o
    0x20000012   0x0800569a   0x00000006   Data   RW         1410    .data..compoundliteral  key_bsp.o
    0x20000018   0x080056a0   0x00000006   Data   RW         1411    .data..compoundliteral.1  key_bsp.o
    0x2000001e   0x080056a6   0x00000006   Data   RW         1412    .data..compoundliteral.2  key_bsp.o
    0x20000024   0x080056ac   0x00000006   Data   RW         1413    .data..compoundliteral.3  key_bsp.o
    0x2000002a   0x080056b2   0x00000002   PAD
    0x2000002c   0x080056b4   0x00000004   Data   RW         1376    .data.SystemCoreClock  system_stm32g4xx.o
    0x20000030   0x080056b8   0x00000001   Data   RW         1407    .data.TxMessage     key_bsp.o
    0x20000031   0x080056b9   0x00000007   PAD
    0x20000038        -       0x00000060   Zero   RW         1531    .bss                c_w.l(libspace.o)
    0x20000098        -       0x00000030   Zero   RW         1448    .bss..L_MergedGlobals  heartbeat.o
    0x200000c8        -       0x00000040   Zero   RW         1471    .bss.CAN1_RxData    fdcan_bsp.o
    0x20000108        -       0x00000028   Zero   RW         1474    .bss.CAN1_RxMessage  fdcan_bsp.o
    0x20000130        -       0x00000040   Zero   RW         1472    .bss.CAN2_RxData    fdcan_bsp.o
    0x20000170        -       0x00000028   Zero   RW         1475    .bss.CAN2_RxMessage  fdcan_bsp.o
    0x20000198        -       0x00000040   Zero   RW         1473    .bss.CAN3_RxData    fdcan_bsp.o
    0x200001d8        -       0x00000028   Zero   RW         1476    .bss.CAN3_RxMessage  fdcan_bsp.o
    0x20000200        -       0x00000004   Zero   RW           64    .bss.HAL_RCC_FDCAN_CLK_ENABLED  fdcan.o
    0x20000204        -       0x00000001   Zero   RW         1447    .bss.HeartBeat_Display  heartbeat.o
    0x20000205   0x080056b9   0x00000003   PAD
    0x20000208        -       0x00000a28   Zero   RW         1432    .bss.Send_Buffer    ws2812.o
    0x20000c30        -       0x00000008   Zero   RW           23    .bss.USER_sysTick   main.o
    0x20000c38        -       0x00000060   Zero   RW         1408    .bss.buttons        key_bsp.o
    0x20000c98        -       0x00000060   Zero   RW           91    .bss.hdma_tim2_ch1  tim.o
    0x20000cf8        -       0x00000060   Zero   RW           92    .bss.hdma_tim5_ch2  tim.o
    0x20000d58        -       0x00000064   Zero   RW           61    .bss.hfdcan1        fdcan.o
    0x20000dbc        -       0x00000064   Zero   RW           62    .bss.hfdcan2        fdcan.o
    0x20000e20        -       0x00000064   Zero   RW           63    .bss.hfdcan3        fdcan.o
    0x20000e84        -       0x0000004c   Zero   RW           87    .bss.htim2          tim.o
    0x20000ed0        -       0x0000004c   Zero   RW           88    .bss.htim5          tim.o
    0x20000f1c        -       0x0000004c   Zero   RW           89    .bss.htim6          tim.o
    0x20000f68        -       0x0000004c   Zero   RW           90    .bss.htim7          tim.o
    0x20000fb4        -       0x00000094   Zero   RW          107    .bss.huart2         usart.o
    0x20001048        -       0x00000004   Zero   RW          374    .bss.uwTick         stm32g4xx_hal.o
    0x2000104c   0x080056b9   0x00000004   PAD
    0x20001050        -       0x00000200   Zero   RW            2    HEAP                startup_stm32g474xx.o
    0x20001250        -       0x00000400   Zero   RW            1    STACK               startup_stm32g474xx.o


==============================================================================

Image component sizes


      Code (inc. data)   RO Data    RW Data    ZI Data      Debug   Object Name

         0          0         60          0          0        610   color.o
        86          0          0          0          0       4123   dma.o
       688          0          0          0        304       9144   fdcan.o
       196         66          0          0        312       8248   fdcan_bsp.o
       186          0          0          0          0       2329   gpio.o
       528         16          0          0         49       4046   heartbeat.o
      1678         36         96         25         96       8063   key_bsp.o
       466          0          0          0          8       9797   main.o
        64         26        472          0       1536        836   startup_stm32g474xx.o
       188          0          0          8          4       9602   stm32g4xx_hal.o
       196          0          0          0          0      11092   stm32g4xx_hal_cortex.o
       810          0          0          0          0       9172   stm32g4xx_hal_dma.o
      1536          0         16          0          0      23505   stm32g4xx_hal_fdcan.o
       444          0          0          0          0       5256   stm32g4xx_hal_gpio.o
        52          0          0          0          0       1755   stm32g4xx_hal_msp.o
       288          0          0          0          0       9290   stm32g4xx_hal_pwr_ex.o
      2216          0          0          0          0      10322   stm32g4xx_hal_rcc.o
       726          0          0          0          0      11415   stm32g4xx_hal_rcc_ex.o
      4002         32         48          0          0      63894   stm32g4xx_hal_tim.o
       236          0          0          0          0      31002   stm32g4xx_hal_tim_ex.o
      2206         48         40          0          0      42887   stm32g4xx_hal_uart.o
       334          0         16          0          0      11293   stm32g4xx_hal_uart_ex.o
       140          0          0          0          0       8007   stm32g4xx_it.o
        18          0         24          4          0       2787   system_stm32g4xx.o
      1120          6          0          0        496      12326   tim.o
       274          0          0          0        148       6901   usart.o
      1838         12          0         10       2600      11723   ws2812.o

    ----------------------------------------------------------------------
     20672        242        806         52       5564     329425   Object Totals
         0          0         32          0          0          0   (incl. Generated)
       156          0          2          5         11          0   (incl. Padding)

    ----------------------------------------------------------------------

      Code (inc. data)   RO Data    RW Data    ZI Data      Debug   Library Member Name

         8          0          0          0          0         68   __main.o
         0          0          0          0          0          0   __rtentry.o
        12          0          0          0          0          0   __rtentry2.o
         6          0          0          0          0          0   __rtentry4.o
        94          8          0          0          0          0   __scatter.o
        26          0          0          0          0          0   __scatter_copy.o
        28          0          0          0          0          0   __scatter_zi.o
        18          0          0          0          0         80   exit.o
         6          0          0          0          0        152   heapauxi.o
         0          0          0          0          0          0   indicate_semi.o
         2          0          0          0          0          0   libinit.o
         6          0          0          0          0          0   libinit2.o
         2          0          0          0          0          0   libshutdown.o
         2          0          0          0          0          0   libshutdown2.o
         8          4          0          0         96         68   libspace.o
       240          0          0          0          0        100   lludivv7m.o
        78          0          0          0          0         80   rt_memclr_w.o
         2          0          0          0          0          0   rtexit.o
        10          0          0          0          0          0   rtexit2.o
        12          4          0          0          0         68   sys_exit.o
        74          0          0          0          0         80   sys_stackheap_outer.o
         2          0          0          0          0         68   use_no_semi.o
        26          0          0          0          0        116   fpinit.o

    ----------------------------------------------------------------------
       670         16          0          0         96        880   Library Totals
         8          0          0          0          0          0   (incl. Padding)

    ----------------------------------------------------------------------

      Code (inc. data)   RO Data    RW Data    ZI Data      Debug   Library Name

       636         16          0          0         96        764   c_w.l
        26          0          0          0          0        116   fz_wm.l

    ----------------------------------------------------------------------
       670         16          0          0         96        880   Library Totals

    ----------------------------------------------------------------------

==============================================================================


      Code (inc. data)   RO Data    RW Data    ZI Data      Debug   

     21342        258        806         52       5660     329633   Grand Totals
     21342        258        806         52       5660     329633   ELF Image Totals
     21342        258        806         52          0          0   ROM Totals

==============================================================================

    Total RO  Size (Code + RO Data)                22148 (  21.63kB)
    Total RW  Size (RW Data + ZI Data)              5712 (   5.58kB)
    Total ROM Size (Code + RO Data + RW Data)      22200 (  21.68kB)

==============================================================================

