<html>
<body>
<pre>
<h1>µVision Build Log</h1>
<h2>Tool Versions:</h2>
IDE-Version: ¦ÌVision V5.42.0.0
Copyright (C) 2025 ARM Ltd and ARM Germany GmbH. All rights reserved.
License Information: fast break, FoShanDRG, LIC=9WSKC-7P728-QDFKD-82QAF-1NV0I-ACA5X
 
Tool Versions:
Toolchain:       MDK-ARM Plus  Version: 5.42.0.0
Toolchain Path:  C:\Users\liuch\AppData\Local\Keil_v5\ARM\ARMCC2\Bin
C Compiler:      ArmClang.exe V6.24
Assembler:       Armasm.exe V6.24
Linker/Locator:  ArmLink.exe V6.24
Library Manager: ArmAr.exe V6.24
Hex Converter:   FromElf.exe V6.24
CPU DLL:         SARMCM3.DLL V5.42.0.0
Dialog DLL:      DCM.DLL V1.17.5.0
Target DLL:      STLink\ST-LINKIII-KEIL_SWO.dll V3.3.0.0
Dialog DLL:      TCM.DLL V1.56.6.0
 
<h2>Project:</h2>
c:\STM32_PROGRAM\R1_LightBoard_V3\MDK-ARM\R1_LightBoard_V3.uvprojx
Project File Date:  07/21/2025

<h2>Output:</h2>
*** Using Compiler 'V6.24', folder: 'C:\Users\liuch\AppData\Local\Keil_v5\ARM\ARMCC2\Bin'
Rebuild target 'R1_LightBoard_V3'
compiling gpio.c...
compiling stm32g4xx_it.c...
compiling main.c...
compiling dma.c...
assembling startup_stm32g474xx.s...
compiling stm32g4xx_hal_msp.c...
compiling usart.c...
compiling stm32g4xx_hal_rcc_ex.c...
compiling stm32g4xx_hal.c...
compiling tim.c...
compiling stm32g4xx_hal_flash.c...
compiling fdcan.c...
compiling stm32g4xx_hal_flash_ex.c...
compiling stm32g4xx_hal_rcc.c...
compiling stm32g4xx_hal_flash_ramfunc.c...
compiling stm32g4xx_hal_fdcan.c...
compiling stm32g4xx_hal_gpio.c...
compiling stm32g4xx_hal_exti.c...
compiling stm32g4xx_hal_dma_ex.c...
compiling stm32g4xx_hal_dma.c...
compiling stm32g4xx_hal_cortex.c...
compiling stm32g4xx_hal_pwr.c...
compiling system_stm32g4xx.c...
compiling stm32g4xx_hal_pwr_ex.c...
compiling stm32g4xx_hal_uart_ex.c...
compiling Key_bsp.c...
compiling HeartBeat.c...
compiling WS2812.c...
compiling Color.c...
compiling FDcan_bsp.c...
compiling stm32g4xx_hal_tim_ex.c...
compiling stm32g4xx_hal_uart.c...
compiling stm32g4xx_hal_tim.c...
linking...
Program Size: Code=21342 RO-data=806 RW-data=52 ZI-data=5660  
FromELF: creating hex file...
"R1_LightBoard_V3\R1_LightBoard_V3.axf" - 0 Error(s), 0 Warning(s).

<h2>Software Packages used:</h2>

Package Vendor: ARM
                https://www.keil.com/pack/ARM.CMSIS.6.1.0.pack
                ARM::CMSIS@6.1.0
                CMSIS (Common Microcontroller Software Interface Standard)
   * Component: CORE Version: 6.1.0

Package Vendor: Keil
                https://www.keil.com/pack/Keil.STM32G4xx_DFP.2.0.0.pack
                Keil::STM32G4xx_DFP@2.0.0
                STMicroelectronics STM32G4 Series Device Support

<h2>Collection of Component include folders:</h2>
  ./RTE/_R1_LightBoard_V3
  C:/Users/liuch/AppData/Local/Arm/Packs/ARM/CMSIS/6.1.0/CMSIS/Core/Include

<h2>Collection of Component Files used:</h2>

   * Component: ARM::CMSIS:CORE@6.1.0
      Include file:  CMSIS/Core/Include/tz_context.h
Build Time Elapsed:  00:00:04
</pre>
</body>
</html>
