Component: Arm Compiler for Embedded 6.24 Tool: armlink [5f371500]

==============================================================================

Section Cross References

    startup_stm32g474xx.o(STACK) refers (Special) to heapauxi.o(.text) for __use_two_region_memory
    startup_stm32g474xx.o(HEAP) refers (Special) to heapauxi.o(.text) for __use_two_region_memory
    startup_stm32g474xx.o(RESET) refers (Special) to heapauxi.o(.text) for __use_two_region_memory
    startup_stm32g474xx.o(RESET) refers to startup_stm32g474xx.o(STACK) for __initial_sp
    startup_stm32g474xx.o(RESET) refers to startup_stm32g474xx.o(.text) for Reset_Handler
    startup_stm32g474xx.o(RESET) refers to stm32g4xx_it.o(.text.NMI_Handler) for NMI_Handler
    startup_stm32g474xx.o(RESET) refers to stm32g4xx_it.o(.text.HardFault_Handler) for HardFault_Handler
    startup_stm32g474xx.o(RESET) refers to stm32g4xx_it.o(.text.MemManage_Handler) for MemManage_Handler
    startup_stm32g474xx.o(RESET) refers to stm32g4xx_it.o(.text.BusFault_Handler) for BusFault_Handler
    startup_stm32g474xx.o(RESET) refers to stm32g4xx_it.o(.text.UsageFault_Handler) for UsageFault_Handler
    startup_stm32g474xx.o(RESET) refers to stm32g4xx_it.o(.text.SVC_Handler) for SVC_Handler
    startup_stm32g474xx.o(RESET) refers to stm32g4xx_it.o(.text.DebugMon_Handler) for DebugMon_Handler
    startup_stm32g474xx.o(RESET) refers to stm32g4xx_it.o(.text.PendSV_Handler) for PendSV_Handler
    startup_stm32g474xx.o(RESET) refers to stm32g4xx_it.o(.text.SysTick_Handler) for SysTick_Handler
    startup_stm32g474xx.o(RESET) refers to stm32g4xx_it.o(.text.DMA1_Channel1_IRQHandler) for DMA1_Channel1_IRQHandler
    startup_stm32g474xx.o(RESET) refers to stm32g4xx_it.o(.text.DMA1_Channel2_IRQHandler) for DMA1_Channel2_IRQHandler
    startup_stm32g474xx.o(RESET) refers to stm32g4xx_it.o(.text.FDCAN1_IT0_IRQHandler) for FDCAN1_IT0_IRQHandler
    startup_stm32g474xx.o(RESET) refers to stm32g4xx_it.o(.text.FDCAN1_IT1_IRQHandler) for FDCAN1_IT1_IRQHandler
    startup_stm32g474xx.o(RESET) refers to stm32g4xx_it.o(.text.EXTI15_10_IRQHandler) for EXTI15_10_IRQHandler
    startup_stm32g474xx.o(RESET) refers to stm32g4xx_it.o(.text.TIM6_DAC_IRQHandler) for TIM6_DAC_IRQHandler
    startup_stm32g474xx.o(RESET) refers to stm32g4xx_it.o(.text.TIM7_DAC_IRQHandler) for TIM7_DAC_IRQHandler
    startup_stm32g474xx.o(RESET) refers to stm32g4xx_it.o(.text.FDCAN2_IT0_IRQHandler) for FDCAN2_IT0_IRQHandler
    startup_stm32g474xx.o(RESET) refers to stm32g4xx_it.o(.text.FDCAN2_IT1_IRQHandler) for FDCAN2_IT1_IRQHandler
    startup_stm32g474xx.o(RESET) refers to stm32g4xx_it.o(.text.FDCAN3_IT0_IRQHandler) for FDCAN3_IT0_IRQHandler
    startup_stm32g474xx.o(RESET) refers to stm32g4xx_it.o(.text.FDCAN3_IT1_IRQHandler) for FDCAN3_IT1_IRQHandler
    startup_stm32g474xx.o(.text) refers (Special) to heapauxi.o(.text) for __use_two_region_memory
    startup_stm32g474xx.o(.text) refers to system_stm32g4xx.o(.text.SystemInit) for SystemInit
    startup_stm32g474xx.o(.text) refers to __main.o(!!!main) for __main
    startup_stm32g474xx.o(.text) refers to startup_stm32g474xx.o(HEAP) for Heap_Mem
    startup_stm32g474xx.o(.text) refers to startup_stm32g474xx.o(STACK) for Stack_Mem
    main.o(.text.main) refers to stm32g4xx_hal.o(.text.HAL_Init) for HAL_Init
    main.o(.text.main) refers to main.o(.text.SystemClock_Config) for SystemClock_Config
    main.o(.text.main) refers to gpio.o(.text.MX_GPIO_Init) for MX_GPIO_Init
    main.o(.text.main) refers to dma.o(.text.MX_DMA_Init) for MX_DMA_Init
    main.o(.text.main) refers to fdcan.o(.text.MX_FDCAN1_Init) for MX_FDCAN1_Init
    main.o(.text.main) refers to fdcan.o(.text.MX_FDCAN2_Init) for MX_FDCAN2_Init
    main.o(.text.main) refers to fdcan.o(.text.MX_FDCAN3_Init) for MX_FDCAN3_Init
    main.o(.text.main) refers to tim.o(.text.MX_TIM2_Init) for MX_TIM2_Init
    main.o(.text.main) refers to tim.o(.text.MX_TIM5_Init) for MX_TIM5_Init
    main.o(.text.main) refers to usart.o(.text.MX_USART2_UART_Init) for MX_USART2_UART_Init
    main.o(.text.main) refers to tim.o(.text.MX_TIM6_Init) for MX_TIM6_Init
    main.o(.text.main) refers to tim.o(.text.MX_TIM7_Init) for MX_TIM7_Init
    main.o(.text.main) refers to main.o(.text.Peripherals_Init) for Peripherals_Init
    main.o(.text.main) refers to key_bsp.o(.text.Button_Function_Execute) for Button_Function_Execute
    main.o(.text.main) refers to stm32g4xx_hal.o(.text.HAL_Delay) for HAL_Delay
    main.o(.ARM.exidx.text.main) refers to main.o(.text.main) for [Anonymous Symbol]
    main.o(.text.SystemClock_Config) refers to rt_memclr_w.o(.text) for __aeabi_memclr4
    main.o(.text.SystemClock_Config) refers to stm32g4xx_hal_pwr_ex.o(.text.HAL_PWREx_ControlVoltageScaling) for HAL_PWREx_ControlVoltageScaling
    main.o(.text.SystemClock_Config) refers to stm32g4xx_hal_rcc.o(.text.HAL_RCC_OscConfig) for HAL_RCC_OscConfig
    main.o(.text.SystemClock_Config) refers to main.o(.text.Error_Handler) for Error_Handler
[...]
    [Anonymous Symbol]                       0x08005d44   Section        0  stm32g4xx_it.o(.text.SVC_Handler)
    Set_LED_Group_Color                      0x08005d49   Thumb Code   110  ws2812.o(.text.Set_LED_Group_Color)
    [Anonymous Symbol]                       0x08005d48   Section        0  ws2812.o(.text.Set_LED_Group_Color)
    SysTick_Config                           0x08005db9   Thumb Code    82  stm32g4xx_hal_cortex.o(.text.SysTick_Config)
    [Anonymous Symbol]                       0x08005db8   Section        0  stm32g4xx_hal_cortex.o(.text.SysTick_Config)
    [Anonymous Symbol]                       0x08005e0c   Section        0  stm32g4xx_it.o(.text.SysTick_Handler)
    [Anonymous Symbol]                       0x08005e14   Section        0  main.o(.text.SystemClock_Config)
    [Anonymous Symbol]                       0x08005e88   Section        0  system_stm32g4xx.o(.text.SystemInit)
    [Anonymous Symbol]                       0x08005e9c   Section        0  stm32g4xx_it.o(.text.TIM6_DAC_IRQHandler)
    [Anonymous Symbol]                       0x08005eac   Section        0  stm32g4xx_it.o(.text.TIM7_DAC_IRQHandler)
    [Anonymous Symbol]                       0x08005ebc   Section        0  stm32g4xx_hal_tim.o(.text.TIM_Base_SetConfig)
    [Anonymous Symbol]                       0x080060a4   Section        0  stm32g4xx_hal_tim.o(.text.TIM_CCxChannelCmd)
    TIM_DMADelayPulseCplt                    0x080060dd   Thumb Code   188  stm32g4xx_hal_tim.o(.text.TIM_DMADelayPulseCplt)
    [Anonymous Symbol]                       0x080060dc   Section        0  stm32g4xx_hal_tim.o(.text.TIM_DMADelayPulseCplt)
    [Anonymous Symbol]                       0x08006198   Section        0  stm32g4xx_hal_tim.o(.text.TIM_DMADelayPulseHalfCplt)
    [Anonymous Symbol]                       0x0800620c   Section        0  stm32g4xx_hal_tim.o(.text.TIM_DMAError)
    [Anonymous Symbol]                       0x080062a8   Section        0  stm32g4xx_hal_tim.o(.text.TIM_ETR_SetConfig)
    TIM_ITRx_SetConfig                       0x080062dd   Thumb Code    48  stm32g4xx_hal_tim.o(.text.TIM_ITRx_SetConfig)
    [Anonymous Symbol]                       0x080062dc   Section        0  stm32g4xx_hal_tim.o(.text.TIM_ITRx_SetConfig)
    TIM_OC1_SetConfig                        0x0800630d   Thumb Code   372  stm32g4xx_hal_tim.o(.text.TIM_OC1_SetConfig)
    [Anonymous Symbol]                       0x0800630c   Section        0  stm32g4xx_hal_tim.o(.text.TIM_OC1_SetConfig)
    [Anonymous Symbol]                       0x08006480   Section        0  stm32g4xx_hal_tim.o(.text.TIM_OC2_SetConfig)
    TIM_OC3_SetConfig                        0x08006611   Thumb Code   398  stm32g4xx_hal_tim.o(.text.TIM_OC3_SetConfig)
    [Anonymous Symbol]                       0x08006610   Section        0  stm32g4xx_hal_tim.o(.text.TIM_OC3_SetConfig)
    TIM_OC4_SetConfig                        0x080067a1   Thumb Code   400  stm32g4xx_hal_tim.o(.text.TIM_OC4_SetConfig)
    [Anonymous Symbol]                       0x080067a0   Section        0  stm32g4xx_hal_tim.o(.text.TIM_OC4_SetConfig)
    TIM_OC5_SetConfig                        0x08006931   Thumb Code   226  stm32g4xx_hal_tim.o(.text.TIM_OC5_SetConfig)
    [Anonymous Symbol]                       0x08006930   Section        0  stm32g4xx_hal_tim.o(.text.TIM_OC5_SetConfig)
    TIM_OC6_SetConfig                        0x08006a15   Thumb Code   228  stm32g4xx_hal_tim.o(.text.TIM_OC6_SetConfig)
    [Anonymous Symbol]                       0x08006a14   Section        0  stm32g4xx_hal_tim.o(.text.TIM_OC6_SetConfig)
    TIM_TI1_ConfigInputStage                 0x08006af9   Thumb Code    80  stm32g4xx_hal_tim.o(.text.TIM_TI1_ConfigInputStage)
    [Anonymous Symbol]                       0x08006af8   Section        0  stm32g4xx_hal_tim.o(.text.TIM_TI1_ConfigInputStage)
    TIM_TI2_ConfigInputStage                 0x08006b49   Thumb Code    82  stm32g4xx_hal_tim.o(.text.TIM_TI2_ConfigInputStage)
    [Anonymous Symbol]                       0x08006b48   Section        0  stm32g4xx_hal_tim.o(.text.TIM_TI2_ConfigInputStage)
    UARTEx_SetNbDataToProcess                0x08006b9d   Thumb Code   134  stm32g4xx_hal_uart_ex.o(.text.UARTEx_SetNbDataToProcess)
    [Anonymous Symbol]                       0x08006b9c   Section        0  stm32g4xx_hal_uart_ex.o(.text.UARTEx_SetNbDataToProcess)
    [Anonymous Symbol]                       0x08006c24   Section        0  stm32g4xx_hal_uart.o(.text.UART_AdvFeatureConfig)
    [Anonymous Symbol]                       0x08006d6c   Section        0  stm32g4xx_hal_uart.o(.text.UART_CheckIdleState)
    UART_EndRxTransfer                       0x08006eb5   Thumb Code   158  stm32g4xx_hal_uart.o(.text.UART_EndRxTransfer)
    [Anonymous Symbol]                       0x08006eb4   Section        0  stm32g4xx_hal_uart.o(.text.UART_EndRxTransfer)
    [Anonymous Symbol]                       0x08006f54   Section        0  stm32g4xx_hal_uart.o(.text.UART_SetConfig)
    [Anonymous Symbol]                       0x08007538   Section        0  stm32g4xx_hal_uart.o(.text.UART_WaitOnFlagUntilTimeout)
    [Anonymous Symbol]                       0x08007644   Section        0  stm32g4xx_it.o(.text.UsageFault_Handler)
    [Anonymous Symbol]                       0x08007648   Section        0  ws2812.o(.text.WS2812_Append_Reset)
    [Anonymous Symbol]                       0x08007690   Section        0  ws2812.o(.text.WS2812_DisPlay_HeartBeat_Error)
    [Anonymous Symbol]                       0x080078e8   Section        0  ws2812.o(.text.WS2812_Display_Now_Event)
    [Anonymous Symbol]                       0x08007c0c   Section        0  ws2812.o(.text.WS2812_NewRound_Send)
    [Anonymous Symbol]                       0x08007c38   Section        0  ws2812.o(.text.WS2812_Set_Single_Color)
    __NVIC_EnableIRQ                         0x08007de5   Thumb Code    48  stm32g4xx_hal_cortex.o(.text.__NVIC_EnableIRQ)
    [Anonymous Symbol]                       0x08007de4   Section        0  stm32g4xx_hal_cortex.o(.text.__NVIC_EnableIRQ)
    __NVIC_GetPriorityGrouping               0x08007e15   Thumb Code    16  stm32g4xx_hal_cortex.o(.text.__NVIC_GetPriorityGrouping)
    [Anonymous Symbol]                       0x08007e14   Section        0  stm32g4xx_hal_cortex.o(.text.__NVIC_GetPriorityGrouping)
    __NVIC_SetPriority                       0x08007e25   Thumb Code    66  stm32g4xx_hal_cortex.o(.text.__NVIC_SetPriority)
    [Anonymous Symbol]                       0x08007e24   Section        0  stm32g4xx_hal_cortex.o(.text.__NVIC_SetPriority)
    __NVIC_SetPriorityGrouping               0x08007e69   Thumb Code    60  stm32g4xx_hal_cortex.o(.text.__NVIC_SetPriorityGrouping)
    [Anonymous Symbol]                       0x08007e68   Section        0  stm32g4xx_hal_cortex.o(.text.__NVIC_SetPriorityGrouping)
    [Anonymous Symbol]                       0x08007ea4   Section        0  main.o(.text.main)
    $v0                                      0x08007eee   Number         0  fpinit.o(x$fpl$fpinit)
    x$fpl$fpinit                             0x08007eee   Section       26  fpinit.o(x$fpl$fpinit)
    .L__const.Button_Init.ports              0x08007f08   Data          24  key_bsp.o(.rodata..L__const.Button_Init.ports)
    DLCtoBytes                               0x08007f74   Data          16  stm32g4xx_hal_fdcan.o(.rodata.DLCtoBytes)
    [Anonymous Symbol]                       0x08007f74   Section        0  stm32g4xx_hal_fdcan.o(.rodata.DLCtoBytes)
    UARTEx_SetNbDataToProcess.denominator    0x08007f84   Data           8  stm32g4xx_hal_uart_ex.o(.rodata.UARTEx_SetNbDataToProcess.denominator)
    [Anonymous Symbol]                       0x08007f84   Section        0  stm32g4xx_hal_uart_ex.o(.rodata.UARTEx_SetNbDataToProcess.denominator)
    UARTEx_SetNbDataToProcess.numerator      0x08007f8c   Data           8  stm32g4xx_hal_uart_ex.o(.rodata.UARTEx_SetNbDataToProcess.numerator)
    [Anonymous Symbol]                       0x08007f8c   Section        0  stm32g4xx_hal_uart_ex.o(.rodata.UARTEx_SetNbDataToProcess.numerator)
    buttonActions                            0x08007fac   Data          96  key_bsp.o(.rodata.buttonActions)
    [Anonymous Symbol]                       0x08007fac   Section        0  key_bsp.o(.rodata.buttonActions)
    .compoundliteral                         0x20000000   Data           6  key_bsp.o(.data..compoundliteral)
    [Anonymous Symbol]                       0x20000000   Section        0  key_bsp.o(.data..compoundliteral)
    .compoundliteral.1                       0x20000006   Data           6  key_bsp.o(.data..compoundliteral.1)
    [Anonymous Symbol]                       0x20000006   Section        0  key_bsp.o(.data..compoundliteral.1)
    .compoundliteral.2                       0x2000000c   Data           6  key_bsp.o(.data..compoundliteral.2)
    [Anonymous Symbol]                       0x2000000c   Section        0  key_bsp.o(.data..compoundliteral.2)
    .compoundliteral.3                       0x20000012   Data           6  key_bsp.o(.data..compoundliteral.3)
    [Anonymous Symbol]                       0x20000012   Section        0  key_bsp.o(.data..compoundliteral.3)
    .bss                                     0x20000038   Section       96  libspace.o(.bss)
    HAL_RCC_FDCAN_CLK_ENABLED                0x200001d4   Data           4  fdcan.o(.bss.HAL_RCC_FDCAN_CLK_ENABLED)
    [Anonymous Symbol]                       0x200001d4   Section        0  fdcan.o(.bss.HAL_RCC_FDCAN_CLK_ENABLED)
    Heap_Mem                                 0x20001060   Data         512  startup_stm32g474xx.o(HEAP)
    HEAP                                     0x20001060   Section      512  startup_stm32g474xx.o(HEAP)
    Stack_Mem                                0x20001260   Data        1024  startup_stm32g474xx.o(STACK)
    STACK                                    0x20001260   Section     1024  startup_stm32g474xx.o(STACK)
    __initial_sp                             0x20001660   Data           0  startup_stm32g474xx.o(STACK)

    Global Symbols

    Symbol Name                              Value     Ov Type        Size  Object(Section)

    BuildAttributes$$THM_ISAv4$E$P$D$K$B$S$7EM$VFPi3$EXTD16$VFPS$VFMA$PE$A:L22UL41UL21$X:L11$S22US41US21$IEEE1$IW$~IW$USESV6$~STKCKD$USESV7$~SHL$OSPACE$ROPI$EBA8$UX$STANDARDLIB$REQ8$PRES8$EABIv2 0x00000000   Number         0  anon$$obj.o ABSOLUTE
    __ARM_exceptions_init                     - Undefined Weak Reference
    __alloca_initialize                       - Undefined Weak Reference
    __arm_preinit_                            - Undefined Weak Reference
    __arm_relocate_pie_                       - Undefined Weak Reference
    __cpp_initialize__aeabi_                  - Undefined Weak Reference
    __cxa_finalize                            - Undefined Weak Reference
    __rt_locale                               - Undefined Weak Reference
    __sigvec_lookup                           - Undefined Weak Reference
    _atexit_init                              - Undefined Weak Reference
    _call_atexit_fns                          - Undefined Weak Reference
    _clock_init                               - Undefined Weak Reference
    _fp_trap_init                             - Undefined Weak Reference
    _fp_trap_shutdown                         - Undefined Weak Reference
    _get_lc_collate                           - Undefined Weak Reference
    _get_lc_ctype                             - Undefined Weak Reference
    _get_lc_monetary                          - Undefined Weak Reference
    _get_lc_numeric                           - Undefined Weak Reference
    _get_lc_time                              - Undefined Weak Reference
    _getenv_init                              - Undefined Weak Reference
    _handle_redirection                       - Undefined Weak Reference
    _init_alloc                               - Undefined Weak Reference
    _init_user_alloc                          - Undefined Weak Reference
    _initio                                   - Undefined Weak Reference
    _rand_init                                - Undefined Weak Reference
    _signal_finish                            - Undefined Weak Reference
    _signal_init                              - Undefined Weak Reference
    _terminate_alloc                          - Undefined Weak Reference
    _terminate_user_alloc                     - Undefined Weak Reference
    _terminateio                              - Undefined Weak Reference
    __Vectors_Size                           0x000001d8   Number         0  startup_stm32g474xx.o ABSOLUTE
    __Vectors                                0x08000000   Data           4  startup_stm32g474xx.o(RESET)
    __Vectors_End                            0x080001d8   Data           0  startup_stm32g474xx.o(RESET)
    __main                                   0x080001d9   Thumb Code     8  __main.o(!!!main)
    __scatterload                            0x080001e1   Thumb Code     0  __scatter.o(!!!scatter)
    __scatterload_rt2                        0x080001e1   Thumb Code    84  __scatter.o(!!!scatter)
    __scatterload_rt2_thumb_only             0x080001e1   Thumb Code     0  __scatter.o(!!!scatter)
    __scatterload_loop                       0x080001eb   Thumb Code     0  __scatter.o(!!!scatter)
    __scatterload_copy                       0x0800023d   Thumb Code    26  __scatter_copy.o(!!handler_copy)
    __scatterload_null                       0x08000259   Thumb Code     2  __scatter.o(!!handler_null)
    __scatterload_zeroinit                   0x0800025d   Thumb Code    28  __scatter_zi.o(!!handler_zi)
    __rt_lib_init                            0x08000279   Thumb Code     0  libinit.o(.ARM.Collect$$libinit$$00000000)
    __rt_lib_init_fp_1                       0x0800027b   Thumb Code     0  libinit2.o(.ARM.Collect$$libinit$$00000001)
    __rt_lib_init_alloca_1                   0x0800027f   Thumb Code     0  libinit2.o(.ARM.Collect$$libinit$$00000030)
    __rt_lib_init_argv_1                     0x0800027f   Thumb Code     0  libinit2.o(.ARM.Collect$$libinit$$0000002E)
    __rt_lib_init_atexit_1                   0x0800027f   Thumb Code     0  libinit2.o(.ARM.Collect$$libinit$$0000001D)
    __rt_lib_init_clock_1                    0x0800027f   Thumb Code     0  libinit2.o(.ARM.Collect$$libinit$$00000023)
    __rt_lib_init_cpp_1                      0x0800027f   Thumb Code     0  libinit2.o(.ARM.Collect$$libinit$$00000034)
    __rt_lib_init_exceptions_1               0x0800027f   Thumb Code     0  libinit2.o(.ARM.Collect$$libinit$$00000032)
    __rt_lib_init_fp_trap_1                  0x0800027f   Thumb Code     0  libinit2.o(.ARM.Collect$$libinit$$00000021)
    __rt_lib_init_getenv_1                   0x0800027f   Thumb Code     0  libinit2.o(.ARM.Collect$$libinit$$00000025)
    __rt_lib_init_heap_1                     0x0800027f   Thumb Code     0  libinit2.o(.ARM.Collect$$libinit$$0000000C)
    __rt_lib_init_lc_collate_1               0x0800027f   Thumb Code     0  libinit2.o(.ARM.Collect$$libinit$$00000013)
    __rt_lib_init_lc_ctype_1                 0x0800027f   Thumb Code     0  libinit2.o(.ARM.Collect$$libinit$$00000015)
    __rt_lib_init_lc_monetary_1              0x0800027f   Thumb Code     0  libinit2.o(.ARM.Collect$$libinit$$00000017)
    __rt_lib_init_lc_numeric_1               0x0800027f   Thumb Code     0  libinit2.o(.ARM.Collect$$libinit$$00000019)
    __rt_lib_init_lc_time_1                  0x0800027f   Thumb Code     0  libinit2.o(.ARM.Collect$$libinit$$0000001B)
    __rt_lib_init_preinit_1                  0x0800027f   Thumb Code     0  libinit2.o(.ARM.Collect$$libinit$$00000006)
    __rt_lib_init_rand_1                     0x0800027f   Thumb Code     0  libinit2.o(.ARM.Collect$$libinit$$00000010)
    __rt_lib_init_relocate_pie_1             0x0800027f   Thumb Code     0  libinit2.o(.ARM.Collect$$libinit$$00000004)
    __rt_lib_init_return                     0x0800027f   Thumb Code     0  libinit2.o(.ARM.Collect$$libinit$$00000035)
    __rt_lib_init_signal_1                   0x0800027f   Thumb Code     0  libinit2.o(.ARM.Collect$$libinit$$0000001F)
    __rt_lib_init_stdio_1                    0x0800027f   Thumb Code     0  libinit2.o(.ARM.Collect$$libinit$$00000027)
    __rt_lib_init_user_alloc_1               0x0800027f   Thumb Code     0  libinit2.o(.ARM.Collect$$libinit$$0000000E)
    __rt_lib_shutdown                        0x08000281   Thumb Code     0  libshutdown.o(.ARM.Collect$$libshutdown$$00000000)
    __rt_lib_shutdown_cpp_1                  0x08000283   Thumb Code     0  libshutdown2.o(.ARM.Collect$$libshutdown$$00000002)
    __rt_lib_shutdown_fp_trap_1              0x08000283   Thumb Code     0  libshutdown2.o(.ARM.Collect$$libshutdown$$00000007)
    __rt_lib_shutdown_heap_1                 0x08000283   Thumb Code     0  libshutdown2.o(.ARM.Collect$$libshutdown$$0000000F)
    __rt_lib_shutdown_return                 0x08000283   Thumb Code     0  libshutdown2.o(.ARM.Collect$$libshutdown$$00000010)
    __rt_lib_shutdown_signal_1               0x08000283   Thumb Code     0  libshutdown2.o(.ARM.Collect$$libshutdown$$0000000A)
    __rt_lib_shutdown_stdio_1                0x08000283   Thumb Code     0  libshutdown2.o(.ARM.Collect$$libshutdown$$00000004)
    __rt_lib_shutdown_user_alloc_1           0x08000283   Thumb Code     0  libshutdown2.o(.ARM.Collect$$libshutdown$$0000000C)
    __rt_entry                               0x08000285   Thumb Code     0  __rtentry.o(.ARM.Collect$$rtentry$$00000000)
    __rt_entry_presh_1                       0x08000285   Thumb Code     0  __rtentry2.o(.ARM.Collect$$rtentry$$00000002)
    __rt_entry_sh                            0x08000285   Thumb Code     0  __rtentry4.o(.ARM.Collect$$rtentry$$00000004)
    __rt_entry_li                            0x0800028b   Thumb Code     0  __rtentry2.o(.ARM.Collect$$rtentry$$0000000A)
    __rt_entry_postsh_1                      0x0800028b   Thumb Code     0  __rtentry2.o(.ARM.Collect$$rtentry$$00000009)
    __rt_entry_main                          0x0800028f   Thumb Code     0  __rtentry2.o(.ARM.Collect$$rtentry$$0000000D)
    __rt_entry_postli_1                      0x0800028f   Thumb Code     0  __rtentry2.o(.ARM.Collect$$rtentry$$0000000C)
    __rt_exit                                0x08000297   Thumb Code     0  rtexit.o(.ARM.Collect$$rtexit$$00000000)
    __rt_exit_ls                             0x08000299   Thumb Code     0  rtexit2.o(.ARM.Collect$$rtexit$$00000003)
    __rt_exit_prels_1                        0x08000299   Thumb Code     0  rtexit2.o(.ARM.Collect$$rtexit$$00000002)
    __rt_exit_exit                           0x0800029d   Thumb Code     0  rtexit2.o(.ARM.Collect$$rtexit$$00000004)
    Reset_Handler                            0x080002a5   Thumb Code     8  startup_stm32g474xx.o(.text)
    ADC1_2_IRQHandler                        0x080002bf   Thumb Code     0  startup_stm32g474xx.o(.text)
    ADC3_IRQHandler                          0x080002bf   Thumb Code     0  startup_stm32g474xx.o(.text)
    ADC4_IRQHandler                          0x080002bf   Thumb Code     0  startup_stm32g474xx.o(.text)
    ADC5_IRQHandler                          0x080002bf   Thumb Code     0  startup_stm32g474xx.o(.text)
    COMP1_2_3_IRQHandler                     0x080002bf   Thumb Code     0  startup_stm32g474xx.o(.text)
    COMP4_5_6_IRQHandler                     0x080002bf   Thumb Code     0  startup_stm32g474xx.o(.text)
    COMP7_IRQHandler                         0x080002bf   Thumb Code     0  startup_stm32g474xx.o(.text)
    CORDIC_IRQHandler                        0x080002bf   Thumb Code     0  startup_stm32g474xx.o(.text)
    CRS_IRQHandler                           0x080002bf   Thumb Code     0  startup_stm32g474xx.o(.text)
    DMA1_Channel3_IRQHandler                 0x080002bf   Thumb Code     0  startup_stm32g474xx.o(.text)
    DMA1_Channel4_IRQHandler                 0x080002bf   Thumb Code     0  startup_stm32g474xx.o(.text)
    DMA1_Channel5_IRQHandler                 0x080002bf   Thumb Code     0  startup_stm32g474xx.o(.text)
    DMA1_Channel6_IRQHandler                 0x080002bf   Thumb Code     0  startup_stm32g474xx.o(.text)
    DMA1_Channel7_IRQHandler                 0x080002bf   Thumb Code     0  startup_stm32g474xx.o(.text)
    DMA1_Channel8_IRQHandler                 0x080002bf   Thumb Code     0  startup_stm32g474xx.o(.text)
    DMA2_Channel1_IRQHandler                 0x080002bf   Thumb Code     0  startup_stm32g474xx.o(.text)
    DMA2_Channel2_IRQHandler                 0x080002bf   Thumb Code     0  startup_stm32g474xx.o(.text)
    DMA2_Channel3_IRQHandler                 0x080002bf   Thumb Code     0  startup_stm32g474xx.o(.text)
    DMA2_Channel4_IRQHandler                 0x080002bf   Thumb Code     0  startup_stm32g474xx.o(.text)
    DMA2_Channel5_IRQHandler                 0x080002bf   Thumb Code     0  startup_stm32g474xx.o(.text)
    DMA2_Channel6_IRQHandler                 0x080002bf   Thumb Code     0  startup_stm32g474xx.o(.text)
    DMA2_Channel7_IRQHandler                 0x080002bf   Thumb Code     0  startup_stm32g474xx.o(.text)
    DMA2_Channel8_IRQHandler                 0x080002bf   Thumb Code     0  startup_stm32g474xx.o(.text)
    DMAMUX_OVR_IRQHandler                    0x080002bf   Thumb Code     0  startup_stm32g474xx.o(.text)
    EXTI0_IRQHandler                         0x080002bf   Thumb Code     0  startup_stm32g474xx.o(.text)
    EXTI1_IRQHandler                         0x080002bf   Thumb Code     0  startup_stm32g474xx.o(.text)
    EXTI2_IRQHandler                         0x080002bf   Thumb Code     0  startup_stm32g474xx.o(.text)
    EXTI3_IRQHandler                         0x080002bf   Thumb Code     0  startup_stm32g474xx.o(.text)
    EXTI4_IRQHandler                         0x080002bf   Thumb Code     0  startup_stm32g474xx.o(.text)
    EXTI9_5_IRQHandler                       0x080002bf   Thumb Code     0  startup_stm32g474xx.o(.text)
    FLASH_IRQHandler                         0x080002bf   Thumb Code     0  startup_stm32g474xx.o(.text)
    FMAC_IRQHandler                          0x080002bf   Thumb Code     0  startup_stm32g474xx.o(.text)
    FMC_IRQHandler                           0x080002bf   Thumb Code     0  startup_stm32g474xx.o(.text)
    FPU_IRQHandler                           0x080002bf   Thumb Code     0  startup_stm32g474xx.o(.text)
    HRTIM1_FLT_IRQHandler                    0x080002bf   Thumb Code     0  startup_stm32g474xx.o(.text)
    HRTIM1_Master_IRQHandler                 0x080002bf   Thumb Code     0  startup_stm32g474xx.o(.text)
    HRTIM1_TIMA_IRQHandler                   0x080002bf   Thumb Code     0  startup_stm32g474xx.o(.text)
    HRTIM1_TIMB_IRQHandler                   0x080002bf   Thumb Code     0  startup_stm32g474xx.o(.text)
    HRTIM1_TIMC_IRQHandler                   0x080002bf   Thumb Code     0  startup_stm32g474xx.o(.text)
    HRTIM1_TIMD_IRQHandler                   0x080002bf   Thumb Code     0  startup_stm32g474xx.o(.text)
    HRTIM1_TIME_IRQHandler                   0x080002bf   Thumb Code     0  startup_stm32g474xx.o(.text)
    HRTIM1_TIMF_IRQHandler                   0x080002bf   Thumb Code     0  startup_stm32g474xx.o(.text)
    I2C1_ER_IRQHandler                       0x080002bf   Thumb Code     0  startup_stm32g474xx.o(.text)
    I2C1_EV_IRQHandler                       0x080002bf   Thumb Code     0  startup_stm32g474xx.o(.text)
    I2C2_ER_IRQHandler                       0x080002bf   Thumb Code     0  startup_stm32g474xx.o(.text)
    I2C2_EV_IRQHandler                       0x080002bf   Thumb Code     0  startup_stm32g474xx.o(.text)
    I2C3_ER_IRQHandler                       0x080002bf   Thumb Code     0  startup_stm32g474xx.o(.text)
    I2C3_EV_IRQHandler                       0x080002bf   Thumb Code     0  startup_stm32g474xx.o(.text)
    I2C4_ER_IRQHandler                       0x080002bf   Thumb Code     0  startup_stm32g474xx.o(.text)
    I2C4_EV_IRQHandler                       0x080002bf   Thumb Code     0  startup_stm32g474xx.o(.text)
    LPTIM1_IRQHandler                        0x080002bf   Thumb Code     0  startup_stm32g474xx.o(.text)
    LPUART1_IRQHandler                       0x080002bf   Thumb Code     0  startup_stm32g474xx.o(.text)
    PVD_PVM_IRQHandler                       0x080002bf   Thumb Code     0  startup_stm32g474xx.o(.text)
    QUADSPI_IRQHandler                       0x080002bf   Thumb Code     0  startup_stm32g474xx.o(.text)
    RCC_IRQHandler                           0x080002bf   Thumb Code     0  startup_stm32g474xx.o(.text)
    RNG_IRQHandler                           0x080002bf   Thumb Code     0  startup_stm32g474xx.o(.text)
    RTC_Alarm_IRQHandler                     0x080002bf   Thumb Code     0  startup_stm32g474xx.o(.text)
    RTC_TAMP_LSECSS_IRQHandler               0x080002bf   Thumb Code     0  startup_stm32g474xx.o(.text)
    RTC_WKUP_IRQHandler                      0x080002bf   Thumb Code     0  startup_stm32g474xx.o(.text)
    SAI1_IRQHandler                          0x080002bf   Thumb Code     0  startup_stm32g474xx.o(.text)
    SPI1_IRQHandler                          0x080002bf   Thumb Code     0  startup_stm32g474xx.o(.text)
    SPI2_IRQHandler                          0x080002bf   Thumb Code     0  startup_stm32g474xx.o(.text)
    SPI3_IRQHandler                          0x080002bf   Thumb Code     0  startup_stm32g474xx.o(.text)
    SPI4_IRQHandler                          0x080002bf   Thumb Code     0  startup_stm32g474xx.o(.text)
    TIM1_BRK_TIM15_IRQHandler                0x080002bf   Thumb Code     0  startup_stm32g474xx.o(.text)
    TIM1_CC_IRQHandler                       0x080002bf   Thumb Code     0  startup_stm32g474xx.o(.text)
    TIM1_TRG_COM_TIM17_IRQHandler            0x080002bf   Thumb Code     0  startup_stm32g474xx.o(.text)
    TIM1_UP_TIM16_IRQHandler                 0x080002bf   Thumb Code     0  startup_stm32g474xx.o(.text)
    TIM20_BRK_IRQHandler                     0x080002bf   Thumb Code     0  startup_stm32g474xx.o(.text)
    TIM20_CC_IRQHandler                      0x080002bf   Thumb Code     0  startup_stm32g474xx.o(.text)
    TIM20_TRG_COM_IRQHandler                 0x080002bf   Thumb Code     0  startup_stm32g474xx.o(.text)
    TIM20_UP_IRQHandler                      0x080002bf   Thumb Code     0  startup_stm32g474xx.o(.text)
    TIM2_IRQHandler                          0x080002bf   Thumb Code     0  startup_stm32g474xx.o(.text)
    TIM3_IRQHandler                          0x080002bf   Thumb Code     0  startup_stm32g474xx.o(.text)
    TIM4_IRQHandler                          0x080002bf   Thumb Code     0  startup_stm32g474xx.o(.text)
    TIM5_IRQHandler                          0x080002bf   Thumb Code     0  startup_stm32g474xx.o(.text)
    TIM8_BRK_IRQHandler                      0x080002bf   Thumb Code     0  startup_stm32g474xx.o(.text)
    TIM8_CC_IRQHandler                       0x080002bf   Thumb Code     0  startup_stm32g474xx.o(.text)
    TIM8_TRG_COM_IRQHandler                  0x080002bf   Thumb Code     0  startup_stm32g474xx.o(.text)
    TIM8_UP_IRQHandler                       0x080002bf   Thumb Code     0  startup_stm32g474xx.o(.text)
    UART4_IRQHandler                         0x080002bf   Thumb Code     0  startup_stm32g474xx.o(.text)
    UART5_IRQHandler                         0x080002bf   Thumb Code     0  startup_stm32g474xx.o(.text)
    UCPD1_IRQHandler                         0x080002bf   Thumb Code     0  startup_stm32g474xx.o(.text)
    USART1_IRQHandler                        0x080002bf   Thumb Code     0  startup_stm32g474xx.o(.text)
    USART2_IRQHandler                        0x080002bf   Thumb Code     0  startup_stm32g474xx.o(.text)
    USART3_IRQHandler                        0x080002bf   Thumb Code     0  startup_stm32g474xx.o(.text)
    USBWakeUp_IRQHandler                     0x080002bf   Thumb Code     0  startup_stm32g474xx.o(.text)
    USB_HP_IRQHandler                        0x080002bf   Thumb Code     0  startup_stm32g474xx.o(.text)
    USB_LP_IRQHandler                        0x080002bf   Thumb Code     0  startup_stm32g474xx.o(.text)
    WWDG_IRQHandler                          0x080002bf   Thumb Code     0  startup_stm32g474xx.o(.text)
    __user_initial_stackheap                 0x080002c1   Thumb Code     0  startup_stm32g474xx.o(.text)
    __aeabi_uldivmod                         0x080002e5   Thumb Code     0  lludivv7m.o(.text)
    _ll_udiv                                 0x080002e5   Thumb Code   240  lludivv7m.o(.text)
    __aeabi_memclr4                          0x080003d5   Thumb Code     0  rt_memclr_w.o(.text)
    __aeabi_memclr8                          0x080003d5   Thumb Code     0  rt_memclr_w.o(.text)
    __rt_memclr_w                            0x080003d5   Thumb Code     0  rt_memclr_w.o(.text)
    _memset_w                                0x080003d9   Thumb Code    74  rt_memclr_w.o(.text)
    __use_two_region_memory                  0x08000423   Thumb Code     2  heapauxi.o(.text)
    __rt_heap_escrow$2region                 0x08000425   Thumb Code     2  heapauxi.o(.text)
    __rt_heap_expand$2region                 0x08000427   Thumb Code     2  heapauxi.o(.text)
    __user_setup_stackheap                   0x08000429   Thumb Code    74  sys_stackheap_outer.o(.text)
    exit                                     0x08000473   Thumb Code    18  exit.o(.text)
    __user_libspace                          0x08000485   Thumb Code     8  libspace.o(.text)
    __user_perproc_libspace                  0x08000485   Thumb Code     0  libspace.o(.text)
    __user_perthread_libspace                0x08000485   Thumb Code     0  libspace.o(.text)
    _sys_exit                                0x0800048d   Thumb Code     8  sys_exit.o(.text)
    __I$use$semihosting                      0x08000499   Thumb Code     0  use_no_semi.o(.text)
    __use_no_semihosting_swi                 0x08000499   Thumb Code     2  use_no_semi.o(.text)
    __semihosting_library_function           0x0800049b   Thumb Code     0  indicate_semi.o(.text)
    BusFault_Handler                         0x0800049d   Thumb Code     4  stm32g4xx_it.o(.text.BusFault_Handler)
    Button_Function_Execute                  0x080004a1   Thumb Code   430  key_bsp.o(.text.Button_Function_Execute)
    Button_GetState                          0x08000651   Thumb Code    52  key_bsp.o(.text.Button_GetState)
    Button_Init                              0x08000685   Thumb Code   180  key_bsp.o(.text.Button_Init)
    CHALLENGE_BEGIN                          0x08000739   Thumb Code    28  key_bsp.o(.text.CHALLENGE_BEGIN)
    Check_HeartBeat_Timeout                  0x08000755   Thumb Code   188  heartbeat.o(.text.Check_HeartBeat_Timeout)
    DEFENSIVE_RESET                          0x08000811   Thumb Code    28  key_bsp.o(.text.DEFENSIVE_RESET)
    DMA1_Channel1_IRQHandler                 0x0800082d   Thumb Code    16  stm32g4xx_it.o(.text.DMA1_Channel1_IRQHandler)
    DMA1_Channel2_IRQHandler                 0x0800083d   Thumb Code    16  stm32g4xx_it.o(.text.DMA1_Channel2_IRQHandler)
    DebugMon_Handler                         0x0800096d   Thumb Code     2  stm32g4xx_it.o(.text.DebugMon_Handler)
    EXTI15_10_IRQHandler                     0x08000971   Thumb Code    12  stm32g4xx_it.o(.text.EXTI15_10_IRQHandler)
    Error_Handler                            0x0800097d   Thumb Code    14  main.o(.text.Error_Handler)
    FDCAN1_IT0_IRQHandler                    0x0800098d   Thumb Code    16  stm32g4xx_it.o(.text.FDCAN1_IT0_IRQHandler)
    FDCAN1_IT1_IRQHandler                    0x0800099d   Thumb Code    16  stm32g4xx_it.o(.text.FDCAN1_IT1_IRQHandler)
    FDCAN2_IT0_IRQHandler                    0x080009ad   Thumb Code    16  stm32g4xx_it.o(.text.FDCAN2_IT0_IRQHandler)
    FDCAN2_IT1_IRQHandler                    0x080009bd   Thumb Code    16  stm32g4xx_it.o(.text.FDCAN2_IT1_IRQHandler)
    FDCAN2_Init                              0x080009cd   Thumb Code   134  fdcan_bsp.o(.text.FDCAN2_Init)
    FDCAN3_IT0_IRQHandler                    0x08000a55   Thumb Code    16  stm32g4xx_it.o(.text.FDCAN3_IT0_IRQHandler)
    FDCAN3_IT1_IRQHandler                    0x08000a65   Thumb Code    16  stm32g4xx_it.o(.text.FDCAN3_IT1_IRQHandler)
    FDCAN3_Init                              0x08000a75   Thumb Code   130  fdcan_bsp.o(.text.FDCAN3_Init)
    FDCAN_SendData                           0x08000c89   Thumb Code   284  fdcan_bsp.o(.text.FDCAN_SendData)
    FORCE_INTERRUPT                          0x08000da5   Thumb Code    28  key_bsp.o(.text.FORCE_INTERRUPT)
    HAL_DMA_Abort_IT                         0x08000dc1   Thumb Code   194  stm32g4xx_hal_dma.o(.text.HAL_DMA_Abort_IT)
    HAL_DMA_IRQHandler                       0x08000e85   Thumb Code   342  stm32g4xx_hal_dma.o(.text.HAL_DMA_IRQHandler)
    HAL_DMA_Init                             0x08000fdd   Thumb Code   342  stm32g4xx_hal_dma.o(.text.HAL_DMA_Init)
    HAL_DMA_Start_IT                         0x08001135   Thumb Code   252  stm32g4xx_hal_dma.o(.text.HAL_DMA_Start_IT)
    HAL_Delay                                0x08001231   Thumb Code    66  stm32g4xx_hal.o(.text.HAL_Delay)
    HAL_FDCAN_ActivateNotification           0x08001275   Thumb Code   522  stm32g4xx_hal_fdcan.o(.text.HAL_FDCAN_ActivateNotification)
    HAL_FDCAN_AddMessageToTxFifoQ            0x08001481   Thumb Code   154  stm32g4xx_hal_fdcan.o(.text.HAL_FDCAN_AddMessageToTxFifoQ)
    HAL_FDCAN_ConfigFilter                   0x0800151d   Thumb Code   182  stm32g4xx_hal_fdcan.o(.text.HAL_FDCAN_ConfigFilter)
    HAL_FDCAN_ConfigGlobalFilter             0x080015d5   Thumb Code   102  stm32g4xx_hal_fdcan.o(.text.HAL_FDCAN_ConfigGlobalFilter)
    HAL_FDCAN_ErrorCallback                  0x0800163d   Thumb Code     8  stm32g4xx_hal_fdcan.o(.text.HAL_FDCAN_ErrorCallback)
    HAL_FDCAN_ErrorStatusCallback            0x08001645   Thumb Code    10  stm32g4xx_hal_fdcan.o(.text.HAL_FDCAN_ErrorStatusCallback)
    HAL_FDCAN_GetRxMessage                   0x08001651   Thumb Code   560  stm32g4xx_hal_fdcan.o(.text.HAL_FDCAN_GetRxMessage)
    HAL_FDCAN_HighPriorityMessageCallback    0x08001881   Thumb Code     8  stm32g4xx_hal_fdcan.o(.text.HAL_FDCAN_HighPriorityMessageCallback)
    HAL_FDCAN_IRQHandler                     0x08001889   Thumb Code   696  stm32g4xx_hal_fdcan.o(.text.HAL_FDCAN_IRQHandler)
    HAL_FDCAN_Init                           0x08001b41   Thumb Code   716  stm32g4xx_hal_fdcan.o(.text.HAL_FDCAN_Init)
    HAL_FDCAN_MspInit                        0x08001e0d   Thumb Code   804  fdcan.o(.text.HAL_FDCAN_MspInit)
    HAL_FDCAN_RxFifo0Callback                0x08002131   Thumb Code   126  main.o(.text.HAL_FDCAN_RxFifo0Callback)
    HAL_FDCAN_RxFifo1Callback                0x080021b1   Thumb Code    68  main.o(.text.HAL_FDCAN_RxFifo1Callback)
    HAL_FDCAN_Start                          0x080021f5   Thumb Code    74  stm32g4xx_hal_fdcan.o(.text.HAL_FDCAN_Start)
    HAL_FDCAN_TimeoutOccurredCallback        0x08002241   Thumb Code     8  stm32g4xx_hal_fdcan.o(.text.HAL_FDCAN_TimeoutOccurredCallback)
    HAL_FDCAN_TimestampWraparoundCallback    0x08002249   Thumb Code     8  stm32g4xx_hal_fdcan.o(.text.HAL_FDCAN_TimestampWraparoundCallback)
    HAL_FDCAN_TxBufferAbortCallback          0x08002251   Thumb Code    10  stm32g4xx_hal_fdcan.o(.text.HAL_FDCAN_TxBufferAbortCallback)
    HAL_FDCAN_TxBufferCompleteCallback       0x0800225d   Thumb Code    10  stm32g4xx_hal_fdcan.o(.text.HAL_FDCAN_TxBufferCompleteCallback)
    HAL_FDCAN_TxEventFifoCallback            0x08002269   Thumb Code    10  stm32g4xx_hal_fdcan.o(.text.HAL_FDCAN_TxEventFifoCallback)
    HAL_FDCAN_TxFifoEmptyCallback            0x08002275   Thumb Code     8  stm32g4xx_hal_fdcan.o(.text.HAL_FDCAN_TxFifoEmptyCallback)
    HAL_GPIO_EXTI_Callback                   0x0800227d   Thumb Code    82  main.o(.text.HAL_GPIO_EXTI_Callback)
    HAL_GPIO_EXTI_IRQHandler                 0x080022d1   Thumb Code    56  stm32g4xx_hal_gpio.o(.text.HAL_GPIO_EXTI_IRQHandler)
    HAL_GPIO_Init                            0x08002309   Thumb Code   872  stm32g4xx_hal_gpio.o(.text.HAL_GPIO_Init)
    HAL_GPIO_ReadPin                         0x08002671   Thumb Code    46  stm32g4xx_hal_gpio.o(.text.HAL_GPIO_ReadPin)
    HAL_GetTick                              0x080026a1   Thumb Code    12  stm32g4xx_hal.o(.text.HAL_GetTick)
    HAL_IncTick                              0x080026ad   Thumb Code    26  stm32g4xx_hal.o(.text.HAL_IncTick)
    HAL_Init                                 0x080026c9   Thumb Code    48  stm32g4xx_hal.o(.text.HAL_Init)
    HAL_InitTick                             0x080026f9   Thumb Code   136  stm32g4xx_hal.o(.text.HAL_InitTick)
    HAL_MspInit                              0x08002781   Thumb Code    72  stm32g4xx_hal_msp.o(.text.HAL_MspInit)
    HAL_NVIC_EnableIRQ                       0x080027c9   Thumb Code    20  stm32g4xx_hal_cortex.o(.text.HAL_NVIC_EnableIRQ)
    HAL_NVIC_SetPriority                     0x080027dd   Thumb Code    46  stm32g4xx_hal_cortex.o(.text.HAL_NVIC_SetPriority)
    HAL_NVIC_SetPriorityGrouping             0x0800280d   Thumb Code    16  stm32g4xx_hal_cortex.o(.text.HAL_NVIC_SetPriorityGrouping)
    HAL_PWREx_ControlVoltageScaling          0x0800281d   Thumb Code   436  stm32g4xx_hal_pwr_ex.o(.text.HAL_PWREx_ControlVoltageScaling)
    HAL_PWREx_DisableUCPDDeadBattery         0x080029d1   Thumb Code    18  stm32g4xx_hal_pwr_ex.o(.text.HAL_PWREx_DisableUCPDDeadBattery)
    HAL_RCCEx_PeriphCLKConfig                0x080029e5   Thumb Code  1316  stm32g4xx_hal_rcc_ex.o(.text.HAL_RCCEx_PeriphCLKConfig)
    HAL_RCC_ClockConfig                      0x08002f09   Thumb Code   806  stm32g4xx_hal_rcc.o(.text.HAL_RCC_ClockConfig)
    HAL_RCC_GetHCLKFreq                      0x08003231   Thumb Code    12  stm32g4xx_hal_rcc.o(.text.HAL_RCC_GetHCLKFreq)
    HAL_RCC_GetPCLK1Freq                     0x0800323d   Thumb Code    38  stm32g4xx_hal_rcc.o(.text.HAL_RCC_GetPCLK1Freq)
    HAL_RCC_GetPCLK2Freq                     0x08003265   Thumb Code    38  stm32g4xx_hal_rcc.o(.text.HAL_RCC_GetPCLK2Freq)
    HAL_RCC_GetSysClockFreq                  0x0800328d   Thumb Code   252  stm32g4xx_hal_rcc.o(.text.HAL_RCC_GetSysClockFreq)
    HAL_RCC_OscConfig                        0x08003389   Thumb Code  1974  stm32g4xx_hal_rcc.o(.text.HAL_RCC_OscConfig)
    HAL_SYSTICK_Config                       0x08003b41   Thumb Code    16  stm32g4xx_hal_cortex.o(.text.HAL_SYSTICK_Config)
    HAL_TIMEx_Break2Callback                 0x08003b51   Thumb Code     8  stm32g4xx_hal_tim_ex.o(.text.HAL_TIMEx_Break2Callback)
    HAL_TIMEx_BreakCallback                  0x08003b59   Thumb Code     8  stm32g4xx_hal_tim_ex.o(.text.HAL_TIMEx_BreakCallback)
    HAL_TIMEx_CommutCallback                 0x08003b61   Thumb Code     8  stm32g4xx_hal_tim_ex.o(.text.HAL_TIMEx_CommutCallback)
    HAL_TIMEx_DirectionChangeCallback        0x08003b69   Thumb Code     8  stm32g4xx_hal_tim_ex.o(.text.HAL_TIMEx_DirectionChangeCallback)
    HAL_TIMEx_EncoderIndexCallback           0x08003b71   Thumb Code     8  stm32g4xx_hal_tim_ex.o(.text.HAL_TIMEx_EncoderIndexCallback)
    HAL_TIMEx_IndexErrorCallback             0x08003b79   Thumb Code     8  stm32g4xx_hal_tim_ex.o(.text.HAL_TIMEx_IndexErrorCallback)
    HAL_TIMEx_MasterConfigSynchronization    0x08003b81   Thumb Code   372  stm32g4xx_hal_tim_ex.o(.text.HAL_TIMEx_MasterConfigSynchronization)
    HAL_TIMEx_TransitionErrorCallback        0x08003cf5   Thumb Code     8  stm32g4xx_hal_tim_ex.o(.text.HAL_TIMEx_TransitionErrorCallback)
    HAL_TIM_Base_Init                        0x08003cfd   Thumb Code   168  stm32g4xx_hal_tim.o(.text.HAL_TIM_Base_Init)
    HAL_TIM_Base_MspInit                     0x08003da5   Thumb Code   422  tim.o(.text.HAL_TIM_Base_MspInit)
    HAL_TIM_Base_Start_IT                    0x08003f4d   Thumb Code   262  stm32g4xx_hal_tim.o(.text.HAL_TIM_Base_Start_IT)
    HAL_TIM_ConfigClockSource                0x08004055   Thumb Code   508  stm32g4xx_hal_tim.o(.text.HAL_TIM_ConfigClockSource)
    HAL_TIM_ErrorCallback                    0x08004251   Thumb Code     8  stm32g4xx_hal_tim.o(.text.HAL_TIM_ErrorCallback)
    HAL_TIM_IC_CaptureCallback               0x08004259   Thumb Code     8  stm32g4xx_hal_tim.o(.text.HAL_TIM_IC_CaptureCallback)
    HAL_TIM_IRQHandler                       0x08004261   Thumb Code   768  stm32g4xx_hal_tim.o(.text.HAL_TIM_IRQHandler)
    HAL_TIM_MspPostInit                      0x08004561   Thumb Code   186  tim.o(.text.HAL_TIM_MspPostInit)
    HAL_TIM_OC_DelayElapsedCallback          0x0800461d   Thumb Code     8  stm32g4xx_hal_tim.o(.text.HAL_TIM_OC_DelayElapsedCallback)
    HAL_TIM_PWM_ConfigChannel                0x08004625   Thumb Code   432  stm32g4xx_hal_tim.o(.text.HAL_TIM_PWM_ConfigChannel)
    HAL_TIM_PWM_Init                         0x080047d5   Thumb Code   168  stm32g4xx_hal_tim.o(.text.HAL_TIM_PWM_Init)
    HAL_TIM_PWM_MspInit                      0x0800487d   Thumb Code     8  stm32g4xx_hal_tim.o(.text.HAL_TIM_PWM_MspInit)
    HAL_TIM_PWM_PulseFinishedCallback        0x08004885   Thumb Code     8  stm32g4xx_hal_tim.o(.text.HAL_TIM_PWM_PulseFinishedCallback)
    HAL_TIM_PWM_PulseFinishedHalfCpltCallback 0x0800488d   Thumb Code     8  stm32g4xx_hal_tim.o(.text.HAL_TIM_PWM_PulseFinishedHalfCpltCallback)
    HAL_TIM_PWM_Start_DMA                    0x08004895   Thumb Code  1240  stm32g4xx_hal_tim.o(.text.HAL_TIM_PWM_Start_DMA)
    HAL_TIM_PWM_Stop_DMA                     0x08004d6d   Thumb Code   550  stm32g4xx_hal_tim.o(.text.HAL_TIM_PWM_Stop_DMA)
    HAL_TIM_PeriodElapsedCallback            0x08004f95   Thumb Code    82  main.o(.text.HAL_TIM_PeriodElapsedCallback)
    HAL_TIM_TriggerCallback                  0x08004fe9   Thumb Code     8  stm32g4xx_hal_tim.o(.text.HAL_TIM_TriggerCallback)
    HAL_UARTEx_DisableFifoMode               0x08004ff1   Thumb Code   124  stm32g4xx_hal_uart_ex.o(.text.HAL_UARTEx_DisableFifoMode)
    HAL_UARTEx_SetRxFifoThreshold            0x0800506d   Thumb Code   140  stm32g4xx_hal_uart_ex.o(.text.HAL_UARTEx_SetRxFifoThreshold)
    HAL_UARTEx_SetTxFifoThreshold            0x080050f9   Thumb Code   140  stm32g4xx_hal_uart_ex.o(.text.HAL_UARTEx_SetTxFifoThreshold)
    HAL_UART_Init                            0x08005185   Thumb Code   170  stm32g4xx_hal_uart.o(.text.HAL_UART_Init)
    HAL_UART_MspInit                         0x08005231   Thumb Code   166  usart.o(.text.HAL_UART_MspInit)
    HardFault_Handler                        0x080052d9   Thumb Code     4  stm32g4xx_it.o(.text.HardFault_Handler)
    INTERRUPT_RESET                          0x080052dd   Thumb Code    30  key_bsp.o(.text.INTERRUPT_RESET)
    MX_DMA_Init                              0x080052fd   Thumb Code   106  dma.o(.text.MX_DMA_Init)
    MX_FDCAN1_Init                           0x08005369   Thumb Code   106  fdcan.o(.text.MX_FDCAN1_Init)
    MX_FDCAN2_Init                           0x080053d5   Thumb Code   106  fdcan.o(.text.MX_FDCAN2_Init)
    MX_FDCAN3_Init                           0x08005441   Thumb Code   106  fdcan.o(.text.MX_FDCAN3_Init)
    MX_GPIO_Init                             0x080054ad   Thumb Code   300  gpio.o(.text.MX_GPIO_Init)
    MX_TIM2_Init                             0x080055d9   Thumb Code   210  tim.o(.text.MX_TIM2_Init)
    MX_TIM5_Init                             0x080056ad   Thumb Code   216  tim.o(.text.MX_TIM5_Init)
    MX_TIM6_Init                             0x08005785   Thumb Code    92  tim.o(.text.MX_TIM6_Init)
    MX_TIM7_Init                             0x080057e1   Thumb Code    92  tim.o(.text.MX_TIM7_Init)
    MX_USART2_UART_Init                      0x0800583d   Thumb Code   142  usart.o(.text.MX_USART2_UART_Init)
    MemManage_Handler                        0x080058cd   Thumb Code     4  stm32g4xx_it.o(.text.MemManage_Handler)
    NMI_Handler                              0x080058d1   Thumb Code     4  stm32g4xx_it.o(.text.NMI_Handler)
    OFFENSIVE_RESET                          0x08005941   Thumb Code    28  key_bsp.o(.text.OFFENSIVE_RESET)
    PendSV_Handler                           0x0800595d   Thumb Code     2  stm32g4xx_it.o(.text.PendSV_Handler)
    Peripherals_Init                         0x08005961   Thumb Code   112  main.o(.text.Peripherals_Init)
    RESERVED1_BEGIN                          0x08005a6d   Thumb Code     4  key_bsp.o(.text.RESERVED1_BEGIN)
    RESERVED2_BEGIN                          0x08005a71   Thumb Code     4  key_bsp.o(.text.RESERVED2_BEGIN)
    Refresh_Button_State                     0x08005a75   Thumb Code   310  key_bsp.o(.text.Refresh_Button_State)
    Refresh_HeartBeat_Time                   0x08005bad   Thumb Code   378  heartbeat.o(.text.Refresh_HeartBeat_Time)
    SELF_TEST_BEGIN                          0x08005d29   Thumb Code    28  key_bsp.o(.text.SELF_TEST_BEGIN)
    SVC_Handler                              0x08005d45   Thumb Code     2  stm32g4xx_it.o(.text.SVC_Handler)
    SysTick_Handler                          0x08005e0d   Thumb Code     8  stm32g4xx_it.o(.text.SysTick_Handler)
    SystemClock_Config                       0x08005e15   Thumb Code   116  main.o(.text.SystemClock_Config)
    SystemInit                               0x08005e89   Thumb Code    18  system_stm32g4xx.o(.text.SystemInit)
    TIM6_DAC_IRQHandler                      0x08005e9d   Thumb Code    16  stm32g4xx_it.o(.text.TIM6_DAC_IRQHandler)
    TIM7_DAC_IRQHandler                      0x08005ead   Thumb Code    16  stm32g4xx_it.o(.text.TIM7_DAC_IRQHandler)
    TIM_Base_SetConfig                       0x08005ebd   Thumb Code   486  stm32g4xx_hal_tim.o(.text.TIM_Base_SetConfig)
    TIM_CCxChannelCmd                        0x080060a5   Thumb Code    54  stm32g4xx_hal_tim.o(.text.TIM_CCxChannelCmd)
    TIM_DMADelayPulseHalfCplt                0x08006199   Thumb Code   116  stm32g4xx_hal_tim.o(.text.TIM_DMADelayPulseHalfCplt)
    TIM_DMAError                             0x0800620d   Thumb Code   154  stm32g4xx_hal_tim.o(.text.TIM_DMAError)
    TIM_ETR_SetConfig                        0x080062a9   Thumb Code    52  stm32g4xx_hal_tim.o(.text.TIM_ETR_SetConfig)
    TIM_OC2_SetConfig                        0x08006481   Thumb Code   400  stm32g4xx_hal_tim.o(.text.TIM_OC2_SetConfig)
    UART_AdvFeatureConfig                    0x08006c25   Thumb Code   328  stm32g4xx_hal_uart.o(.text.UART_AdvFeatureConfig)
    UART_CheckIdleState                      0x08006d6d   Thumb Code   326  stm32g4xx_hal_uart.o(.text.UART_CheckIdleState)
    UART_SetConfig                           0x08006f55   Thumb Code  1506  stm32g4xx_hal_uart.o(.text.UART_SetConfig)
    UART_WaitOnFlagUntilTimeout              0x08007539   Thumb Code   268  stm32g4xx_hal_uart.o(.text.UART_WaitOnFlagUntilTimeout)
    UsageFault_Handler                       0x08007645   Thumb Code     4  stm32g4xx_it.o(.text.UsageFault_Handler)
    WS2812_Append_Reset                      0x08007649   Thumb Code    68  ws2812.o(.text.WS2812_Append_Reset)
    WS2812_DisPlay_HeartBeat_Error           0x08007691   Thumb Code   598  ws2812.o(.text.WS2812_DisPlay_HeartBeat_Error)
    WS2812_Display_Now_Event                 0x080078e9   Thumb Code   800  ws2812.o(.text.WS2812_Display_Now_Event)
    WS2812_NewRound_Send                     0x08007c0d   Thumb Code    44  ws2812.o(.text.WS2812_NewRound_Send)
    WS2812_Set_Single_Color                  0x08007c39   Thumb Code   424  ws2812.o(.text.WS2812_Set_Single_Color)
    main                                     0x08007ea5   Thumb Code    74  main.o(.text.main)
    _fp_init                                 0x08007eef   Thumb Code    26  fpinit.o(x$fpl$fpinit)
    __fplib_config_fpu_vfp                   0x08007f07   Thumb Code     0  fpinit.o(x$fpl$fpinit)
    __fplib_config_pureend_doubles           0x08007f07   Thumb Code     0  fpinit.o(x$fpl$fpinit)
    AHBPrescTable                            0x08007f20   Data          16  system_stm32g4xx.o(.rodata.AHBPrescTable)
    APBPrescTable                            0x08007f30   Data           8  system_stm32g4xx.o(.rodata.APBPrescTable)
    Color_Table                              0x08007f38   Data          60  color.o(.rodata.Color_Table)
    UARTPrescTable                           0x08007f94   Data          24  stm32g4xx_hal_uart.o(.rodata.UARTPrescTable)
    Region$$Table$$Base                      0x0800800c   Number         0  anon$$obj.o(Region$$Table)
    Region$$Table$$Limit                     0x0800802c   Number         0  anon$$obj.o(Region$$Table)
    Button_IDLE                              0x20000018   Data           6  ws2812.o(.data.Button_IDLE)
    HeartBeat_Display                        0x2000001e   Data           1  heartbeat.o(.data.HeartBeat_Display)
    SystemCoreClock                          0x20000020   Data           4  system_stm32g4xx.o(.data.SystemCoreClock)
    TxMessage                                0x20000024   Data           1  key_bsp.o(.data.TxMessage)
    flowing_col_direction                    0x20000025   Data           1  ws2812.o(.data.flowing_col_direction)
    flowing_col_index                        0x20000026   Data           1  ws2812.o(.data.flowing_col_index)
    flowing_direction                        0x20000027   Data           1  ws2812.o(.data.flowing_direction)
    flowing_index                            0x20000028   Data           1  ws2812.o(.data.flowing_index)
    uwTickFreq                               0x2000002c   Data           4  stm32g4xx_hal.o(.data.uwTickFreq)
    uwTickPrio                               0x20000030   Data           4  stm32g4xx_hal.o(.data.uwTickPrio)
    __libspace_start                         0x20000038   Data          96  libspace.o(.bss)
    CAN1_RxData                              0x20000098   Data          64  fdcan_bsp.o(.bss.CAN1_RxData)
    __temporary_stack_top$libspace           0x20000098   Data           0  libspace.o(.bss)
    CAN1_RxMessage                           0x200000d8   Data          40  fdcan_bsp.o(.bss.CAN1_RxMessage)
    CAN2_RxData                              0x20000100   Data          64  fdcan_bsp.o(.bss.CAN2_RxData)
    CAN2_RxMessage                           0x20000140   Data          40  fdcan_bsp.o(.bss.CAN2_RxMessage)
    CAN3_RxData                              0x20000168   Data          64  fdcan_bsp.o(.bss.CAN3_RxData)
    CAN3_RxMessage                           0x200001a8   Data          40  fdcan_bsp.o(.bss.CAN3_RxMessage)
    Event_Flag                               0x200001d0   Data           4  heartbeat.o(.bss.Event_Flag)
    HeartBeat_Error_Flags                    0x200001d8   Data           1  heartbeat.o(.bss.HeartBeat_Error_Flags)
    Last_HeartBeat_Time                      0x200001e0   Data          32  heartbeat.o(.bss.Last_HeartBeat_Time)
    Last_SelfTest_LED_Refresh_Time           0x20000200   Data           8  ws2812.o(.bss.Last_SelfTest_LED_Refresh_Time)
    Last_Skill_LED_Refresh_Time              0x20000208   Data           8  ws2812.o(.bss.Last_Skill_LED_Refresh_Time)
    Last_Status_Switch_Time                  0x20000210   Data           8  heartbeat.o(.bss.Last_Status_Switch_Time)
    Send_Buffer                              0x20000218   Data        2600  ws2812.o(.bss.Send_Buffer)
    USER_sysTick                             0x20000c40   Data           8  main.o(.bss.USER_sysTick)
    buttons                                  0x20000c48   Data          96  key_bsp.o(.bss.buttons)
    hdma_tim2_ch1                            0x20000ca8   Data          96  tim.o(.bss.hdma_tim2_ch1)
    hdma_tim5_ch2                            0x20000d08   Data          96  tim.o(.bss.hdma_tim5_ch2)
    hfdcan1                                  0x20000d68   Data         100  fdcan.o(.bss.hfdcan1)
    hfdcan2                                  0x20000dcc   Data         100  fdcan.o(.bss.hfdcan2)
    hfdcan3                                  0x20000e30   Data         100  fdcan.o(.bss.hfdcan3)
    htim2                                    0x20000e94   Data          76  tim.o(.bss.htim2)
    htim5                                    0x20000ee0   Data          76  tim.o(.bss.htim5)
    htim6                                    0x20000f2c   Data          76  tim.o(.bss.htim6)
    htim7                                    0x20000f78   Data          76  tim.o(.bss.htim7)
    huart2                                   0x20000fc4   Data         148  usart.o(.bss.huart2)
    uwTick                                   0x20001058   Data           4  stm32g4xx_hal.o(.bss.uwTick)



==============================================================================

Memory Map of the image

  Image Entry point : 0x080001d9

  Load Region LR_IROM1 (Base: 0x08000000, Size: 0x00008068, Max: 0x00080000, ABSOLUTE)

    Execution Region ER_IROM1 (Exec base: 0x08000000, Load base: 0x08000000, Size: 0x0000802c, Max: 0x00080000, ABSOLUTE)

    Exec Addr    Load Addr    Size         Type   Attr      Idx    E Section Name        Object

    0x08000000   0x08000000   0x000001d8   Data   RO            3    RESET               startup_stm32g474xx.o
    0x080001d8   0x080001d8   0x00000008   Code   RO         1590  * !!!main             c_w.l(__main.o)
    0x080001e0   0x080001e0   0x0000005c   Code   RO         1765    !!!scatter          c_w.l(__scatter.o)
    0x0800023c   0x0800023c   0x0000001a   Code   RO         1769    !!handler_copy      c_w.l(__scatter_copy.o)
    0x08000256   0x08000256   0x00000002   PAD
    0x08000258   0x08000258   0x00000002   Code   RO         1766    !!handler_null      c_w.l(__scatter.o)
    0x0800025a   0x0800025a   0x00000002   PAD
    0x0800025c   0x0800025c   0x0000001c   Code   RO         1771    !!handler_zi        c_w.l(__scatter_zi.o)
    0x08000278   0x08000278   0x00000002   Code   RO         1627    .ARM.Collect$$libinit$$00000000  c_w.l(libinit.o)
    0x0800027a   0x0800027a   0x00000004   Code   RO         1639    .ARM.Collect$$libinit$$00000001  c_w.l(libinit2.o)
    0x0800027e   0x0800027e   0x00000000   Code   RO         1642    .ARM.Collect$$libinit$$00000004  c_w.l(libinit2.o)
    0x0800027e   0x0800027e   0x00000000   Code   RO         1644    .ARM.Collect$$libinit$$00000006  c_w.l(libinit2.o)
    0x0800027e   0x0800027e   0x00000000   Code   RO         1647    .ARM.Collect$$libinit$$0000000C  c_w.l(libinit2.o)
    0x0800027e   0x0800027e   0x00000000   Code   RO         1649    .ARM.Collect$$libinit$$0000000E  c_w.l(libinit2.o)
    0x0800027e   0x0800027e   0x00000000   Code   RO         1651    .ARM.Collect$$libinit$$00000010  c_w.l(libinit2.o)
    0x0800027e   0x0800027e   0x00000000   Code   RO         1654    .ARM.Collect$$libinit$$00000013  c_w.l(libinit2.o)
    0x0800027e   0x0800027e   0x00000000   Code   RO         1656    .ARM.Collect$$libinit$$00000015  c_w.l(libinit2.o)
    0x0800027e   0x0800027e   0x00000000   Code   RO         1658    .ARM.Collect$$libinit$$00000017  c_w.l(libinit2.o)
    0x0800027e   0x0800027e   0x00000000   Code   RO         1660    .ARM.Collect$$libinit$$00000019  c_w.l(libinit2.o)
    0x0800027e   0x0800027e   0x00000000   Code   RO         1662    .ARM.Collect$$libinit$$0000001B  c_w.l(libinit2.o)
    0x0800027e   0x0800027e   0x00000000   Code   RO         1664    .ARM.Collect$$libinit$$0000001D  c_w.l(libinit2.o)
    0x0800027e   0x0800027e   0x00000000   Code   RO         1666    .ARM.Collect$$libinit$$0000001F  c_w.l(libinit2.o)
    0x0800027e   0x0800027e   0x00000000   Code   RO         1668    .ARM.Collect$$libinit$$00000021  c_w.l(libinit2.o)
    0x0800027e   0x0800027e   0x00000000   Code   RO         1670    .ARM.Collect$$libinit$$00000023  c_w.l(libinit2.o)
    0x0800027e   0x0800027e   0x00000000   Code   RO         1672    .ARM.Collect$$libinit$$00000025  c_w.l(libinit2.o)
    0x0800027e   0x0800027e   0x00000000   Code   RO         1674    .ARM.Collect$$libinit$$00000027  c_w.l(libinit2.o)
    0x0800027e   0x0800027e   0x00000000   Code   RO         1678    .ARM.Collect$$libinit$$0000002E  c_w.l(libinit2.o)
    0x0800027e   0x0800027e   0x00000000   Code   RO         1680    .ARM.Collect$$libinit$$00000030  c_w.l(libinit2.o)
    0x0800027e   0x0800027e   0x00000000   Code   RO         1682    .ARM.Collect$$libinit$$00000032  c_w.l(libinit2.o)
    0x0800027e   0x0800027e   0x00000000   Code   RO         1684    .ARM.Collect$$libinit$$00000034  c_w.l(libinit2.o)
    0x0800027e   0x0800027e   0x00000002   Code   RO         1685    .ARM.Collect$$libinit$$00000035  c_w.l(libinit2.o)
    0x08000280   0x08000280   0x00000002   Code   RO         1720    .ARM.Collect$$libshutdown$$00000000  c_w.l(libshutdown.o)
    0x08000282   0x08000282   0x00000000   Code   RO         1748    .ARM.Collect$$libshutdown$$00000002  c_w.l(libshutdown2.o)
    0x08000282   0x08000282   0x00000000   Code   RO         1750    .ARM.Collect$$libshutdown$$00000004  c_w.l(libshutdown2.o)
    0x08000282   0x08000282   0x00000000   Code   RO         1753    .ARM.Collect$$libshutdown$$00000007  c_w.l(libshutdown2.o)
    0x08000282   0x08000282   0x00000000   Code   RO         1756    .ARM.Collect$$libshutdown$$0000000A  c_w.l(libshutdown2.o)
    0x08000282   0x08000282   0x00000000   Code   RO         1758    .ARM.Collect$$libshutdown$$0000000C  c_w.l(libshutdown2.o)
    0x08000282   0x08000282   0x00000000   Code   RO         1761    .ARM.Collect$$libshutdown$$0000000F  c_w.l(libshutdown2.o)
    0x08000282   0x08000282   0x00000002   Code   RO         1762    .ARM.Collect$$libshutdown$$00000010  c_w.l(libshutdown2.o)
    0x08000284   0x08000284   0x00000000   Code   RO         1592    .ARM.Collect$$rtentry$$00000000  c_w.l(__rtentry.o)
    0x08000284   0x08000284   0x00000000   Code   RO         1598    .ARM.Collect$$rtentry$$00000002  c_w.l(__rtentry2.o)
    0x08000284   0x08000284   0x00000006   Code   RO         1610    .ARM.Collect$$rtentry$$00000004  c_w.l(__rtentry4.o)
    0x0800028a   0x0800028a   0x00000000   Code   RO         1600    .ARM.Collect$$rtentry$$00000009  c_w.l(__rtentry2.o)
    0x0800028a   0x0800028a   0x00000004   Code   RO         1601    .ARM.Collect$$rtentry$$0000000A  c_w.l(__rtentry2.o)
    0x0800028e   0x0800028e   0x00000000   Code   RO         1603    .ARM.Collect$$rtentry$$0000000C  c_w.l(__rtentry2.o)
    0x0800028e   0x0800028e   0x00000008   Code   RO         1604    .ARM.Collect$$rtentry$$0000000D  c_w.l(__rtentry2.o)
    0x08000296   0x08000296   0x00000002   Code   RO         1631    .ARM.Collect$$rtexit$$00000000  c_w.l(rtexit.o)
    0x08000298   0x08000298   0x00000000   Code   RO         1691    .ARM.Collect$$rtexit$$00000002  c_w.l(rtexit2.o)
    0x08000298   0x08000298   0x00000004   Code   RO         1692    .ARM.Collect$$rtexit$$00000003  c_w.l(rtexit2.o)
    0x0800029c   0x0800029c   0x00000006   Code   RO         1693    .ARM.Collect$$rtexit$$00000004  c_w.l(rtexit2.o)
    0x080002a2   0x080002a2   0x00000002   PAD
    0x080002a4   0x080002a4   0x00000040   Code   RO            4    .text               startup_stm32g474xx.o
    0x080002e4   0x080002e4   0x000000f0   Code   RO         1584    .text               c_w.l(lludivv7m.o)
    0x080003d4   0x080003d4   0x0000004e   Code   RO         1586    .text               c_w.l(rt_memclr_w.o)
    0x08000422   0x08000422   0x00000006   Code   RO         1588    .text               c_w.l(heapauxi.o)
    0x08000428   0x08000428   0x0000004a   Code   RO         1614    .text               c_w.l(sys_stackheap_outer.o)
    0x08000472   0x08000472   0x00000012   Code   RO         1616    .text               c_w.l(exit.o)
    0x08000484   0x08000484   0x00000008   Code   RO         1628    .text               c_w.l(libspace.o)
    0x0800048c   0x0800048c   0x0000000c   Code   RO         1686    .text               c_w.l(sys_exit.o)
    0x08000498   0x08000498   0x00000002   Code   RO         1709    .text               c_w.l(use_no_semi.o)
    0x0800049a   0x0800049a   0x00000000   Code   RO         1711    .text               c_w.l(indicate_semi.o)
    0x0800049a   0x0800049a   0x00000002   PAD
    0x0800049c   0x0800049c   0x00000004   Code   RO          120    .text.BusFault_Handler  stm32g4xx_it.o
    0x080004a0   0x080004a0   0x000001ae   Code   RO         1475    .text.Button_Function_Execute  key_bsp.o
    0x0800064e   0x0800064e   0x00000002   PAD
    0x08000650   0x08000650   0x00000034   Code   RO         1469    .text.Button_GetState  key_bsp.o
    0x08000684   0x08000684   0x000000b4   Code   RO         1471    .text.Button_Init   key_bsp.o
    0x08000738   0x08000738   0x0000001c   Code   RO         1483    .text.CHALLENGE_BEGIN  key_bsp.o
    0x08000754   0x08000754   0x000000bc   Code   RO         1540    .text.Check_HeartBeat_Timeout  heartbeat.o
    0x08000810   0x08000810   0x0000001c   Code   RO         1479    .text.DEFENSIVE_RESET  key_bsp.o
    0x0800082c   0x0800082c   0x00000010   Code   RO          132    .text.DMA1_Channel1_IRQHandler  stm32g4xx_it.o
    0x0800083c   0x0800083c   0x00000010   Code   RO          134    .text.DMA1_Channel2_IRQHandler  stm32g4xx_it.o
    0x0800084c   0x0800084c   0x00000074   Code   RO          621    .text.DMA_CalcDMAMUXChannelBaseAndMask  stm32g4xx_hal_dma.o
    0x080008c0   0x080008c0   0x0000003c   Code   RO          623    .text.DMA_CalcDMAMUXRequestGenBaseAndMask  stm32g4xx_hal_dma.o
    0x080008fc   0x080008fc   0x0000006e   Code   RO          629    .text.DMA_SetConfig  stm32g4xx_hal_dma.o
    0x0800096a   0x0800096a   0x00000002   PAD
    0x0800096c   0x0800096c   0x00000002   Code   RO          126    .text.DebugMon_Handler  stm32g4xx_it.o
    0x0800096e   0x0800096e   0x00000002   PAD
    0x08000970   0x08000970   0x0000000c   Code   RO          140    .text.EXTI15_10_IRQHandler  stm32g4xx_it.o
    0x0800097c   0x0800097c   0x0000000e   Code   RO           17    .text.Error_Handler  main.o
    0x0800098a   0x0800098a   0x00000002   PAD
    0x0800098c   0x0800098c   0x00000010   Code   RO          136    .text.FDCAN1_IT0_IRQHandler  stm32g4xx_it.o
    0x0800099c   0x0800099c   0x00000010   Code   RO          138    .text.FDCAN1_IT1_IRQHandler  stm32g4xx_it.o
    0x080009ac   0x080009ac   0x00000010   Code   RO          146    .text.FDCAN2_IT0_IRQHandler  stm32g4xx_it.o
    0x080009bc   0x080009bc   0x00000010   Code   RO          148    .text.FDCAN2_IT1_IRQHandler  stm32g4xx_it.o
    0x080009cc   0x080009cc   0x00000086   Code   RO         1562    .text.FDCAN2_Init   fdcan_bsp.o
    0x08000a52   0x08000a52   0x00000002   PAD
    0x08000a54   0x08000a54   0x00000010   Code   RO          150    .text.FDCAN3_IT0_IRQHandler  stm32g4xx_it.o
    0x08000a64   0x08000a64   0x00000010   Code   RO          152    .text.FDCAN3_IT1_IRQHandler  stm32g4xx_it.o
    0x08000a74   0x08000a74   0x00000082   Code   RO         1564    .text.FDCAN3_Init   fdcan_bsp.o
    0x08000af6   0x08000af6   0x00000002   PAD
    0x08000af8   0x08000af8   0x000000d6   Code   RO          173    .text.FDCAN_CalcultateRamBlockAddresses  stm32g4xx_hal_fdcan.o
    0x08000bce   0x08000bce   0x00000002   PAD
    0x08000bd0   0x08000bd0   0x000000b6   Code   RO          233    .text.FDCAN_CopyMessageToRAM  stm32g4xx_hal_fdcan.o
    0x08000c86   0x08000c86   0x00000002   PAD
    0x08000c88   0x08000c88   0x0000011c   Code   RO         1566    .text.FDCAN_SendData  fdcan_bsp.o
    0x08000da4   0x08000da4   0x0000001c   Code   RO         1489    .text.FORCE_INTERRUPT  key_bsp.o
    0x08000dc0   0x08000dc0   0x000000c2   Code   RO          635    .text.HAL_DMA_Abort_IT  stm32g4xx_hal_dma.o
    0x08000e82   0x08000e82   0x00000002   PAD
    0x08000e84   0x08000e84   0x00000156   Code   RO          639    .text.HAL_DMA_IRQHandler  stm32g4xx_hal_dma.o
    0x08000fda   0x08000fda   0x00000002   PAD
    0x08000fdc   0x08000fdc   0x00000156   Code   RO          619    .text.HAL_DMA_Init  stm32g4xx_hal_dma.o
    0x08001132   0x08001132   0x00000002   PAD
    0x08001134   0x08001134   0x000000fc   Code   RO          631    .text.HAL_DMA_Start_IT  stm32g4xx_hal_dma.o
    0x08001230   0x08001230   0x00000042   Code   RO          321    .text.HAL_Delay     stm32g4xx_hal.o
    0x08001272   0x08001272   0x00000002   PAD
    0x08001274   0x08001274   0x0000020a   Code   RO          261    .text.HAL_FDCAN_ActivateNotification  stm32g4xx_hal_fdcan.o
    0x0800147e   0x0800147e   0x00000002   PAD
    0x08001480   0x08001480   0x0000009a   Code   RO          231    .text.HAL_FDCAN_AddMessageToTxFifoQ  stm32g4xx_hal_fdcan.o
    0x0800151a   0x0800151a   0x00000002   PAD
    0x0800151c   0x0800151c   0x000000b6   Code   RO          185    .text.HAL_FDCAN_ConfigFilter  stm32g4xx_hal_fdcan.o
    0x080015d2   0x080015d2   0x00000002   PAD
    0x080015d4   0x080015d4   0x00000066   Code   RO          187    .text.HAL_FDCAN_ConfigGlobalFilter  stm32g4xx_hal_fdcan.o
    0x0800163a   0x0800163a   0x00000002   PAD
    0x0800163c   0x0800163c   0x00000008   Code   RO          287    .text.HAL_FDCAN_ErrorCallback  stm32g4xx_hal_fdcan.o
    0x08001644   0x08001644   0x0000000a   Code   RO          285    .text.HAL_FDCAN_ErrorStatusCallback  stm32g4xx_hal_fdcan.o
    0x0800164e   0x0800164e   0x00000002   PAD
    0x08001650   0x08001650   0x00000230   Code   RO          239    .text.HAL_FDCAN_GetRxMessage  stm32g4xx_hal_fdcan.o
    0x08001880   0x08001880   0x00000008   Code   RO          267    .text.HAL_FDCAN_HighPriorityMessageCallback  stm32g4xx_hal_fdcan.o
    0x08001888   0x08001888   0x000002b8   Code   RO          265    .text.HAL_FDCAN_IRQHandler  stm32g4xx_hal_fdcan.o
    0x08001b40   0x08001b40   0x000002cc   Code   RO          169    .text.HAL_FDCAN_Init  stm32g4xx_hal_fdcan.o
    0x08001e0c   0x08001e0c   0x00000324   Code   RO           58    .text.HAL_FDCAN_MspInit  fdcan.o
    0x08002130   0x08002130   0x0000007e   Code   RO           21    .text.HAL_FDCAN_RxFifo0Callback  main.o
    0x080021ae   0x080021ae   0x00000002   PAD
    0x080021b0   0x080021b0   0x00000044   Code   RO           23    .text.HAL_FDCAN_RxFifo1Callback  main.o
    0x080021f4   0x080021f4   0x0000004a   Code   RO          229    .text.HAL_FDCAN_Start  stm32g4xx_hal_fdcan.o
    0x0800223e   0x0800223e   0x00000002   PAD
    0x08002240   0x08002240   0x00000008   Code   RO          283    .text.HAL_FDCAN_TimeoutOccurredCallback  stm32g4xx_hal_fdcan.o
    0x08002248   0x08002248   0x00000008   Code   RO          281    .text.HAL_FDCAN_TimestampWraparoundCallback  stm32g4xx_hal_fdcan.o
    0x08002250   0x08002250   0x0000000a   Code   RO          269    .text.HAL_FDCAN_TxBufferAbortCallback  stm32g4xx_hal_fdcan.o
    0x0800225a   0x0800225a   0x00000002   PAD
    0x0800225c   0x0800225c   0x0000000a   Code   RO          279    .text.HAL_FDCAN_TxBufferCompleteCallback  stm32g4xx_hal_fdcan.o
    0x08002266   0x08002266   0x00000002   PAD
    0x08002268   0x08002268   0x0000000a   Code   RO          271    .text.HAL_FDCAN_TxEventFifoCallback  stm32g4xx_hal_fdcan.o
    0x08002272   0x08002272   0x00000002   PAD
    0x08002274   0x08002274   0x00000008   Code   RO          277    .text.HAL_FDCAN_TxFifoEmptyCallback  stm32g4xx_hal_fdcan.o
    0x0800227c   0x0800227c   0x00000052   Code   RO           25    .text.HAL_GPIO_EXTI_Callback  main.o
    0x080022ce   0x080022ce   0x00000002   PAD
    0x080022d0   0x080022d0   0x00000038   Code   RO          583    .text.HAL_GPIO_EXTI_IRQHandler  stm32g4xx_hal_gpio.o
    0x08002308   0x08002308   0x00000368   Code   RO          571    .text.HAL_GPIO_Init  stm32g4xx_hal_gpio.o
    0x08002670   0x08002670   0x0000002e   Code   RO          575    .text.HAL_GPIO_ReadPin  stm32g4xx_hal_gpio.o
    0x0800269e   0x0800269e   0x00000002   PAD
    0x080026a0   0x080026a0   0x0000000c   Code   RO          313    .text.HAL_GetTick   stm32g4xx_hal.o
    0x080026ac   0x080026ac   0x0000001a   Code   RO          311    .text.HAL_IncTick   stm32g4xx_hal.o
    0x080026c6   0x080026c6   0x00000002   PAD
    0x080026c8   0x080026c8   0x00000030   Code   RO          301    .text.HAL_Init      stm32g4xx_hal.o
    0x080026f8   0x080026f8   0x00000088   Code   RO          303    .text.HAL_InitTick  stm32g4xx_hal.o
    0x08002780   0x08002780   0x00000048   Code   RO          161    .text.HAL_MspInit   stm32g4xx_hal_msp.o
    0x080027c8   0x080027c8   0x00000014   Code   RO          805    .text.HAL_NVIC_EnableIRQ  stm32g4xx_hal_cortex.o
    0x080027dc   0x080027dc   0x0000002e   Code   RO          797    .text.HAL_NVIC_SetPriority  stm32g4xx_hal_cortex.o
    0x0800280a   0x0800280a   0x00000002   PAD
    0x0800280c   0x0800280c   0x00000010   Code   RO          793    .text.HAL_NVIC_SetPriorityGrouping  stm32g4xx_hal_cortex.o
    0x0800281c   0x0800281c   0x000001b4   Code   RO          714    .text.HAL_PWREx_ControlVoltageScaling  stm32g4xx_hal_pwr_ex.o
    0x080029d0   0x080029d0   0x00000012   Code   RO          784    .text.HAL_PWREx_DisableUCPDDeadBattery  stm32g4xx_hal_pwr_ex.o
    0x080029e2   0x080029e2   0x00000002   PAD
    0x080029e4   0x080029e4   0x00000524   Code   RO          426    .text.HAL_RCCEx_PeriphCLKConfig  stm32g4xx_hal_rcc_ex.o
    0x08002f08   0x08002f08   0x00000326   Code   RO          391    .text.HAL_RCC_ClockConfig  stm32g4xx_hal_rcc.o
    0x0800322e   0x0800322e   0x00000002   PAD
    0x08003230   0x08003230   0x0000000c   Code   RO          399    .text.HAL_RCC_GetHCLKFreq  stm32g4xx_hal_rcc.o
    0x0800323c   0x0800323c   0x00000026   Code   RO          401    .text.HAL_RCC_GetPCLK1Freq  stm32g4xx_hal_rcc.o
    0x08003262   0x08003262   0x00000002   PAD
    0x08003264   0x08003264   0x00000026   Code   RO          403    .text.HAL_RCC_GetPCLK2Freq  stm32g4xx_hal_rcc.o
    0x0800328a   0x0800328a   0x00000002   PAD
    0x0800328c   0x0800328c   0x000000fc   Code   RO          395    .text.HAL_RCC_GetSysClockFreq  stm32g4xx_hal_rcc.o
    0x08003388   0x08003388   0x000007b6   Code   RO          389    .text.HAL_RCC_OscConfig  stm32g4xx_hal_rcc.o
    0x08003b3e   0x08003b3e   0x00000002   PAD
    0x08003b40   0x08003b40   0x00000010   Code   RO          817    .text.HAL_SYSTICK_Config  stm32g4xx_hal_cortex.o
    0x08003b50   0x08003b50   0x00000008   Code   RO         1241    .text.HAL_TIMEx_Break2Callback  stm32g4xx_hal_tim_ex.o
    0x08003b58   0x08003b58   0x00000008   Code   RO         1239    .text.HAL_TIMEx_BreakCallback  stm32g4xx_hal_tim_ex.o
    0x08003b60   0x08003b60   0x00000008   Code   RO         1235    .text.HAL_TIMEx_CommutCallback  stm32g4xx_hal_tim_ex.o
    0x08003b68   0x08003b68   0x00000008   Code   RO         1245    .text.HAL_TIMEx_DirectionChangeCallback  stm32g4xx_hal_tim_ex.o
    0x08003b70   0x08003b70   0x00000008   Code   RO         1243    .text.HAL_TIMEx_EncoderIndexCallback  stm32g4xx_hal_tim_ex.o
    0x08003b78   0x08003b78   0x00000008   Code   RO         1247    .text.HAL_TIMEx_IndexErrorCallback  stm32g4xx_hal_tim_ex.o
    0x08003b80   0x08003b80   0x00000174   Code   RO         1185    .text.HAL_TIMEx_MasterConfigSynchronization  stm32g4xx_hal_tim_ex.o
    0x08003cf4   0x08003cf4   0x00000008   Code   RO         1249    .text.HAL_TIMEx_TransitionErrorCallback  stm32g4xx_hal_tim_ex.o
    0x08003cfc   0x08003cfc   0x000000a8   Code   RO          868    .text.HAL_TIM_Base_Init  stm32g4xx_hal_tim.o
    0x08003da4   0x08003da4   0x000001a6   Code   RO           83    .text.HAL_TIM_Base_MspInit  tim.o
    0x08003f4a   0x08003f4a   0x00000002   PAD
    0x08003f4c   0x08003f4c   0x00000106   Code   RO          882    .text.HAL_TIM_Base_Start_IT  stm32g4xx_hal_tim.o
    0x08004052   0x08004052   0x00000002   PAD
    0x08004054   0x08004054   0x000001fc   Code   RO         1064    .text.HAL_TIM_ConfigClockSource  stm32g4xx_hal_tim.o
    0x08004250   0x08004250   0x00000008   Code   RO         1090    .text.HAL_TIM_ErrorCallback  stm32g4xx_hal_tim.o
    0x08004258   0x08004258   0x00000008   Code   RO         1004    .text.HAL_TIM_IC_CaptureCallback  stm32g4xx_hal_tim.o
    0x08004260   0x08004260   0x00000300   Code   RO         1002    .text.HAL_TIM_IRQHandler  stm32g4xx_hal_tim.o
    0x08004560   0x08004560   0x000000ba   Code   RO           75    .text.HAL_TIM_MspPostInit  tim.o
    0x0800461a   0x0800461a   0x00000002   PAD
    0x0800461c   0x0800461c   0x00000008   Code   RO         1006    .text.HAL_TIM_OC_DelayElapsedCallback  stm32g4xx_hal_tim.o
    0x08004624   0x08004624   0x000001b0   Code   RO         1038    .text.HAL_TIM_PWM_ConfigChannel  stm32g4xx_hal_tim.o
    0x080047d4   0x080047d4   0x000000a8   Code   RO          922    .text.HAL_TIM_PWM_Init  stm32g4xx_hal_tim.o
    0x0800487c   0x0800487c   0x00000008   Code   RO          924    .text.HAL_TIM_PWM_MspInit  stm32g4xx_hal_tim.o
    0x08004884   0x08004884   0x00000008   Code   RO         1008    .text.HAL_TIM_PWM_PulseFinishedCallback  stm32g4xx_hal_tim.o
    0x0800488c   0x0800488c   0x00000008   Code   RO         1086    .text.HAL_TIM_PWM_PulseFinishedHalfCpltCallback  stm32g4xx_hal_tim.o
    0x08004894   0x08004894   0x000004d8   Code   RO          938    .text.HAL_TIM_PWM_Start_DMA  stm32g4xx_hal_tim.o
    0x08004d6c   0x08004d6c   0x00000226   Code   RO          940    .text.HAL_TIM_PWM_Stop_DMA  stm32g4xx_hal_tim.o
    0x08004f92   0x08004f92   0x00000002   PAD
    0x08004f94   0x08004f94   0x00000052   Code   RO           19    .text.HAL_TIM_PeriodElapsedCallback  main.o
    0x08004fe6   0x08004fe6   0x00000002   PAD
    0x08004fe8   0x08004fe8   0x00000008   Code   RO         1012    .text.HAL_TIM_TriggerCallback  stm32g4xx_hal_tim.o
    0x08004ff0   0x08004ff0   0x0000007c   Code   RO         1432    .text.HAL_UARTEx_DisableFifoMode  stm32g4xx_hal_uart_ex.o
    0x0800506c   0x0800506c   0x0000008c   Code   RO         1436    .text.HAL_UARTEx_SetRxFifoThreshold  stm32g4xx_hal_uart_ex.o
    0x080050f8   0x080050f8   0x0000008c   Code   RO         1434    .text.HAL_UARTEx_SetTxFifoThreshold  stm32g4xx_hal_uart_ex.o
    0x08005184   0x08005184   0x000000aa   Code   RO         1262    .text.HAL_UART_Init  stm32g4xx_hal_uart.o
    0x0800522e   0x0800522e   0x00000002   PAD
    0x08005230   0x08005230   0x000000a6   Code   RO          102    .text.HAL_UART_MspInit  usart.o
    0x080052d6   0x080052d6   0x00000002   PAD
    0x080052d8   0x080052d8   0x00000004   Code   RO          116    .text.HardFault_Handler  stm32g4xx_it.o
    0x080052dc   0x080052dc   0x0000001e   Code   RO         1491    .text.INTERRUPT_RESET  key_bsp.o
    0x080052fa   0x080052fa   0x00000002   PAD
    0x080052fc   0x080052fc   0x0000006a   Code   RO           44    .text.MX_DMA_Init   dma.o
    0x08005366   0x08005366   0x00000002   PAD
    0x08005368   0x08005368   0x0000006a   Code   RO           52    .text.MX_FDCAN1_Init  fdcan.o
    0x080053d2   0x080053d2   0x00000002   PAD
    0x080053d4   0x080053d4   0x0000006a   Code   RO           54    .text.MX_FDCAN2_Init  fdcan.o
    0x0800543e   0x0800543e   0x00000002   PAD
    0x08005440   0x08005440   0x0000006a   Code   RO           56    .text.MX_FDCAN3_Init  fdcan.o
    0x080054aa   0x080054aa   0x00000002   PAD
    0x080054ac   0x080054ac   0x0000012c   Code   RO           36    .text.MX_GPIO_Init  gpio.o
    0x080055d8   0x080055d8   0x000000d2   Code   RO           73    .text.MX_TIM2_Init  tim.o
    0x080056aa   0x080056aa   0x00000002   PAD
    0x080056ac   0x080056ac   0x000000d8   Code   RO           77    .text.MX_TIM5_Init  tim.o
    0x08005784   0x08005784   0x0000005c   Code   RO           79    .text.MX_TIM6_Init  tim.o
    0x080057e0   0x080057e0   0x0000005c   Code   RO           81    .text.MX_TIM7_Init  tim.o
    0x0800583c   0x0800583c   0x0000008e   Code   RO          100    .text.MX_USART2_UART_Init  usart.o
    0x080058ca   0x080058ca   0x00000002   PAD
    0x080058cc   0x080058cc   0x00000004   Code   RO          118    .text.MemManage_Handler  stm32g4xx_it.o
    0x080058d0   0x080058d0   0x00000004   Code   RO          114    .text.NMI_Handler   stm32g4xx_it.o
    0x080058d4   0x080058d4   0x0000006c   Code   RO          803    .text.NVIC_EncodePriority  stm32g4xx_hal_cortex.o
    0x08005940   0x08005940   0x0000001c   Code   RO         1477    .text.OFFENSIVE_RESET  key_bsp.o
    0x0800595c   0x0800595c   0x00000002   Code   RO          128    .text.PendSV_Handler  stm32g4xx_it.o
    0x0800595e   0x0800595e   0x00000002   PAD
    0x08005960   0x08005960   0x00000070   Code   RO           15    .text.Peripherals_Init  main.o
    0x080059d0   0x080059d0   0x0000009c   Code   RO          393    .text.RCC_GetSysClockFreqFromPLLSource  stm32g4xx_hal_rcc.o
    0x08005a6c   0x08005a6c   0x00000004   Code   RO         1485    .text.RESERVED1_BEGIN  key_bsp.o
    0x08005a70   0x08005a70   0x00000004   Code   RO         1487    .text.RESERVED2_BEGIN  key_bsp.o
    0x08005a74   0x08005a74   0x00000136   Code   RO         1473    .text.Refresh_Button_State  key_bsp.o
    0x08005baa   0x08005baa   0x00000002   PAD
    0x08005bac   0x08005bac   0x0000017a   Code   RO         1542    .text.Refresh_HeartBeat_Time  heartbeat.o
    0x08005d26   0x08005d26   0x00000002   PAD
    0x08005d28   0x08005d28   0x0000001c   Code   RO         1481    .text.SELF_TEST_BEGIN  key_bsp.o
    0x08005d44   0x08005d44   0x00000002   Code   RO          124    .text.SVC_Handler   stm32g4xx_it.o
    0x08005d46   0x08005d46   0x00000002   PAD
    0x08005d48   0x08005d48   0x0000006e   Code   RO         1517    .text.Set_LED_Group_Color  ws2812.o
    0x08005db6   0x08005db6   0x00000002   PAD
    0x08005db8   0x08005db8   0x00000052   Code   RO          819    .text.SysTick_Config  stm32g4xx_hal_cortex.o
    0x08005e0a   0x08005e0a   0x00000002   PAD
    0x08005e0c   0x08005e0c   0x00000008   Code   RO          130    .text.SysTick_Handler  stm32g4xx_it.o
    0x08005e14   0x08005e14   0x00000074   Code   RO           13    .text.SystemClock_Config  main.o
    0x08005e88   0x08005e88   0x00000012   Code   RO         1455    .text.SystemInit    system_stm32g4xx.o
    0x08005e9a   0x08005e9a   0x00000002   PAD
    0x08005e9c   0x08005e9c   0x00000010   Code   RO          142    .text.TIM6_DAC_IRQHandler  stm32g4xx_it.o
    0x08005eac   0x08005eac   0x00000010   Code   RO          144    .text.TIM7_DAC_IRQHandler  stm32g4xx_it.o
    0x08005ebc   0x08005ebc   0x000001e6   Code   RO          872    .text.TIM_Base_SetConfig  stm32g4xx_hal_tim.o
    0x080060a2   0x080060a2   0x00000002   PAD
    0x080060a4   0x080060a4   0x00000036   Code   RO          906    .text.TIM_CCxChannelCmd  stm32g4xx_hal_tim.o
    0x080060da   0x080060da   0x00000002   PAD
    0x080060dc   0x080060dc   0x000000bc   Code   RO          916    .text.TIM_DMADelayPulseCplt  stm32g4xx_hal_tim.o
    0x08006198   0x08006198   0x00000074   Code   RO          918    .text.TIM_DMADelayPulseHalfCplt  stm32g4xx_hal_tim.o
    0x0800620c   0x0800620c   0x0000009a   Code   RO          892    .text.TIM_DMAError  stm32g4xx_hal_tim.o
    0x080062a6   0x080062a6   0x00000002   PAD
    0x080062a8   0x080062a8   0x00000034   Code   RO         1062    .text.TIM_ETR_SetConfig  stm32g4xx_hal_tim.o
    0x080062dc   0x080062dc   0x00000030   Code   RO         1068    .text.TIM_ITRx_SetConfig  stm32g4xx_hal_tim.o
    0x0800630c   0x0800630c   0x00000174   Code   RO         1016    .text.TIM_OC1_SetConfig  stm32g4xx_hal_tim.o
    0x08006480   0x08006480   0x00000190   Code   RO         1018    .text.TIM_OC2_SetConfig  stm32g4xx_hal_tim.o
    0x08006610   0x08006610   0x0000018e   Code   RO         1020    .text.TIM_OC3_SetConfig  stm32g4xx_hal_tim.o
    0x0800679e   0x0800679e   0x00000002   PAD
    0x080067a0   0x080067a0   0x00000190   Code   RO         1022    .text.TIM_OC4_SetConfig  stm32g4xx_hal_tim.o
    0x08006930   0x08006930   0x000000e2   Code   RO         1024    .text.TIM_OC5_SetConfig  stm32g4xx_hal_tim.o
    0x08006a12   0x08006a12   0x00000002   PAD
    0x08006a14   0x08006a14   0x000000e4   Code   RO         1026    .text.TIM_OC6_SetConfig  stm32g4xx_hal_tim.o
    0x08006af8   0x08006af8   0x00000050   Code   RO         1066    .text.TIM_TI1_ConfigInputStage  stm32g4xx_hal_tim.o
    0x08006b48   0x08006b48   0x00000052   Code   RO         1070    .text.TIM_TI2_ConfigInputStage  stm32g4xx_hal_tim.o
    0x08006b9a   0x08006b9a   0x00000002   PAD
    0x08006b9c   0x08006b9c   0x00000086   Code   RO         1430    .text.UARTEx_SetNbDataToProcess  stm32g4xx_hal_uart_ex.o
    0x08006c22   0x08006c22   0x00000002   PAD
    0x08006c24   0x08006c24   0x00000148   Code   RO         1266    .text.UART_AdvFeatureConfig  stm32g4xx_hal_uart.o
    0x08006d6c   0x08006d6c   0x00000146   Code   RO         1270    .text.UART_CheckIdleState  stm32g4xx_hal_uart.o
    0x08006eb2   0x08006eb2   0x00000002   PAD
    0x08006eb4   0x08006eb4   0x0000009e   Code   RO         1322    .text.UART_EndRxTransfer  stm32g4xx_hal_uart.o
    0x08006f52   0x08006f52   0x00000002   PAD
    0x08006f54   0x08006f54   0x000005e2   Code   RO         1268    .text.UART_SetConfig  stm32g4xx_hal_uart.o
    0x08007536   0x08007536   0x00000002   PAD
    0x08007538   0x08007538   0x0000010c   Code   RO         1284    .text.UART_WaitOnFlagUntilTimeout  stm32g4xx_hal_uart.o
    0x08007644   0x08007644   0x00000004   Code   RO          122    .text.UsageFault_Handler  stm32g4xx_it.o
    0x08007648   0x08007648   0x00000048   Code   RO         1511    .text.WS2812_Append_Reset  ws2812.o
    0x08007690   0x08007690   0x00000256   Code   RO         1515    .text.WS2812_DisPlay_HeartBeat_Error  ws2812.o
    0x080078e6   0x080078e6   0x00000002   PAD
    0x080078e8   0x080078e8   0x00000324   Code   RO         1519    .text.WS2812_Display_Now_Event  ws2812.o
    0x08007c0c   0x08007c0c   0x0000002c   Code   RO         1513    .text.WS2812_NewRound_Send  ws2812.o
    0x08007c38   0x08007c38   0x000001ac   Code   RO         1509    .text.WS2812_Set_Single_Color  ws2812.o
    0x08007de4   0x08007de4   0x00000030   Code   RO          807    .text.__NVIC_EnableIRQ  stm32g4xx_hal_cortex.o
    0x08007e14   0x08007e14   0x00000010   Code   RO          799    .text.__NVIC_GetPriorityGrouping  stm32g4xx_hal_cortex.o
    0x08007e24   0x08007e24   0x00000042   Code   RO          801    .text.__NVIC_SetPriority  stm32g4xx_hal_cortex.o
    0x08007e66   0x08007e66   0x00000002   PAD
    0x08007e68   0x08007e68   0x0000003c   Code   RO          795    .text.__NVIC_SetPriorityGrouping  stm32g4xx_hal_cortex.o
    0x08007ea4   0x08007ea4   0x0000004a   Code   RO           11    .text.main          main.o
    0x08007eee   0x08007eee   0x0000001a   Code   RO         1703    x$fpl$fpinit        fz_wm.l(fpinit.o)
    0x08007f08   0x08007f08   0x00000018   Data   RO         1495    .rodata..L__const.Button_Init.ports  key_bsp.o
    0x08007f20   0x08007f20   0x00000010   Data   RO         1460    .rodata.AHBPrescTable  system_stm32g4xx.o
    0x08007f30   0x08007f30   0x00000008   Data   RO         1461    .rodata.APBPrescTable  system_stm32g4xx.o
    0x08007f38   0x08007f38   0x0000003c   Data   RO         1556    .rodata.Color_Table  color.o
    0x08007f74   0x08007f74   0x00000010   Data   RO          293    .rodata.DLCtoBytes  stm32g4xx_hal_fdcan.o
    0x08007f84   0x08007f84   0x00000008   Data   RO         1447    .rodata.UARTEx_SetNbDataToProcess.denominator  stm32g4xx_hal_uart_ex.o
    0x08007f8c   0x08007f8c   0x00000008   Data   RO         1446    .rodata.UARTEx_SetNbDataToProcess.numerator  stm32g4xx_hal_uart_ex.o
    0x08007f94   0x08007f94   0x00000018   Data   RO         1402    .rodata.UARTPrescTable  stm32g4xx_hal_uart.o
    0x08007fac   0x08007fac   0x00000060   Data   RO         1497    .rodata.buttonActions  key_bsp.o
    0x0800800c   0x0800800c   0x00000020   Data   RO         1764    Region$$Table       anon$$obj.o


    Execution Region RW_IRAM1 (Exec base: 0x20000000, Load base: 0x08008030, Size: 0x00001660, Max: 0x00020000, ABSOLUTE)

    Exec Addr    Load Addr    Size         Type   Attr      Idx    E Section Name        Object

    0x20000000   0x08008030   0x00000006   Data   RW         1498    .data..compoundliteral  key_bsp.o
    0x20000006   0x08008036   0x00000006   Data   RW         1499    .data..compoundliteral.1  key_bsp.o
    0x2000000c   0x0800803c   0x00000006   Data   RW         1500    .data..compoundliteral.2  key_bsp.o
    0x20000012   0x08008042   0x00000006   Data   RW         1501    .data..compoundliteral.3  key_bsp.o
    0x20000018   0x08008048   0x00000006   Data   RW         1526    .data.Button_IDLE   ws2812.o
    0x2000001e   0x0800804e   0x00000001   Data   RW         1548    .data.HeartBeat_Display  heartbeat.o
    0x2000001f   0x0800804f   0x00000001   PAD
    0x20000020   0x08008050   0x00000004   Data   RW         1459    .data.SystemCoreClock  system_stm32g4xx.o
    0x20000024   0x08008054   0x00000001   Data   RW         1493    .data.TxMessage     key_bsp.o
    0x20000025   0x08008055   0x00000001   Data   RW         1530    .data.flowing_col_direction  ws2812.o
    0x20000026   0x08008056   0x00000001   Data   RW         1528    .data.flowing_col_index  ws2812.o
    0x20000027   0x08008057   0x00000001   Data   RW         1529    .data.flowing_direction  ws2812.o
    0x20000028   0x08008058   0x00000001   Data   RW         1527    .data.flowing_index  ws2812.o
    0x20000029   0x08008059   0x00000003   PAD
    0x2000002c   0x0800805c   0x00000004   Data   RW          378    .data.uwTickFreq    stm32g4xx_hal.o
    0x20000030   0x08008060   0x00000004   Data   RW          377    .data.uwTickPrio    stm32g4xx_hal.o
    0x20000034   0x08008064   0x00000004   PAD
    0x20000038        -       0x00000060   Zero   RW         1629    .bss                c_w.l(libspace.o)
    0x20000098        -       0x00000040   Zero   RW         1570    .bss.CAN1_RxData    fdcan_bsp.o
    0x200000d8        -       0x00000028   Zero   RW         1573    .bss.CAN1_RxMessage  fdcan_bsp.o
    0x20000100        -       0x00000040   Zero   RW         1571    .bss.CAN2_RxData    fdcan_bsp.o
    0x20000140        -       0x00000028   Zero   RW         1574    .bss.CAN2_RxMessage  fdcan_bsp.o
    0x20000168        -       0x00000040   Zero   RW         1572    .bss.CAN3_RxData    fdcan_bsp.o
    0x200001a8        -       0x00000028   Zero   RW         1575    .bss.CAN3_RxMessage  fdcan_bsp.o
    0x200001d0        -       0x00000004   Zero   RW         1546    .bss.Event_Flag     heartbeat.o
    0x200001d4        -       0x00000004   Zero   RW           65    .bss.HAL_RCC_FDCAN_CLK_ENABLED  fdcan.o
    0x200001d8        -       0x00000001   Zero   RW         1547    .bss.HeartBeat_Error_Flags  heartbeat.o
    0x200001d9   0x08008064   0x00000007   PAD
    0x200001e0        -       0x00000020   Zero   RW         1544    .bss.Last_HeartBeat_Time  heartbeat.o
    0x20000200        -       0x00000008   Zero   RW         1532    .bss.Last_SelfTest_LED_Refresh_Time  ws2812.o
    0x20000208        -       0x00000008   Zero   RW         1531    .bss.Last_Skill_LED_Refresh_Time  ws2812.o
    0x20000210        -       0x00000008   Zero   RW         1545    .bss.Last_Status_Switch_Time  heartbeat.o
    0x20000218        -       0x00000a28   Zero   RW         1521    .bss.Send_Buffer    ws2812.o
    0x20000c40        -       0x00000008   Zero   RW           27    .bss.USER_sysTick   main.o
    0x20000c48        -       0x00000060   Zero   RW         1494    .bss.buttons        key_bsp.o
    0x20000ca8        -       0x00000060   Zero   RW           91    .bss.hdma_tim2_ch1  tim.o
    0x20000d08        -       0x00000060   Zero   RW           92    .bss.hdma_tim5_ch2  tim.o
    0x20000d68        -       0x00000064   Zero   RW           62    .bss.hfdcan1        fdcan.o
    0x20000dcc        -       0x00000064   Zero   RW           63    .bss.hfdcan2        fdcan.o
    0x20000e30        -       0x00000064   Zero   RW           64    .bss.hfdcan3        fdcan.o
    0x20000e94        -       0x0000004c   Zero   RW           87    .bss.htim2          tim.o
    0x20000ee0        -       0x0000004c   Zero   RW           88    .bss.htim5          tim.o
    0x20000f2c        -       0x0000004c   Zero   RW           89    .bss.htim6          tim.o
    0x20000f78        -       0x0000004c   Zero   RW           90    .bss.htim7          tim.o
    0x20000fc4        -       0x00000094   Zero   RW          106    .bss.huart2         usart.o
    0x20001058        -       0x00000004   Zero   RW          379    .bss.uwTick         stm32g4xx_hal.o
    0x2000105c   0x08008064   0x00000004   PAD
    0x20001060        -       0x00000200   Zero   RW            2    HEAP                startup_stm32g474xx.o
    0x20001260        -       0x00000400   Zero   RW            1    STACK               startup_stm32g474xx.o


==============================================================================

Image component sizes


      Code (inc. data)   RO Data    RW Data    ZI Data      Debug   Object Name

         0          0         60          0          0        610   color.o
       106          0          0          0          0       3939   dma.o
      1122          0          0          0        304       8897   fdcan.o
       548         66          0          0        312       5300   fdcan_bsp.o
       300          0          0          0          0       4651   gpio.o
       566         10          0          1         45       3714   heartbeat.o
      1150          4        120         25         96       4550   key_bsp.o
       674          0          0          0          8       8474   main.o
        64         26        472          0       1536        836   startup_stm32g474xx.o
       288          0          0          8          4       9101   stm32g4xx_hal.o
       478          0          0          0          0      10091   stm32g4xx_hal_cortex.o
      1416          0          0          0          0       7775   stm32g4xx_hal_dma.o
      3482          0         16          0          0      18818   stm32g4xx_hal_fdcan.o
       974          0          0          0          0       5312   stm32g4xx_hal_gpio.o
        72          0          0          0          0       1640   stm32g4xx_hal_msp.o
       454          0          0          0          0       7792   stm32g4xx_hal_pwr_ex.o
      3276          0          0          0          0       9524   stm32g4xx_hal_rcc.o
      1316          0          0          0          0      11704   stm32g4xx_hal_rcc_ex.o
      7436         50          0          0          0      37930   stm32g4xx_hal_tim.o
       428          0          0          0          0      21818   stm32g4xx_hal_tim_ex.o
      2756         48         24          0          0      27411   stm32g4xx_hal_uart.o
       538          0         16          0          0       8895   stm32g4xx_hal_uart_ex.o
       206          0          0          0          0       2257   stm32g4xx_it.o
        18          0         24          4          0       2692   system_stm32g4xx.o
      1218          0          0          0        496      10436   tim.o
       308          0          0          0        148       6649   usart.o
      2056         12          0         10       2616       8209   ws2812.o

    ----------------------------------------------------------------------
     31378        216        764         52       5580     249025   Object Totals
         0          0         32          0          0          0   (incl. Generated)
       128          0          0          4         15          0   (incl. Padding)

    ----------------------------------------------------------------------

      Code (inc. data)   RO Data    RW Data    ZI Data      Debug   Library Member Name

         8          0          0          0          0         68   __main.o
         0          0          0          0          0          0   __rtentry.o
        12          0          0          0          0          0   __rtentry2.o
         6          0          0          0          0          0   __rtentry4.o
        94          8          0          0          0          0   __scatter.o
        26          0          0          0          0          0   __scatter_copy.o
        28          0          0          0          0          0   __scatter_zi.o
        18          0          0          0          0         80   exit.o
         6          0          0          0          0        152   heapauxi.o
         0          0          0          0          0          0   indicate_semi.o
         2          0          0          0          0          0   libinit.o
         6          0          0          0          0          0   libinit2.o
         2          0          0          0          0          0   libshutdown.o
         2          0          0          0          0          0   libshutdown2.o
         8          4          0          0         96         68   libspace.o
       240          0          0          0          0        100   lludivv7m.o
        78          0          0          0          0         80   rt_memclr_w.o
         2          0          0          0          0          0   rtexit.o
        10          0          0          0          0          0   rtexit2.o
        12          4          0          0          0         68   sys_exit.o
        74          0          0          0          0         80   sys_stackheap_outer.o
         2          0          0          0          0         68   use_no_semi.o
        26          0          0          0          0        116   fpinit.o

    ----------------------------------------------------------------------
       670         16          0          0         96        880   Library Totals
         8          0          0          0          0          0   (incl. Padding)

    ----------------------------------------------------------------------

      Code (inc. data)   RO Data    RW Data    ZI Data      Debug   Library Name

       636         16          0          0         96        764   c_w.l
        26          0          0          0          0        116   fz_wm.l

    ----------------------------------------------------------------------
       670         16          0          0         96        880   Library Totals

    ----------------------------------------------------------------------

==============================================================================


      Code (inc. data)   RO Data    RW Data    ZI Data      Debug   

     32048        232        764         52       5676     249233   Grand Totals
     32048        232        764         52       5676     249233   ELF Image Totals
     32048        232        764         52          0          0   ROM Totals

==============================================================================

    Total RO  Size (Code + RO Data)                32812 (  32.04kB)
    Total RW  Size (RW Data + ZI Data)              5728 (   5.59kB)
    Total ROM Size (Code + RO Data + RW Data)      32864 (  32.09kB)

==============================================================================

